Microchip MPLAB XC8 Compiler V1.35 ()

Linker command line:

--edf=C:\Program Files (x86)\Microchip\xc8\v1.35\dat\en_msgs.txt -cs \
  -h+dist/miwikit_pic18f46j50_89xa/production\miwi_p2p_star_FFD.X.production.sym \
  --cmf=dist/miwikit_pic18f46j50_89xa/production\miwi_p2p_star_FFD.X.production.cmf \
  -z -Q18F46J50 -oC:\Users\c17143\AppData\Local\Temp\s9to.2 \
  -Mdist/miwikit_pic18f46j50_89xa/production/miwi_p2p_star_FFD.X.production.map \
  -E1 -ver=XC8 -ASTACK=03D8h-0ebfh -pstack=STACK -ACODE=00h-0FFF7h \
  -ACONST=00h-0FFF7h -ASMALLCONST=0F00h-0FFFhx240,0FF00h-0FFF7h \
  -AMEDIUMCONST=0F00h-0FFF7h -ACOMRAM=01h-05Fh -AABS1=00h-0EBFh \
  -ABIGRAM=01h-0EBFh -ARAM=060h-0FFh,0100h-01FFhx13,0E00h-0EBFh \
  -ABANK0=060h-0FFh -ABANK1=0100h-01FFh -ABANK2=0200h-02FFh \
  -ABANK3=0300h-03FFh -ABANK4=0400h-04FFh -ABANK5=0500h-05FFh \
  -ABANK6=0600h-06FFh -ABANK7=0700h-07FFh -ABANK8=0800h-08FFh \
  -ABANK9=0900h-09FFh -ABANK10=0A00h-0AFFh -ABANK11=0B00h-0BFFh \
  -ABANK12=0C00h-0CFFh -ABANK13=0D00h-0DFFh -ABANK14=0E00h-0EBFh \
  -ASFR=0EC0h-0EFFh,0F00h-0F5Fh,0F60h-0FFFh \
  -preset_vec=00h,intcode=08h,intcodelo=018h,powerup,init,end_init \
  -pramtop=0F00h -psmallconst=SMALLCONST -pmediumconst=MEDIUMCONST \
  -pconst=CONST -AFARRAM=00h-00h -ACONFIG=0FFF8h-0FFFFh -pconfig=CONFIG \
  -pjflash_buffer=0F800h \
  -prdata=COMRAM,nvrram=COMRAM,nvbit=COMRAM,rbss=COMRAM,rbit=COMRAM \
  -pfarbss=FARRAM,fardata=FARRAM,nvFARRAM=FARRAM \
  -pintsave_regs=BIGRAM,bigbss=BIGRAM,bigdata=BIGRAM -pbss=RAM \
  -pidata=CODE,irdata=CODE,ibigdata=CODE,ifardata=CODE -prparam=COMRAM \
  C:\Users\c17143\AppData\Local\Temp\s9to.obj \
  dist/miwikit_pic18f46j50_89xa/production\miwi_p2p_star_FFD.X.production.obj 

Object code version is 3.11

Machine type is 18F46J50

Call graph: (short form)




                Name                               Link     Load   Length Selector   Space Scale
C:\Users\c17143\AppData\Local\Temp\s9to.obj
                end_init                             54       54        4        C       0
                reset_vec                             0        0        4        0       0
                config                             FFF8     FFF8        8     FFF8       0
dist/miwikit_pic18f46j50_89xa/production\miwi_p2p_star_FFD.X.production.obj
                intcodelo                            18       18       3C        C       0
                intcode                               8        8        E        4       0
                temp                                 56       56        1        1       1
                mediumconst                        FC86     FC86      372     7E43       0
                text94                             422E     422E        2        C       0
                text93                             2C5E     2C5E       D0        C       0
                text92                             3AD6     3AD6       4E        C       0
                text91                             41E4     41E4       10        C       0
                text90                             3C4A     3C4A       42        C       0
                text89                             3E3C     3E3C       3A        C       0
                text88                             37DA     37DA       72        C       0
                text87                             3EAC     3EAC       36        C       0
                text86                             26F8     26F8      11E        C       0
                intcode_body                       16E2     16E2      3C0        C       0
                text84                             41D2     41D2       12        C       0
                text83                             3BB8     3BB8       4A        C       0
                text81                             2B8E     2B8E       D0        C       0
                text80                             4172     4172       18        C       0
                text79                             41C0     41C0       12        C       0
                text78                             3FF8     3FF8       2A        C       0
                text77                             404A     404A       28        C       0
                text76                             41AE     41AE       12        C       0
                text75                             3576     3576       80        C       0
                text74                             3B6E     3B6E       4A        C       0
                text73                             3D86     3D86       3E        C       0
                text72                             4098     4098       26        C       0
                text71                             413A     413A       1E        C       0
                text70                              B1C      B1C      71A        C       0
                text69                             3D48     3D48       3E        C       0
                text68                             411C     411C       1E        C       0
                text67                             3D0A     3D0A       3E        C       0
                text66                             422C     422C        2        C       0
                text65                             4226     4226        4        C       0
                text64                             420E     420E        A        C       0
                text63                             346E     346E       88        C       0
                text62                             3EE2     3EE2       34        C       0
                text61                             40DE     40DE       20        C       0
                text60                             4218     4218        6        C       0
                text59                             3A88     3A88       4E        C       0
                text58                             3F78     3F78       2C        C       0
                text57                             21F0     21F0      15E        C       0
                text56                             2ABC     2ABC       D2        C       0
                text55                             3A3A     3A3A       4E        C       0
                text54                             419C     419C       12        C       0
                text53                             3B24     3B24       4A        C       0
                text52                             3C8C     3C8C       40        C       0
                text51                             3764     3764       76        C       0
                text50                             3E00     3E00       3C        C       0
                text49                             25D2     25D2      126        C       0
                text48                             2816     2816       E8        C       0
                text47                             2FC2     2FC2       9E        C       0
                text46                             24A4     24A4      12E        C       0
                text45                             39E0     39E0       5A        C       0
                text44                             3196     3196       98        C       0
                text43                             418A     418A       12        C       0
                text42                             1CB6     1CB6      1F2        C       0
                text41                             35F6     35F6       7E        C       0
                text40                             2F24     2F24       9E        C       0
                text39                             3060     3060       9C        C       0
                text38                             36EC     36EC       78        C       0
                text37                             38BA     38BA       68        C       0
                text36                             1AA2     1AA2      214        C       0
                text35                             1EA8     1EA8      1A6        C       0
                text34                             3FCE     3FCE       2A        C       0
                text33                             33E2     33E2       8C        C       0
                text32                             3FA4     3FA4       2A        C       0
                text31                             2D2E     2D2E       AC        C       0
                text30                             3E76     3E76       36        C       0
                text29                             3674     3674       78        C       0
                text28                             29E0     29E0       DC        C       0
                text27                               58       58      AC4        C       0
                text26                             4202     4202        C        C       0
                text25                             234E     234E      156        C       0
                text24                             3F16     3F16       32        C       0
                text23                             30FC     30FC       9A        C       0
                text22                             3F48     3F48       30        C       0
                text21                             2E82     2E82       A2        C       0
                text20                             204E     204E      1A2        C       0
                text19                             3DC4     3DC4       3C        C       0
                text18                             34F6     34F6       80        C       0
                text17                             40BE     40BE       20        C       0
                text16                             322E     322E       94        C       0
                text15                             3352     3352       90        C       0
                text14                             3984     3984       5C        C       0
                text13                             32C2     32C2       90        C       0
                text12                             3CCC     3CCC       3E        C       0
                text11                             41F4     41F4        E        C       0
                text10                             384C     384C       6E        C       0
                text9                              3C02     3C02       48        C       0
                text8                              4022     4022       28        C       0
                text7                              1236     1236      4AC        C       0
                text6                              4222     4222        4        C       0
                text5                              28FE     28FE       E2        C       0
                text4                              2DDA     2DDA       A8        C       0
                text3                              421E     421E        4        C       0
                text2                              4158     4158       1A        C       0
                text1                              4072     4072       26        C       0
                text0                              40FE     40FE       1E        C       0
                cstackCOMRAM                          1        1       2E        1       1
                cstackBANK0                          60       60       79       60       1
                cstackBANK1                         1E7      1E7       14      100       1
                cstackBANK2                         2AA      2AA       13      200       1
                bssBANK3                            300      300       D8      300       1
                bssBANK2                            200      200       AA      200       1
                bssBANK1                            100      100       E7      100       1
                dataBANK0                            E8       E8        2       60       1
                bssBANK0                             D9       D9        F       60       1
                bssCOMRAM                            2F       2F       27        1       1
                cinit                              3922     3922       62        C       0
                idataBANK0                         422A     422A        2        C       0

TOTAL           Name                               Link     Load   Length     Space
        CLASS   STACK          

        CLASS   CODE           
                end_init                             54       54        4         0
                intcodelo                            18       18       3C         0
                intcode                               8        8        E         0
                reset_vec                             0        0        4         0
                text94                             422E     422E        2         0
                text93                             2C5E     2C5E       D0         0
                text92                             3AD6     3AD6       4E         0
                text91                             41E4     41E4       10         0
                text90                             3C4A     3C4A       42         0
                text89                             3E3C     3E3C       3A         0
                text88                             37DA     37DA       72         0
                text87                             3EAC     3EAC       36         0
                text86                             26F8     26F8      11E         0
                intcode_body                       16E2     16E2      3C0         0
                text84                             41D2     41D2       12         0
                text83                             3BB8     3BB8       4A         0
                text81                             2B8E     2B8E       D0         0
                text80                             4172     4172       18         0
                text79                             41C0     41C0       12         0
                text78                             3FF8     3FF8       2A         0
                text77                             404A     404A       28         0
                text76                             41AE     41AE       12         0
                text75                             3576     3576       80         0
                text74                             3B6E     3B6E       4A         0
                text73                             3D86     3D86       3E         0
                text72                             4098     4098       26         0
                text71                             413A     413A       1E         0
                text70                              B1C      B1C      71A         0
                text69                             3D48     3D48       3E         0
                text68                             411C     411C       1E         0
                text67                             3D0A     3D0A       3E         0
                text66                             422C     422C        2         0
                text65                             4226     4226        4         0
                text64                             420E     420E        A         0
                text63                             346E     346E       88         0
                text62                             3EE2     3EE2       34         0
                text61                             40DE     40DE       20         0
                text60                             4218     4218        6         0
                text59                             3A88     3A88       4E         0
                text58                             3F78     3F78       2C         0
                text57                             21F0     21F0      15E         0
                text56                             2ABC     2ABC       D2         0
                text55                             3A3A     3A3A       4E         0
                text54                             419C     419C       12         0
                text53                             3B24     3B24       4A         0
                text52                             3C8C     3C8C       40         0
                text51                             3764     3764       76         0
                text50                             3E00     3E00       3C         0
                text49                             25D2     25D2      126         0
                text48                             2816     2816       E8         0
                text47                             2FC2     2FC2       9E         0
                text46                             24A4     24A4      12E         0
                text45                             39E0     39E0       5A         0
                text44                             3196     3196       98         0
                text43                             418A     418A       12         0
                text42                             1CB6     1CB6      1F2         0
                text41                             35F6     35F6       7E         0
                text40                             2F24     2F24       9E         0
                text39                             3060     3060       9C         0
                text38                             36EC     36EC       78         0
                text37                             38BA     38BA       68         0
                text36                             1AA2     1AA2      214         0
                text35                             1EA8     1EA8      1A6         0
                text34                             3FCE     3FCE       2A         0
                text33                             33E2     33E2       8C         0
                text32                             3FA4     3FA4       2A         0
                text31                             2D2E     2D2E       AC         0
                text30                             3E76     3E76       36         0
                text29                             3674     3674       78         0
                text28                             29E0     29E0       DC         0
                text27                               58       58      AC4         0
                text26                             4202     4202        C         0
                text25                             234E     234E      156         0
                text24                             3F16     3F16       32         0
                text23                             30FC     30FC       9A         0
                text22                             3F48     3F48       30         0
                text21                             2E82     2E82       A2         0
                text20                             204E     204E      1A2         0
                text19                             3DC4     3DC4       3C         0
                text18                             34F6     34F6       80         0
                text17                             40BE     40BE       20         0
                text16                             322E     322E       94         0
                text15                             3352     3352       90         0
                text14                             3984     3984       5C         0
                text13                             32C2     32C2       90         0
                text12                             3CCC     3CCC       3E         0
                text11                             41F4     41F4        E         0
                text10                             384C     384C       6E         0
                text9                              3C02     3C02       48         0
                text8                              4022     4022       28         0
                text7                              1236     1236      4AC         0
                text6                              4222     4222        4         0
                text5                              28FE     28FE       E2         0
                text4                              2DDA     2DDA       A8         0
                text3                              421E     421E        4         0
                text2                              4158     4158       1A         0
                text1                              4072     4072       26         0
                text0                              40FE     40FE       1E         0
                cinit                              3922     3922       62         0
                idataBANK0                         422A     422A        2         0

        CLASS   CONST          

        CLASS   SMALLCONST     

        CLASS   MEDIUMCONST    
                mediumconst                        FC86     FC86      372         0

        CLASS   COMRAM         
                temp                                 56       56        1         1
                cstackCOMRAM                          1        1       2E         1
                bssCOMRAM                            2F       2F       27         1

        CLASS   ABS1           

        CLASS   BIGRAM         

        CLASS   RAM            

        CLASS   BANK0          
                cstackBANK0                          60       60       79         1
                dataBANK0                            E8       E8        2         1
                bssBANK0                             D9       D9        F         1

        CLASS   BANK1          
                cstackBANK1                         1E7      1E7       14         1
                bssBANK1                            100      100       E7         1

        CLASS   BANK2          
                cstackBANK2                         2AA      2AA       13         1
                bssBANK2                            200      200       AA         1

        CLASS   BANK3          
                bssBANK3                            300      300       D8         1

        CLASS   BANK4          

        CLASS   BANK5          

        CLASS   BANK6          

        CLASS   BANK7          

        CLASS   BANK8          

        CLASS   BANK9          

        CLASS   BANK10         

        CLASS   BANK11         

        CLASS   BANK12         

        CLASS   BANK13         

        CLASS   BANK14         

        CLASS   SFR            

        CLASS   FARRAM         

        CLASS   CONFIG         
                config                             FFF8     FFF8        8         0

        CLASS   IDLOC          



SEGMENTS        Name                           Load    Length   Top    Selector   Space  Class

                reset_vec                      000000  000004  000004         0       0  CODE    
                cstackCOMRAM                   000001  000056  000057         1       1  COMRAM  
                intcode                        000008  00000E  000016         4       0  CODE    
                intcodelo                      000018  004218  004230         C       0  CODE    
                cstackBANK0                    000060  00008A  0000EA        60       1  BANK0   
                bssBANK1                       000100  0000FB  0001FB       100       1  BANK1   
                bssBANK2                       000200  0000BD  0002BD       200       1  BANK2   
                bssBANK3                       000300  0000D8  0003D8       300       1  BANK3   
                mediumconst                    00FC86  000372  00FFF8      7E43       0  MEDIUMCO
                config                         00FFF8  000008  010000      FFF8       0  CONFIG  


UNUSED ADDRESS RANGES

        Name                Unused          Largest block    Delta
        BANK0            000EA-000FF              16
        BANK1            001FB-001FF               5
        BANK10           00A00-00AFF             100
        BANK11           00B00-00BFF             100
        BANK12           00C00-00CFF             100
        BANK13           00D00-00DFF             100
        BANK14           00E00-00EBF              C0
        BANK2            002BD-002FF              43
        BANK3            003D8-003FF              28
        BANK4            00400-004FF             100
        BANK5            00500-005FF             100
        BANK6            00600-006FF             100
        BANK7            00700-007FF             100
        BANK8            00800-008FF             100
        BANK9            00900-009FF             100
        BIGRAM           00057-0005F               9
                         000EA-000FF              16
                         001FB-001FF               5
                         002BD-002FF              43
                         003D8-00EBF             AE8
        CODE             00004-00007               4
                         00016-00017               2
                         04230-0FC85            BA56
        COMRAM           00057-0005F               9
        CONST            00004-00007               4
                         00016-00017               2
                         04230-0FC85            BA56
        MEDIUMCONST      04230-0FC85            BA56
        RAM              000EA-000FF              16
                         001FB-001FF               5
                         002BD-002FF              43
                         003D8-00EBF             100
        SFR              00EC0-00FFF              60
        SMALLCONST       04230-0FC85             100
        STACK            003D8-00EBF             AE8

                                  Symbol Table

?_MiWi_TickGet                                 cstackBANK0   00076
?___awdiv                                      cstackBANK0   00076
?___awmod                                      cstackBANK0   00076
?___lwdiv                                      cstackBANK0   00076
?___lwmod                                      cstackBANK0   0007D
?___wmul                                       cstackBANK0   00076
?_sprintf                                      cstackBANK0   00082
?i2_MiWi_TickGet                               cstackCOMRAM  00001
AddConnection@connectionSlot                   cstackBANK0   00083
AddConnection@i                                cstackBANK0   00084
AddConnection@status                           cstackBANK0   00082
ButtonPressed@t                                cstackBANK0   00084
ButtonPressed@tickDifference                   cstackBANK0   00080
DELAY_10us@cyclesRequiredForEntireDelay        cstackBANK0   00082
DELAY_10us@tenMicroSecondCounter               cstackBANK0   00076
DELAY_ms@cyclesRequiredForEntireDelay          cstackBANK0   00080
DELAY_ms@ms                                    cstackBANK0   00076
DemoOutput_Channel@Step                        cstackBANK0   000AA
DemoOutput_Channel@channel                     cstackBANK0   000AB
DemoOutput_UpdateTxRx@RxNum                    cstackBANK0   000A7
DemoOutput_UpdateTxRx@TxNum                    cstackBANK0   000A8
EEPROM_Read@addr                               cstackBANK0   00079
EEPROM_Read@count                              cstackBANK0   0007A
EEPROM_Read@dest                               cstackBANK0   00077
EEPROM_Write@PageCounter                       cstackBANK0   0007D
EEPROM_Write@addr                              cstackBANK0   00079
EEPROM_Write@count                             cstackBANK0   0007A
EEPROM_Write@dest                              cstackBANK0   00077
EEPROM_Write@oldRFIE                           cstackBANK0   0007C
Find_InActiveDevices@i                         cstackBANK0   000B4
Find_Index@DestAddr                            cstackBANK0   00076
Find_Index@i                                   cstackBANK0   0007A
Forward_Packet_PANCr_to_EDy@EDxAddress         cstackBANK0   000C2
Forward_Packet_PANCr_to_EDy@fw_payload         cstackBANK0   000BF
Forward_Packet_PANCr_to_EDy@i                  cstackBANK0   000C5
Forward_Packet_PANCr_to_EDy@index              cstackBANK0   000C1
Forward_Packet_PANCr_to_EDy@status             cstackBANK0   000C4
IndirectPacket@Broadcast                       cstackBANK0   00086
IndirectPacket@DestinationAddress              cstackBANK0   00080
IndirectPacket@SecurityEnabled                 cstackBANK0   00083
IndirectPacket@i                               cstackBANK0   00088
IndirectPacket@isCommand                       cstackBANK0   00082
IndirectPacket@j                               cstackBANK0   00089
IndirectPacket@k                               cstackBANK0   00087
Initialize_Demo@freezer_enable                 cstackBANK0   000D3
LCDDisplay@delay                               cstackBANK0   000A8
LCDDisplay@i                                   cstackBANK0   000A9
LCDDisplay@text                                cstackBANK0   000A5
LCDDisplay@value                               cstackBANK0   000A7
LCDTRXCount@rxCount                            cstackBANK0   000A5
LCDTRXCount@txCount                            cstackBANK0   000A6
LCD_Update@i                                   cstackBANK0   00078
LCD_WriteCmd@data                              cstackBANK0   00077
LCD_WriteData@data                             cstackBANK0   00077
MiApp_BroadcastConnectionTable@broadcast_count cstackBANK0   000B5
MiApp_BroadcastConnectionTable@count           cstackBANK0   000B4
MiApp_BroadcastConnectionTable@i               cstackBANK0   000B7
MiApp_BroadcastConnectionTable@j               cstackBANK0   000B8
MiApp_BroadcastConnectionTable@k               cstackBANK0   000B6
MiApp_BroadcastPacket@SecEn                    cstackBANK0   000AD
MiApp_BroadcastPacket@i                        cstackBANK0   000AE
MiApp_ConnectionMode@Mode                      cstackBANK0   0007F
MiApp_EstablishConnection@Mode                 cstackBANK0   000CE
MiApp_EstablishConnection@connectionInterval   cstackBANK2   002B0
MiApp_EstablishConnection@i                    cstackBANK2   002B5
MiApp_EstablishConnection@retry                cstackBANK2   002AB
MiApp_EstablishConnection@t1                   cstackBANK2   002AC
MiApp_EstablishConnection@t2                   cstackBANK2   002B1
MiApp_EstablishConnection@tmpConnectionMode    cstackBANK2   002AA
MiApp_ProtocolInit@bNetworkFreezer             cstackBANK0   00088
MiApp_ProtocolInit@i                           cstackBANK0   0008C
MiApp_ProtocolInit@initValue                   cstackBANK0   00089
MiApp_RemoveConnection@ConnectionIndex         cstackBANK0   000B1
MiApp_RemoveConnection@i                       cstackBANK0   000B2
MiApp_RemoveConnection@j                       cstackBANK0   000AD
MiApp_RemoveConnection@j_1610                  cstackBANK0   000AF
MiApp_SetChannel@channel                       cstackBANK0   0007F
MiApp_StartConnection@ChannelMap               cstackBANK0   00081
MiApp_StartConnection@Mode                     cstackBANK0   00085
MiApp_StartConnection@ScanDuration             cstackBANK0   00080
MiApp_UnicastAddress@DestinationAddress        cstackBANK0   000AD
MiApp_UnicastAddress@PermanentAddr             cstackBANK0   000AF
MiApp_UnicastAddress@SecEn                     cstackBANK0   000B0
MiApp_UnicastAddress@i                         cstackBANK0   000B1
MiApp_UnicastConnection@ConnectionIndex        cstackBANK0   000BD
MiApp_UnicastConnection@SecEn                  cstackBANK0   000B2
MiApp_UnicastConnection@address                cstackBANK0   000B5
MiApp_UnicastConnection@i                      cstackBANK0   000BE
MiApp_UnicastStar@SecEn                        cstackBANK2   002B2
MiApp_UnicastStar@t1                           cstackBANK2   002AA
MiApp_UnicastStar@t2                           cstackBANK2   002AE
MiMAC_Init@i                                   cstackBANK0   00087
MiMAC_Init@initValue                           cstackBANK0   00084
MiMAC_ReceivedPacket@PayloadIndex              cstackBANK0   0008C
MiMAC_ReceivedPacket@currentTick               cstackBANK0   00088
MiMAC_ReceivedPacket@i                         cstackBANK0   0008D
MiMAC_SendPacket@MACPayload                    cstackBANK0   0009D
MiMAC_SendPacket@MACPayloadLen                 cstackBANK0   0009F
MiMAC_SendPacket@TxIndex                       cstackBANK0   000A1
MiMAC_SendPacket@i                             cstackBANK0   000A2
MiMAC_SendPacket@transParam                    cstackBANK0   0009A
MiMAC_SetChannel@channel                       cstackBANK0   0007E
MiMAC_SetChannel@offsetFreq                    cstackBANK0   0007C
MiWi_TickGet@currentTime                       cstackBANK0   0007C
MiWi_TickGet@failureCounter                    cstackBANK0   0007B
NVMInit@result                                 cstackBANK0   0007C
NVMalloc@location                              cstackBANK0   00078
NVMalloc@size                                  cstackBANK0   00076
P2PTasks@FW_Stat                               cstackBANK1   001E7
P2PTasks@final_index                           cstackBANK1   001F0
P2PTasks@i                                     cstackBANK1   001FA
P2PTasks@isCommand                             cstackBANK1   001F1
P2PTasks@j                                     cstackBANK1   001F9
P2PTasks@p                                     cstackBANK1   001F6
P2PTasks@p_1412                                cstackBANK1   001F7
P2PTasks@status                                cstackBANK1   001F8
P2PTasks@tick2                                 cstackBANK1   001E8
P2PTasks@tick3                                 cstackBANK1   001F2
P2PTasks@tmpTick                               cstackBANK1   001EC
Process_RxMessage@User_data_status             cstackBANK0   000CE
Read_MAC_Address@i                             cstackBANK0   0007F
Read_MAC_Address@myAddress                     cstackBANK0   0007B
RegisterRead@IRQ0select                        cstackBANK0   0007A
RegisterRead@IRQ1select                        cstackBANK0   00079
RegisterRead@address                           cstackBANK0   00077
RegisterRead@value                             cstackBANK0   00078
RegisterSet@IRQ0select                         cstackBANK0   0007A
RegisterSet@IRQ1select                         cstackBANK0   00079
RegisterSet@setting                            cstackBANK0   00077
SPI1_Exchange8bit@data                         cstackBANK0   00076
SPIPut2@v                                      cstackBANK0   00076
STAR_DEMO_OPTIONS_MESSAGE@NetworkRole          cstackBANK0   000AA
SW_Ack_SrED@Dest_Addr                          cstackBANK0   000AD
SendPacket@Broadcast                           cstackBANK0   000A9
SendPacket@DestinationAddress                  cstackBANK0   000A3
SendPacket@SecurityEnabled                     cstackBANK0   000A6
SendPacket@isCommand                           cstackBANK0   000A5
SendPacket@status                              cstackBANK0   000A8
SendPacket@tParam                              cstackBANK0   000AA
SetRFMode@mode                                 cstackBANK0   0007B
Source_END_DEVICE_INFO@SrAddr                  cstackBANK0   000A5
StartChannelHopping@OptimalChannel             cstackBANK0   000B9
StartChannelHopping@i                          cstackBANK0   000BA
StartChannelHopping@t1                         cstackBANK0   000B1
StartChannelHopping@t2                         cstackBANK0   000B5
Total_Connections@count                        cstackBANK0   00076
Total_Connections@i                            cstackBANK0   00077
TxPacket@CCA                                   cstackBANK0   00086
TxPacket@CCARetries                            cstackBANK0   00093
TxPacket@TxPacketLen                           cstackBANK0   00098
TxPacket@allowedTxFailure                      cstackBANK0   00095
TxPacket@i                                     cstackBANK0   00099
TxPacket@reTry                                 cstackBANK0   00094
TxPacket@rssival                               cstackBANK0   00096
TxPacket@status                                cstackBANK0   00097
TxPacket@t1                                    cstackBANK0   0008B
TxPacket@t2                                    cstackBANK0   0008F
WriteFIFO@Data                                 cstackBANK0   00077
WriteFIFO@IRQ0select                           cstackBANK0   00079
WriteFIFO@IRQ1select                           cstackBANK0   00078
_ANCON0                                        (abs)         00F48
_ANCON1                                        (abs)         00F49
_AckInfo                                       bssBANK2      00200
_AddConnection                                 text57        021F0
_AdditionalNodeID                              dataBANK0     000E8
_ButtonPressed                                 text15        03352
_ConnMode                                      dataBANK0     000E9
_ConnectionTable                               bssBANK2      0021E
_DELAY_10us                                    text56        02ABC
_DELAY_ms                                      text81        02B8E
_DemoOutput_Channel                            text67        03D0A
_DemoOutput_ChannelError                       text66        0422C
_DemoOutput_Greeting                           text68        0411C
_DemoOutput_UnicastFail                        text43        0418A
_DemoOutput_UpdateTxRx                         text11        041F4
_EECON2                                        (abs)         00FA7
_EEPROM_Read                                   text24        03F16
_EEPROM_Write                                  text63        0346E
_END_DEVICES_Short_Address                     bssBANK1      00137
_Find_InActiveDevices                          text45        039E0
_Find_Index                                    text44        03196
_Forward_Packet_PANCr_to_EDy                   text39        03060
_INTCON2bits                                   (abs)         00FF1
_INTCON3bits                                   (abs)         00FF0
_INTCONbits                                    (abs)         00FF2
_IRQ1_Received                                 bssBANK0      000D9
_IndirectPacket                                text42        01CB6
_InitConfigRegs                                mediumconst   0FD05
_Initialize_Demo                               text16        0322E
_LATAbits                                      (abs)         00F89
_LATCbits                                      (abs)         00F8B
_LATDbits                                      (abs)         00F8C
_LATEbits                                      (abs)         00F8D
_LCDDisplay                                    text69        03D48
_LCDTRXCount                                   text12        03CCC
_LCDText                                       bssBANK1      001B8
_LCD_Erase                                     text77        0404A
_LCD_Initialize                                text5         028FE
_LCD_Update                                    text75        03576
_LCD_WriteCmd                                  text79        041C0
_LCD_WriteData                                 text76        041AE
_LatestConnection                              bssBANK0      000DA
_MACInitParams                                 bssCOMRAM     00039
_MACRxPacket                                   bssBANK1      00173
_MACSeq                                        bssCOMRAM     0003E
_MACTxBuffer                                   bssBANK1      00100
_MacroNop                                      text65        04226
_MiApp_BroadcastConnectionTable                text36        01AA2
_MiApp_BroadcastPacket                         text14        03984
_MiApp_ConnectionMode                          text62        03EE2
_MiApp_DiscardMessage                          text60        04218
_MiApp_EstablishConnection                     text25        0234E
_MiApp_MessageAvailable                        text26        04202
_MiApp_ProtocolInit                            text20        0204E
_MiApp_RemoveConnection                        text46        024A4
_MiApp_SetChannel                              text32        03FA4
_MiApp_StartConnection                         text19        03DC4
_MiApp_UnicastAddress                          text41        035F6
_MiApp_UnicastConnection                       text40        02F24
_MiApp_UnicastStar                             text13        032C2
_MiMAC_DiscardPacket                           text61        040DE
_MiMAC_Init                                    text23        030FC
_MiMAC_ReceivedPacket                          text35        01EA8
_MiMAC_SendPacket                              text48        02816
_MiMAC_SetChannel                              text33        033E2
_MiWi                                          mediumconst   0FC87
_MiWi_TickGet                                  text55        03A3A
_MyindexinPC                                   bssCOMRAM     0003F
_NVMInit                                       text21        02E82
_NVMalloc                                      text22        03F48
_OSCCON                                        (abs)         00FD3
_OSCTUNEbits                                   (abs)         00F9B
_P2PCapacityInfo                               bssBANK0      000DB
_P2PStatus                                     bssBANK0      000DC
_P2PTasks                                      text27        00058
_PIE1bits                                      (abs)         00F9D
_PIR1bits                                      (abs)         00F9E
_PIR3bits                                      (abs)         00FA4
_PORTBbits                                     (abs)         00F81
_PPSCONbits                                    (abs)         00EFF
_PUSH_BUTTON_press_time                        bssBANK1      0017B
_PUSH_BUTTON_pressed                           bssCOMRAM     00040
_PVALUE                                        mediumconst   0FD45
_Process_RxMessage                             text9         03C02
_RF_Mode                                       bssBANK0      000DD
_RPINR1                                        (abs)         00EE7
_RPINR21                                       (abs)         00EFB
_RPOR19                                        (abs)         00ED9
_RPOR21                                        (abs)         00EDB
_RSSILock                                      bssCOMRAM     00041
_RSSIVal                                       bssCOMRAM     00042
_Read_MAC_Address                              text18        034F6
_ReceivedBankIndex                             bssBANK0      000DE
_RegisterRead                                  text53        03B24
_RegisterSet                                   text52        03C8C
_Run_Demo                                      text6         04222
_RxNum                                         bssCOMRAM     00043
_RxPacket                                      bssBANK3      00300
_SPI1_Exchange8bit                             text54        0419C
_SPIGet2                                       text64        0420E
_SPIPut2                                       text80        04172
_SSP1BUF                                       (abs)         00FC9
_SSP1CON1                                      (abs)         00FC6
_SSP1CON1bits                                  (abs)         00FC6
_SSP1STAT                                      (abs)         00FC7
_SSP1STATbits                                  (abs)         00FC7
_SSP2BUF                                       (abs)         00F75
_SSP2CON1                                      (abs)         00F72
_SSP2CON1bits                                  (abs)         00F72
_SSP2STAT                                      (abs)         00F73
_STAR_DEMO_OPTIONS_MESSAGE                     text17        040BE
_SVALUE                                        mediumconst   0FD65
_SW_Ack_SrED                                   text34        03FCE
_SYSTEM_Initialize                             text4         02DDA
_SendPacket                                    text47        02FC2
_SetRFMode                                     text51        03764
_Source_END_DEVICE_INFO                        text10        0384C
_StartChannelHopping                           text31        02D2E
_T1CON                                         (abs)         00FCD
_T1CONbits                                     (abs)         00FCD
_T1GCON                                        (abs)         00F9A
_TMR0L                                         (abs)         00FD6
_TMR1                                          (abs)         00FCE
_TMR1H                                         (abs)         00FCF
_TMR1L                                         (abs)         00FCE
_TMR1_Initialize                               text2         04158
_TMR1_StartTimer                               text3         0421E
_TRISAbits                                     (abs)         00F92
_TRISBbits                                     (abs)         00F93
_TRISCbits                                     (abs)         00F94
_TRISDbits                                     (abs)         00F95
_TRISEbits                                     (abs)         00F96
_Total_Connections                             text59        03A88
_TxBuffer                                      bssBANK1      00195
_TxData                                        bssBANK0      000DF
_TxMACSeq                                      bssCOMRAM     00044
_TxNum                                         bssCOMRAM     00045
_TxPacket                                      text49        025D2
_TxSynCount                                    bssCOMRAM     00046
_UserInterruptHandler                          text94        0422E
_WDTCONbits                                    (abs)         00FC0
_WriteFIFO                                     text50        03E00
__CFG_CPUDIV$OSC3_PLL3                         (abs)         00000
__CFG_OSC$INTOSCPLL                            (abs)         00000
__CFG_PLLDIV$2                                 (abs)         00000
__CFG_WDTEN$OFF                                (abs)         00000
__CFG_WDTPS$2048                               (abs)         00000
__CFG_XINST$OFF                                (abs)         00000
__HRAM                                         (abs)         00000
__Habs1                                        abs1          00000
__Hbank0                                       bank0         00000
__Hbank1                                       bank1         00000
__Hbank10                                      bank10        00000
__Hbank11                                      bank11        00000
__Hbank12                                      bank12        00000
__Hbank13                                      bank13        00000
__Hbank14                                      bank14        00000
__Hbank2                                       bank2         00000
__Hbank3                                       bank3         00000
__Hbank4                                       bank4         00000
__Hbank5                                       bank5         00000
__Hbank6                                       bank6         00000
__Hbank7                                       bank7         00000
__Hbank8                                       bank8         00000
__Hbank9                                       bank9         00000
__Hbigbss                                      bigbss        00000
__Hbigdata                                     bigdata       00000
__Hbigram                                      bigram        00000
__Hbss                                         bss           00000
__HbssBANK0                                    bssBANK0      00000
__HbssBANK1                                    bssBANK1      00000
__HbssBANK2                                    bssBANK2      00000
__HbssBANK3                                    bssBANK3      00000
__HbssCOMRAM                                   bssCOMRAM     00000
__Hcinit                                       cinit         00000
__Hclrtext                                     clrtext       00000
__Hcomram                                      comram        00000
__Hconfig                                      config        10000
__Hconst                                       const         00000
__HcstackBANK0                                 cstackBANK0   00000
__HcstackBANK1                                 cstackBANK1   00000
__HcstackBANK2                                 cstackBANK2   00000
__HcstackCOMRAM                                cstackCOMRAM  00000
__Hdata                                        data          00000
__HdataBANK0                                   dataBANK0     00000
__Hend_init                                    end_init      00058
__Hfarbss                                      farbss        00000
__Hfardata                                     fardata       00000
__Hibigdata                                    ibigdata      00000
__Hidata                                       idata         00000
__HidataBANK0                                  idataBANK0    00000
__Hidloc                                       idloc         00000
__Hifardata                                    ifardata      00000
__Hinit                                        init          00054
__Hintcode                                     intcode       00016
__Hintcode_body                                intcode_body  00000
__Hintcodelo                                   intcodelo     00054
__Hintentry                                    intentry      00000
__Hintret                                      intret        00000
__Hintsave_regs                                intsave_regs  00000
__Hirdata                                      irdata        00000
__Hjflash_buffer                               jflash_buffer 0F800
__Hmediumconst                                 mediumconst   0FFF8
__HnvFARRAM                                    nvFARRAM      00000
__Hnvbit                                       nvbit         00000
__Hnvrram                                      nvrram        00000
__Hparam                                       rparam        00000
__Hpowerup                                     powerup       00054
__Hram                                         ram           00000
__Hramtop                                      ramtop        00F00
__Hrbit                                        rbit          00000
__Hrbss                                        rbss          00000
__Hrdata                                       rdata         00000
__Hreset_vec                                   reset_vec     00004
__Hrparam                                      rparam        00000
__Hsfr                                         sfr           00000
__Hsmallconst                                  smallconst    00000
__Hspace_0                                     (abs)         10000
__Hspace_1                                     (abs)         003D8
__Hspace_2                                     (abs)         00000
__Hstack                                       stack         00000
__Hstruct                                      struct        00000
__Htemp                                        temp          00057
__Htext                                        text          00000
__Htext0                                       text0         00000
__Htext1                                       text1         00000
__Htext10                                      text10        00000
__Htext11                                      text11        00000
__Htext12                                      text12        00000
__Htext13                                      text13        00000
__Htext14                                      text14        00000
__Htext15                                      text15        00000
__Htext16                                      text16        00000
__Htext17                                      text17        00000
__Htext18                                      text18        00000
__Htext19                                      text19        00000
__Htext2                                       text2         00000
__Htext20                                      text20        00000
__Htext21                                      text21        00000
__Htext22                                      text22        00000
__Htext23                                      text23        00000
__Htext24                                      text24        00000
__Htext25                                      text25        00000
__Htext26                                      text26        00000
__Htext27                                      text27        00000
__Htext28                                      text28        00000
__Htext29                                      text29        00000
__Htext3                                       text3         00000
__Htext30                                      text30        00000
__Htext31                                      text31        00000
__Htext32                                      text32        00000
__Htext33                                      text33        00000
__Htext34                                      text34        00000
__Htext35                                      text35        00000
__Htext36                                      text36        00000
__Htext37                                      text37        00000
__Htext38                                      text38        00000
__Htext39                                      text39        00000
__Htext4                                       text4         00000
__Htext40                                      text40        00000
__Htext41                                      text41        00000
__Htext42                                      text42        00000
__Htext43                                      text43        00000
__Htext44                                      text44        00000
__Htext45                                      text45        00000
__Htext46                                      text46        00000
__Htext47                                      text47        00000
__Htext48                                      text48        00000
__Htext49                                      text49        00000
__Htext5                                       text5         00000
__Htext50                                      text50        00000
__Htext51                                      text51        00000
__Htext52                                      text52        00000
__Htext53                                      text53        00000
__Htext54                                      text54        00000
__Htext55                                      text55        00000
__Htext56                                      text56        00000
__Htext57                                      text57        00000
__Htext58                                      text58        00000
__Htext59                                      text59        00000
__Htext6                                       text6         00000
__Htext60                                      text60        00000
__Htext61                                      text61        00000
__Htext62                                      text62        00000
__Htext63                                      text63        00000
__Htext64                                      text64        00000
__Htext65                                      text65        00000
__Htext66                                      text66        00000
__Htext67                                      text67        00000
__Htext68                                      text68        00000
__Htext69                                      text69        00000
__Htext7                                       text7         00000
__Htext70                                      text70        00000
__Htext71                                      text71        00000
__Htext72                                      text72        00000
__Htext73                                      text73        00000
__Htext74                                      text74        00000
__Htext75                                      text75        00000
__Htext76                                      text76        00000
__Htext77                                      text77        00000
__Htext78                                      text78        00000
__Htext79                                      text79        00000
__Htext8                                       text8         00000
__Htext80                                      text80        00000
__Htext81                                      text81        00000
__Htext83                                      text83        00000
__Htext84                                      text84        00000
__Htext86                                      text86        00000
__Htext87                                      text87        00000
__Htext88                                      text88        00000
__Htext89                                      text89        00000
__Htext9                                       text9         00000
__Htext90                                      text90        00000
__Htext91                                      text91        00000
__Htext92                                      text92        00000
__Htext93                                      text93        00000
__Htext94                                      text94        00000
__LRAM                                         (abs)         00001
__Labs1                                        abs1          00000
__Lbank0                                       bank0         00000
__Lbank1                                       bank1         00000
__Lbank10                                      bank10        00000
__Lbank11                                      bank11        00000
__Lbank12                                      bank12        00000
__Lbank13                                      bank13        00000
__Lbank14                                      bank14        00000
__Lbank2                                       bank2         00000
__Lbank3                                       bank3         00000
__Lbank4                                       bank4         00000
__Lbank5                                       bank5         00000
__Lbank6                                       bank6         00000
__Lbank7                                       bank7         00000
__Lbank8                                       bank8         00000
__Lbank9                                       bank9         00000
__Lbigbss                                      bigbss        00000
__Lbigdata                                     bigdata       00000
__Lbigram                                      bigram        00000
__Lbss                                         bss           00000
__LbssBANK0                                    bssBANK0      00000
__LbssBANK1                                    bssBANK1      00000
__LbssBANK2                                    bssBANK2      00000
__LbssBANK3                                    bssBANK3      00000
__LbssCOMRAM                                   bssCOMRAM     00000
__Lcinit                                       cinit         00000
__Lclrtext                                     clrtext       00000
__Lcomram                                      comram        00000
__Lconfig                                      config        0FFF8
__Lconst                                       const         00000
__LcstackBANK0                                 cstackBANK0   00000
__LcstackBANK1                                 cstackBANK1   00000
__LcstackBANK2                                 cstackBANK2   00000
__LcstackCOMRAM                                cstackCOMRAM  00000
__Ldata                                        data          00000
__LdataBANK0                                   dataBANK0     00000
__Lend_init                                    end_init      00054
__Lfarbss                                      farbss        00000
__Lfardata                                     fardata       00000
__Libigdata                                    ibigdata      00000
__Lidata                                       idata         00000
__LidataBANK0                                  idataBANK0    00000
__Lidloc                                       idloc         00000
__Lifardata                                    ifardata      00000
__Linit                                        init          00054
__Lintcode                                     intcode       00008
__Lintcode_body                                intcode_body  00000
__Lintcodelo                                   intcodelo     00018
__Lintentry                                    intentry      00000
__Lintret                                      intret        00000
__Lintsave_regs                                intsave_regs  00000
__Lirdata                                      irdata        00000
__Ljflash_buffer                               jflash_buffer 0F800
__Lmediumconst                                 mediumconst   0FC86
__LnvFARRAM                                    nvFARRAM      00000
__Lnvbit                                       nvbit         00000
__Lnvrram                                      nvrram        00000
__Lparam                                       rparam        00000
__Lpowerup                                     powerup       00054
__Lram                                         ram           00000
__Lramtop                                      ramtop        00F00
__Lrbit                                        rbit          00000
__Lrbss                                        rbss          00000
__Lrdata                                       rdata         00000
__Lreset_vec                                   reset_vec     00000
__Lrparam                                      rparam        00000
__Lsfr                                         sfr           00000
__Lsmallconst                                  smallconst    00000
__Lspace_0                                     (abs)         00000
__Lspace_1                                     (abs)         00000
__Lspace_2                                     (abs)         00000
__Lstack                                       stack         00000
__Lstruct                                      struct        00000
__Ltemp                                        temp          00056
__Ltext                                        text          00000
__Ltext0                                       text0         00000
__Ltext1                                       text1         00000
__Ltext10                                      text10        00000
__Ltext11                                      text11        00000
__Ltext12                                      text12        00000
__Ltext13                                      text13        00000
__Ltext14                                      text14        00000
__Ltext15                                      text15        00000
__Ltext16                                      text16        00000
__Ltext17                                      text17        00000
__Ltext18                                      text18        00000
__Ltext19                                      text19        00000
__Ltext2                                       text2         00000
__Ltext20                                      text20        00000
__Ltext21                                      text21        00000
__Ltext22                                      text22        00000
__Ltext23                                      text23        00000
__Ltext24                                      text24        00000
__Ltext25                                      text25        00000
__Ltext26                                      text26        00000
__Ltext27                                      text27        00000
__Ltext28                                      text28        00000
__Ltext29                                      text29        00000
__Ltext3                                       text3         00000
__Ltext30                                      text30        00000
__Ltext31                                      text31        00000
__Ltext32                                      text32        00000
__Ltext33                                      text33        00000
__Ltext34                                      text34        00000
__Ltext35                                      text35        00000
__Ltext36                                      text36        00000
__Ltext37                                      text37        00000
__Ltext38                                      text38        00000
__Ltext39                                      text39        00000
__Ltext4                                       text4         00000
__Ltext40                                      text40        00000
__Ltext41                                      text41        00000
__Ltext42                                      text42        00000
__Ltext43                                      text43        00000
__Ltext44                                      text44        00000
__Ltext45                                      text45        00000
__Ltext46                                      text46        00000
__Ltext47                                      text47        00000
__Ltext48                                      text48        00000
__Ltext49                                      text49        00000
__Ltext5                                       text5         00000
__Ltext50                                      text50        00000
__Ltext51                                      text51        00000
__Ltext52                                      text52        00000
__Ltext53                                      text53        00000
__Ltext54                                      text54        00000
__Ltext55                                      text55        00000
__Ltext56                                      text56        00000
__Ltext57                                      text57        00000
__Ltext58                                      text58        00000
__Ltext59                                      text59        00000
__Ltext6                                       text6         00000
__Ltext60                                      text60        00000
__Ltext61                                      text61        00000
__Ltext62                                      text62        00000
__Ltext63                                      text63        00000
__Ltext64                                      text64        00000
__Ltext65                                      text65        00000
__Ltext66                                      text66        00000
__Ltext67                                      text67        00000
__Ltext68                                      text68        00000
__Ltext69                                      text69        00000
__Ltext7                                       text7         00000
__Ltext70                                      text70        00000
__Ltext71                                      text71        00000
__Ltext72                                      text72        00000
__Ltext73                                      text73        00000
__Ltext74                                      text74        00000
__Ltext75                                      text75        00000
__Ltext76                                      text76        00000
__Ltext77                                      text77        00000
__Ltext78                                      text78        00000
__Ltext79                                      text79        00000
__Ltext8                                       text8         00000
__Ltext80                                      text80        00000
__Ltext81                                      text81        00000
__Ltext83                                      text83        00000
__Ltext84                                      text84        00000
__Ltext86                                      text86        00000
__Ltext87                                      text87        00000
__Ltext88                                      text88        00000
__Ltext89                                      text89        00000
__Ltext9                                       text9         00000
__Ltext90                                      text90        00000
__Ltext91                                      text91        00000
__Ltext92                                      text92        00000
__Ltext93                                      text93        00000
__Ltext94                                      text94        00000
__S0                                           (abs)         10000
__S1                                           (abs)         003D8
__S2                                           (abs)         00000
___awdiv                                       text38        036EC
___awdiv@counter                               cstackBANK0   0007A
___awdiv@dividend                              cstackBANK0   00076
___awdiv@divisor                               cstackBANK0   00078
___awdiv@quotient                              cstackBANK0   0007C
___awdiv@sign                                  cstackBANK0   0007B
___awmod                                       text37        038BA
___awmod@counter                               cstackBANK0   0007A
___awmod@dividend                              cstackBANK0   00076
___awmod@divisor                               cstackBANK0   00078
___awmod@sign                                  cstackBANK0   0007B
___inthi_sp                                    stack         00000
___intlo_sp                                    stack         00000
___lbmod                                       text8         04022
___lbmod@counter                               cstackBANK0   00078
___lbmod@dividend                              cstackBANK0   00077
___lbmod@divisor                               cstackBANK0   00076
___lbmod@rem                                   cstackBANK0   00079
___lwdiv                                       text74        03B6E
___lwdiv@counter                               cstackBANK0   0007A
___lwdiv@dividend                              cstackBANK0   00076
___lwdiv@divisor                               cstackBANK0   00078
___lwdiv@quotient                              cstackBANK0   0007B
___lwmod                                       text73        03D86
___lwmod@counter                               cstackBANK0   00081
___lwmod@dividend                              cstackBANK0   0007D
___lwmod@divisor                               cstackBANK0   0007F
___param_bank                                  (abs)         00010
___rparam_used                                 (abs)         00001
___sp                                          stack         00000
___wmul                                        text72        04098
___wmul@multiplicand                           cstackBANK0   00078
___wmul@multiplier                             cstackBANK0   00076
___wmul@product                                cstackBANK0   0007A
__accesstop                                    (abs)         00060
__activetblptr                                 (abs)         00002
__end_of_AddConnection                         text57        0234E
__end_of_ButtonPressed                         text15        033E2
__end_of_DELAY_10us                            text56        02B8E
__end_of_DELAY_ms                              text81        02C5E
__end_of_DemoOutput_Channel                    text67        03D48
__end_of_DemoOutput_ChannelError               text66        0422E
__end_of_DemoOutput_Greeting                   text68        0413A
__end_of_DemoOutput_UnicastFail                text43        0419C
__end_of_DemoOutput_UpdateTxRx                 text11        04202
__end_of_EEPROM_Read                           text24        03F48
__end_of_EEPROM_Write                          text63        034F6
__end_of_Find_InActiveDevices                  text45        03A3A
__end_of_Find_Index                            text44        0322E
__end_of_Forward_Packet_PANCr_to_EDy           text39        030FC
__end_of_IndirectPacket                        text42        01EA8
__end_of_InitConfigRegs                        mediumconst   0FD45
__end_of_Initialize_Demo                       text16        032C2
__end_of_LCDDisplay                            text69        03D86
__end_of_LCDTRXCount                           text12        03D0A
__end_of_LCD_Erase                             text77        04072
__end_of_LCD_Initialize                        text5         029E0
__end_of_LCD_Update                            text75        035F6
__end_of_LCD_WriteCmd                          text79        041D2
__end_of_LCD_WriteData                         text76        041C0
__end_of_MacroNop                              text65        0422A
__end_of_MiApp_BroadcastConnectionTable        text36        01CB6
__end_of_MiApp_BroadcastPacket                 text14        039E0
__end_of_MiApp_ConnectionMode                  text62        03F16
__end_of_MiApp_DiscardMessage                  text60        0421E
__end_of_MiApp_EstablishConnection             text25        024A4
__end_of_MiApp_MessageAvailable                text26        0420E
__end_of_MiApp_ProtocolInit                    text20        021F0
__end_of_MiApp_RemoveConnection                text46        025D2
__end_of_MiApp_SetChannel                      text32        03FCE
__end_of_MiApp_StartConnection                 text19        03E00
__end_of_MiApp_UnicastAddress                  text41        03674
__end_of_MiApp_UnicastConnection               text40        02FC2
__end_of_MiApp_UnicastStar                     text13        03352
__end_of_MiMAC_DiscardPacket                   text61        040FE
__end_of_MiMAC_Init                            text23        03196
__end_of_MiMAC_ReceivedPacket                  text35        0204E
__end_of_MiMAC_SendPacket                      text48        028FE
__end_of_MiMAC_SetChannel                      text33        0346E
__end_of_MiWi                                  mediumconst   0FD05
__end_of_MiWi_TickGet                          text55        03A88
__end_of_NVMInit                               text21        02F24
__end_of_NVMalloc                              text22        03F78
__end_of_P2PTasks                              text27        00B1C
__end_of_PVALUE                                mediumconst   0FD65
__end_of_Process_RxMessage                     text9         03C4A
__end_of_Read_MAC_Address                      text18        03576
__end_of_RegisterRead                          text53        03B6E
__end_of_RegisterSet                           text52        03CCC
__end_of_Run_Demo                              text6         04226
__end_of_SPI1_Exchange8bit                     text54        041AE
__end_of_SPIGet2                               text64        04218
__end_of_SPIPut2                               text80        0418A
__end_of_STAR_DEMO_OPTIONS_MESSAGE             text17        040DE
__end_of_SVALUE                                mediumconst   0FD85
__end_of_SW_Ack_SrED                           text34        03FF8
__end_of_SYSTEM_Initialize                     text4         02E82
__end_of_SendPacket                            text47        03060
__end_of_SetRFMode                             text51        037DA
__end_of_Source_END_DEVICE_INFO                text10        038BA
__end_of_StartChannelHopping                   text31        02DDA
__end_of_TMR1_Initialize                       text2         04172
__end_of_TMR1_StartTimer                       text3         04222
__end_of_Total_Connections                     text59        03AD6
__end_of_TxPacket                              text49        026F8
__end_of_UserInterruptHandler                  text94        04230
__end_of_WriteFIFO                             text50        03E3C
__end_of___awdiv                               text38        03764
__end_of___awmod                               text37        03922
__end_of___lbmod                               text8         0404A
__end_of___lwdiv                               text74        03BB8
__end_of___lwmod                               text73        03DC4
__end_of___wmul                                text72        040BE
__end_of__initialization                       cinit         03976
__end_of_dpowers                               mediumconst   0FD9B
__end_of_freezer_feature                       text1         04098
__end_of_handle_lost_connection                text29        036EC
__end_of_hexpowers                             mediumconst   0FDA3
__end_of_high_isr                              intcode_body  01AA2
__end_of_isSameAddress                         text58        03FA4
__end_of_isdigit                               text71        04158
__end_of_low_isr                               intcodelo     00054
__end_of_main                                  text0         0411C
__end_of_memset                                text78        04022
__end_of_octpowers                             mediumconst   0FD91
__end_of_run_star_demo                         text7         016E2
__end_of_send_link_status                      text30        03EAC
__end_of_sprintf                               text70        01236
__end_of_store_connection_tb                   text28        02ABC
__end_ofi1_RegisterRead                        text83        03C02
__end_ofi1_SPI1_Exchange8bit                   text84        041E4
__end_ofi2_DELAY_10us                          text93        02D2E
__end_ofi2_MiWi_TickGet                        text92        03B24
__end_ofi2_RegisterRead                        text90        03C8C
__end_ofi2_RegisterSet                         text89        03E76
__end_ofi2_SPI1_Exchange8bit                   text91        041F4
__end_ofi2_SetRFMode                           text88        0384C
__end_ofi2_TxPacket                            text86        02816
__end_ofi2_WriteFIFO                           text87        03EE2
__initialization                               cinit         03922
__mediumconst                                  mediumconst   0FC86
__pbssBANK0                                    bssBANK0      000D9
__pbssBANK1                                    bssBANK1      00100
__pbssBANK2                                    bssBANK2      00200
__pbssBANK3                                    bssBANK3      00300
__pbssCOMRAM                                   bssCOMRAM     0002F
__pcinit                                       cinit         03922
__pcstackBANK0                                 cstackBANK0   00060
__pcstackBANK1                                 cstackBANK1   001E7
__pcstackBANK2                                 cstackBANK2   002AA
__pcstackCOMRAM                                cstackCOMRAM  00001
__pdataBANK0                                   dataBANK0     000E8
__pidataBANK0                                  idataBANK0    0422A
__pintcode                                     intcode       00008
__pintcode_body                                intcode_body  016E2
__pintcodelo                                   intcodelo     00018
__pmediumconst                                 mediumconst   0FC86
__ptext0                                       text0         040FE
[...]
		_high_isr
 This function uses a non-reentrant model


 *************** function i2_WriteFIFO *****************
 Defined at:
		line 244 in file "../../../../../framework/driver/mrf_miwi/src/drv_mrf_miwi_89xa.c"
 Parameters:    Size  Location     Type
  Data            1    wreg     unsigned char 
 Auto vars:     Size  Location     Type
  Data            1    1[COMRAM] unsigned char 
  WriteFIFO       1    3[COMRAM] unsigned char 
  WriteFIFO       1    2[COMRAM] unsigned char 
 Return value:  Size  Location     Type
		None               void
 Registers used:
		wreg, status,2, cstack
 Tracked objects:
		On entry : 
		On exit  : 
		Unchanged: 
 Data sizes:     COMRAM   BANK0   BANK1   BANK2   BANK3   BANK4   BANK5   BANK6   BANK7   BANK8   BANK9  BANK10  BANK11  BANK12  BANK13  BANK14
      Params:         0       0       0       0       0       0       0       0       0       0       0       0       0       0       0       0
      Locals:         3       0       0       0       0       0       0       0       0       0       0       0       0       0       0       0
      Temps:          0       0       0       0       0       0       0       0       0       0       0       0       0       0       0       0
      Totals:         3       0       0       0       0       0       0       0       0       0       0       0       0       0       0       0
Total ram usage:        3 bytes
 Hardware stack levels used:    1
 Hardware stack levels required when called:    1
 This function calls:
		i2_SPI1_Exchange8bit
 This function is called by:
		i2_TxPacket
 This function uses a non-reentrant model


 *************** function i2_SetRFMode *****************
 Defined at:
		line 667 in file "../../../../../framework/driver/mrf_miwi/src/drv_mrf_miwi_89xa.c"
 Parameters:    Size  Location     Type
  mode            1    wreg     unsigned char 
 Auto vars:     Size  Location     Type
  mode            1    5[COMRAM] unsigned char 
 Return value:  Size  Location     Type
		None               void
 Registers used:
		wreg, status,2, status,0, cstack
 Tracked objects:
		On entry : 
		On exit  : 
		Unchanged: 
 Data sizes:     COMRAM   BANK0   BANK1   BANK2   BANK3   BANK4   BANK5   BANK6   BANK7   BANK8   BANK9  BANK10  BANK11  BANK12  BANK13  BANK14
      Params:         0       0       0       0       0       0       0       0       0       0       0       0       0       0       0       0
      Locals:         1       0       0       0       0       0       0       0       0       0       0       0       0       0       0       0
      Temps:          0       0       0       0       0       0       0       0       0       0       0       0       0       0       0       0
      Totals:         1       0       0       0       0       0       0       0       0       0       0       0       0       0       0       0
Total ram usage:        1 bytes
 Hardware stack levels used:    1
 Hardware stack levels required when called:    2
 This function calls:
		i2_RegisterSet
 This function is called by:
		i2_TxPacket
 This function uses a non-reentrant model


 *************** function i2_RegisterSet *****************
 Defined at:
		line 164 in file "../../../../../framework/driver/mrf_miwi/src/drv_mrf_miwi_89xa.c"
 Parameters:    Size  Location     Type
  setting         2    1[COMRAM] unsigned int 
 Auto vars:     Size  Location     Type
  RegisterSet     1    4[COMRAM] unsigned char 
  RegisterSet     1    3[COMRAM] unsigned char 
 Return value:  Size  Location     Type
		None               void
 Registers used:
		wreg, status,2, cstack
 Tracked objects:
		On entry : 
		On exit  : 
		Unchanged: 
 Data sizes:     COMRAM   BANK0   BANK1   BANK2   BANK3   BANK4   BANK5   BANK6   BANK7   BANK8   BANK9  BANK10  BANK11  BANK12  BANK13  BANK14
      Params:         2       0       0       0       0       0       0       0       0       0       0       0       0       0       0       0
      Locals:         2       0       0       0       0       0       0       0       0       0       0       0       0       0       0       0
      Temps:          0       0       0       0       0       0       0       0       0       0       0       0       0       0       0       0
      Totals:         4       0       0       0       0       0       0       0       0       0       0       0       0       0       0       0
Total ram usage:        4 bytes
 Hardware stack levels used:    1
 Hardware stack levels required when called:    1
 This function calls:
		i2_SPI1_Exchange8bit
 This function is called by:
		i2_TxPacket
		i2_SetRFMode
 This function uses a non-reentrant model


 *************** function i2_RegisterRead *****************
 Defined at:
		line 200 in file "../../../../../framework/driver/mrf_miwi/src/drv_mrf_miwi_89xa.c"
 Parameters:    Size  Location     Type
  address         1    wreg     unsigned char 
 Auto vars:     Size  Location     Type
  address         1    1[COMRAM] unsigned char 
  RegisterRead    1    4[COMRAM] unsigned char 
  RegisterRead    1    3[COMRAM] unsigned char 
  RegisterRead    1    2[COMRAM] unsigned char 
 Return value:  Size  Location     Type
                  1    wreg      unsigned char 
 Registers used:
		wreg, status,2, status,0, cstack
 Tracked objects:
		On entry : 
		On exit  : 
		Unchanged: 
 Data sizes:     COMRAM   BANK0   BANK1   BANK2   BANK3   BANK4   BANK5   BANK6   BANK7   BANK8   BANK9  BANK10  BANK11  BANK12  BANK13  BANK14
      Params:         0       0       0       0       0       0       0       0       0       0       0       0       0       0       0       0
      Locals:         4       0       0       0       0       0       0       0       0       0       0       0       0       0       0       0
      Temps:          0       0       0       0       0       0       0       0       0       0       0       0       0       0       0       0
      Totals:         4       0       0       0       0       0       0       0       0       0       0       0       0       0       0       0
Total ram usage:        4 bytes
 Hardware stack levels used:    1
 Hardware stack levels required when called:    1
 This function calls:
		i2_SPI1_Exchange8bit
 This function is called by:
		_high_isr
		i2_TxPacket
 This function uses a non-reentrant model


 *************** function i2_SPI1_Exchange8bit *****************
 Defined at:
		line 51 in file "../src/system_config/miwikit_pic18f46j50_89xa/spi.c"
 Parameters:    Size  Location     Type
  data            1    wreg     unsigned char 
 Auto vars:     Size  Location     Type
  data            1    0[COMRAM] unsigned char 
 Return value:  Size  Location     Type
                  1    wreg      unsigned char 
 Registers used:
		wreg, status,2
 Tracked objects:
		On entry : 
		On exit  : 
		Unchanged: 
 Data sizes:     COMRAM   BANK0   BANK1   BANK2   BANK3   BANK4   BANK5   BANK6   BANK7   BANK8   BANK9  BANK10  BANK11  BANK12  BANK13  BANK14
      Params:         0       0       0       0       0       0       0       0       0       0       0       0       0       0       0       0
      Locals:         1       0       0       0       0       0       0       0       0       0       0       0       0       0       0       0
      Temps:          0       0       0       0       0       0       0       0       0       0       0       0       0       0       0       0
      Totals:         1       0       0       0       0       0       0       0       0       0       0       0       0       0       0       0
Total ram usage:        1 bytes
 Hardware stack levels used:    1
 This function calls:
		Nothing
 This function is called by:
		_high_isr
		i2_RegisterSet
		i2_RegisterRead
		i2_WriteFIFO
 This function uses a non-reentrant model


 *************** function i2_MiWi_TickGet *****************
 Defined at:
		line 114 in file "../src/system_config/miwikit_pic18f46j50_89xa/symbol.c"
 Parameters:    Size  Location     Type
		None
 Auto vars:     Size  Location     Type
  MiWi_TickGet    4    6[COMRAM] struct _MIWI_TICK
  MiWi_TickGet    1    5[COMRAM] unsigned char 
 Return value:  Size  Location     Type
                  4    0[COMRAM] struct _MIWI_TICK
 Registers used:
		wreg, status,2, status,0
 Tracked objects:
		On entry : 
		On exit  : 
		Unchanged: 
 Data sizes:     COMRAM   BANK0   BANK1   BANK2   BANK3   BANK4   BANK5   BANK6   BANK7   BANK8   BANK9  BANK10  BANK11  BANK12  BANK13  BANK14
      Params:         4       0       0       0       0       0       0       0       0       0       0       0       0       0       0       0
      Locals:         5       0       0       0       0       0       0       0       0       0       0       0       0       0       0       0
      Temps:          1       0       0       0       0       0       0       0       0       0       0       0       0       0       0       0
      Totals:        10       0       0       0       0       0       0       0       0       0       0       0       0       0       0       0
Total ram usage:       10 bytes
 Hardware stack levels used:    1
 This function calls:
		Nothing
 This function is called by:
		_high_isr
		i2_TxPacket
 This function uses a non-reentrant model


 *************** function i2_DELAY_10us *****************
 Defined at:
		line 47 in file "../src/system_config/miwikit_pic18f46j50_89xa/delay.c"
 Parameters:    Size  Location     Type
  tenMicroSeco    4    0[COMRAM] unsigned long 
 Auto vars:     Size  Location     Type
  DELAY_10us      4   12[COMRAM] volatile long 
 Return value:  Size  Location     Type
		None               void
 Registers used:
		wreg, status,2, status,0, prodl, prodh
 Tracked objects:
		On entry : 
		On exit  : 
		Unchanged: 
 Data sizes:     COMRAM   BANK0   BANK1   BANK2   BANK3   BANK4   BANK5   BANK6   BANK7   BANK8   BANK9  BANK10  BANK11  BANK12  BANK13  BANK14
      Params:         4       0       0       0       0       0       0       0       0       0       0       0       0       0       0       0
      Locals:         4       0       0       0       0       0       0       0       0       0       0       0       0       0       0       0
      Temps:          8       0       0       0       0       0       0       0       0       0       0       0       0       0       0       0
      Totals:        16       0       0       0       0       0       0       0       0       0       0       0       0       0       0       0
Total ram usage:       16 bytes
 Hardware stack levels used:    1
 This function calls:
		Nothing
 This function is called by:
		i2_TxPacket
 This function uses a non-reentrant model


 *************** function _UserInterruptHandler *****************
 Defined at:
		line 205 in file "../src/system_config/miwikit_pic18f46j50_89xa/lcd.c"
 Parameters:    Size  Location     Type
		None
 Auto vars:     Size  Location     Type
		None
 Return value:  Size  Location     Type
		None               void
 Registers used:
		None
 Tracked objects:
		On entry : 
		On exit  : 
		Unchanged: 
 Data sizes:     COMRAM   BANK0   BANK1   BANK2   BANK3   BANK4   BANK5   BANK6   BANK7   BANK8   BANK9  BANK10  BANK11  BANK12  BANK13  BANK14
      Params:         0       0       0       0       0       0       0       0       0       0       0       0       0       0       0       0
      Locals:         0       0       0       0       0       0       0       0       0       0       0       0       0       0       0       0
      Temps:          0       0       0       0       0       0       0       0       0       0       0       0       0       0       0       0
      Totals:         0       0       0       0       0       0       0       0       0       0       0       0       0       0       0       0
Total ram usage:        0 bytes
 Hardware stack levels used:    1
 This function calls:
		Nothing
 This function is called by:
		_high_isr
 This function uses a non-reentrant model



MODULE INFORMATION

Module		Function		Class		Link	Load	Size
../src/star_demo.c
		_run_star_demo 		CODE           	1236	0000	1197
		_Process_RxMessage		CODE           	3C02	0000	73

../src/star_demo.c estimated size: 1270

../src/system_config/miwikit_pic18f46j50_89xa/eeprom.c
		_EEPROM_Read   		CODE           	3F16	0000	51
		_EEPROM_Write  		CODE           	346E	0000	137
		_Read_MAC_Address		CODE           	34F6	0000	129

../src/system_config/miwikit_pic18f46j50_89xa/eeprom.c estimated size: 317

C:\Program Files (x86)\Microchip\xc8\v1.35\sources\common\awdiv.c
		___awdiv       		CODE           	36EC	0000	121

C:\Program Files (x86)\Microchip\xc8\v1.35\sources\common\awdiv.c estimated size: 121

../src/system_config/miwikit_pic18f46j50_89xa/symbol.c
		_TMR1_Initialize		CODE           	4158	0000	27
		_MiWi_TickGet  		CODE           	3A3A	0000	79
		_TMR1_StartTimer		CODE           	421E	0000	5

../src/system_config/miwikit_pic18f46j50_89xa/symbol.c estimated size: 111

../src/task.c
		_Initialize_Demo		CODE           	322E	0000	149
		_freezer_feature		CODE           	4072	0000	39
		_Run_Demo      		CODE           	4222	0000	5

../src/task.c estimated size: 193

../../../../../framework/miwi/src/miwi_nvm.c
		_NVMInit       		CODE           	2E82	0000	163
		_NVMalloc      		CODE           	3F48	0000	49

../../../../../framework/miwi/src/miwi_nvm.c estimated size: 212

C:\Program Files (x86)\Microchip\xc8\v1.35\sources\common\isdigit.c
		_isdigit       		CODE           	413A	0000	31

C:\Program Files (x86)\Microchip\xc8\v1.35\sources\common\isdigit.c estimated size: 31

../src/system_config/miwikit_pic18f46j50_89xa/spi.c
		_SPIPut2       		CODE           	4172	0000	25
		_SPIGet2       		CODE           	420E	0000	11
		_SPI1_Exchange8bit		CODE           	419C	0000	19

../src/system_config/miwikit_pic18f46j50_89xa/spi.c estimated size: 55

C:\Program Files (x86)\Microchip\xc8\v1.35\sources\common\memset.c
		_memset        		CODE           	3FF8	0000	43

C:\Program Files (x86)\Microchip\xc8\v1.35\sources\common\memset.c estimated size: 43

../../../../../framework/miwi/src/miwi_p2p.c
		_StartChannelHopping		CODE           	2D2E	0000	173
		_MiApp_EstablishConnection		CODE           	234E	0000	343
		_Find_InActiveDevices		CODE           	39E0	0000	91
		_MiApp_RemoveConnection		CODE           	24A4	0000	303
		_MiApp_ProtocolInit		CODE           	204E	0000	419
		_MiApp_UnicastAddress		CODE           	35F6	0000	127
		_MiApp_StartConnection		CODE           	3DC4	0000	61
		_IndirectPacket		CODE           	1CB6	0000	499
		_MiApp_BroadcastConnectionTable		CODE           	1AA2	0000	533
		_MiApp_UnicastStar		CODE           	32C2	0000	145
		_MacroNop      		CODE           	4226	0000	5
		_MiApp_BroadcastPacket		CODE           	3984	0000	93
		_store_connection_tb		CODE           	29E0	0000	221
		_Total_Connections		CODE           	3A88	0000	79
		_P2PTasks      		CODE           	0058	0000	2757
		_Find_Index    		CODE           	3196	0000	153
		_handle_lost_connection		CODE           	3674	0000	121
		_MiApp_UnicastConnection		CODE           	2F24	0000	159
		_SendPacket    		CODE           	2FC2	0000	159
		_Forward_Packet_PANCr_to_EDy		CODE           	3060	0000	157
		_SW_Ack_SrED   		CODE           	3FCE	0000	43
		_AddConnection 		CODE           	21F0	0000	351
		_send_link_status		CODE           	3E76	0000	55
		_MiApp_SetChannel		CODE           	3FA4	0000	43
		_MiApp_DiscardMessage		CODE           	4218	0000	7
		_MiApp_MessageAvailable		CODE           	4202	0000	13
		_isSameAddress 		CODE           	3F78	0000	45
		_MiApp_ConnectionMode		CODE           	3EE2	0000	53

../../../../../framework/miwi/src/miwi_p2p.c estimated size: 7208

C:\Program Files (x86)\Microchip\xc8\v1.35\sources\common\lwmod.c
		___lwmod       		CODE           	3D86	0000	63

C:\Program Files (x86)\Microchip\xc8\v1.35\sources\common\lwmod.c estimated size: 63

../../../../../framework/driver/mrf_miwi/src/drv_mrf_miwi_89xa.c
		_SetRFMode     		CODE           	3764	0000	119
		_MiMAC_ReceivedPacket		CODE           	1EA8	0000	423
		_MiMAC_DiscardPacket		CODE           	40DE	0000	33
		_high_isr      		CODE           	0008	0000	975
		_MiMAC_SetChannel		CODE           	33E2	0000	141
		_MiMAC_Init    		CODE           	30FC	0000	155
		_MiMAC_SendPacket		CODE           	2816	0000	233
		_WriteFIFO     		CODE           	3E00	0000	61
		_TxPacket      		CODE           	25D2	0000	295
		_RegisterSet   		CODE           	3C8C	0000	65
		_RegisterRead  		CODE           	3B24	0000	75
		_low_isr       		CODE           	0018	0000	61

../../../../../framework/driver/mrf_miwi/src/drv_mrf_miwi_89xa.c estimated size: 2636

C:\Program Files (x86)\Microchip\xc8\v1.35\sources\common\doprnt.c
		_sprintf       		CODE           	0B1C	0000	1819

C:\Program Files (x86)\Microchip\xc8\v1.35\sources\common\doprnt.c estimated size: 1819

../src/system_config/miwikit_pic18f46j50_89xa/lcd.c
		_LCD_Erase     		CODE           	404A	0000	41
		_LCD_Initialize		CODE           	28FE	0000	227
		_LCD_Update    		CODE           	3576	0000	129
		_UserInterruptHandler		CODE           	422E	0000	3
		_LCDDisplay    		CODE           	3D48	0000	63
		_LCD_WriteCmd  		CODE           	41C0	0000	19
		_LCD_WriteData 		CODE           	41AE	0000	19
		_LCDTRXCount   		CODE           	3CCC	0000	63

../src/system_config/miwikit_pic18f46j50_89xa/lcd.c estimated size: 564

../src/system_config/miwikit_pic18f46j50_89xa/system.c
		_SYSTEM_Initialize		CODE           	2DDA	0000	169

../src/system_config/miwikit_pic18f46j50_89xa/system.c estimated size: 169

shared
		i2_RegisterSet 		CODE           	3E3C	0000	59
		i1_SPI1_Exchange8bit		CODE           	41D2	0000	19
		i2_SPI1_Exchange8bit		CODE           	41E4	0000	17
		i1_RegisterRead		CODE           	3BB8	0000	75
		i2_RegisterRead		CODE           	3C4A	0000	67
		_dpowers       		MEDIUMCONST    	FD91	0000	11
		i2_DELAY_10us  		CODE           	2C5E	0000	209
		i2_SetRFMode   		CODE           	37DA	0000	115
		_InitConfigRegs		MEDIUMCONST    	FD05	0000	65
		_PVALUE        		MEDIUMCONST    	FD45	0000	33
		_SVALUE        		MEDIUMCONST    	FD65	0000	33
		__initialization		CODE           	3922	0000	85
		_octpowers     		MEDIUMCONST    	FD85	0000	13
		_hexpowers     		MEDIUMCONST    	FD9B	0000	9
		i2_WriteFIFO   		CODE           	3EAC	0000	55
		i2_MiWi_TickGet		CODE           	3AD6	0000	79
		i2_TxPacket    		CODE           	26F8	0000	287
		_MiWi          		MEDIUMCONST    	FC87	0000	127

shared estimated size: 1358

C:\Program Files (x86)\Microchip\xc8\v1.35\sources\common\awmod.c
		___awmod       		CODE           	38BA	0000	105

C:\Program Files (x86)\Microchip\xc8\v1.35\sources\common\awmod.c estimated size: 105

../src/system_config/miwikit_pic18f46j50_89xa/delay.c
		_DELAY_ms      		CODE           	2B8E	0000	209
		_DELAY_10us    		CODE           	2ABC	0000	211

../src/system_config/miwikit_pic18f46j50_89xa/delay.c estimated size: 420

../src/demo_ouput.c
		_DemoOutput_UnicastFail		CODE           	418A	0000	19
		_ButtonPressed 		CODE           	3352	0000	145
		_STAR_DEMO_OPTIONS_MESSAGE		CODE           	40BE	0000	33
		_DemoOutput_ChannelError		CODE           	422C	0000	3
		_DemoOutput_Channel		CODE           	3D0A	0000	63
		_DemoOutput_UpdateTxRx		CODE           	41F4	0000	15
		_Source_END_DEVICE_INFO		CODE           	384C	0000	111
		_DemoOutput_Greeting		CODE           	411C	0000	31

../src/demo_ouput.c estimated size: 420

C:\Program Files (x86)\Microchip\xc8\v1.35\sources\common\lwdiv.c
		___lwdiv       		CODE           	3B6E	0000	75

C:\Program Files (x86)\Microchip\xc8\v1.35\sources\common\lwdiv.c estimated size: 75

../src/main.c
		_main          		CODE           	40FE	0000	31

../src/main.c estimated size: 31

C:\Program Files (x86)\Microchip\xc8\v1.35\sources\common\Umul16.c
		___wmul        		CODE           	4098	0000	39

C:\Program Files (x86)\Microchip\xc8\v1.35\sources\common\Umul16.c estimated size: 39

C:\Program Files (x86)\Microchip\xc8\v1.35\sources\common\lbmod.c
		___lbmod       		CODE           	4022	0000	41

C:\Program Files (x86)\Microchip\xc8\v1.35\sources\common\lbmod.c estimated size: 41

