Microchip MPLAB XC8 Compiler V1.35 ()

Linker command line:

--edf=C:\Program Files (x86)\Microchip\xc8\v1.35\dat\en_msgs.txt -cs \
  -h+dist/8bitwdk_pic18f46j50_89xa/production\miwi_star_RFD.X.production.sym \
  --cmf=dist/8bitwdk_pic18f46j50_89xa/production\miwi_star_RFD.X.production.cmf \
  -z -Q18F46J50 -oC:\Users\c17143\AppData\Local\Temp\s38g.2 \
  -Mdist/8bitwdk_pic18f46j50_89xa/production/miwi_star_RFD.X.production.map \
  -E1 -ver=XC8 -ASTACK=03DAh-0ebfh -pstack=STACK -ACODE=00h-0FFF7h \
  -ACONST=00h-0FFF7h -ASMALLCONST=0F00h-0FFFhx240,0FF00h-0FFF7h \
  -AMEDIUMCONST=0F00h-0FFF7h -ACOMRAM=01h-05Fh -AABS1=00h-0EBFh \
  -ABIGRAM=01h-0EBFh -ARAM=060h-0FFh,0100h-01FFhx13,0E00h-0EBFh \
  -ABANK0=060h-0FFh -ABANK1=0100h-01FFh -ABANK2=0200h-02FFh \
  -ABANK3=0300h-03FFh -ABANK4=0400h-04FFh -ABANK5=0500h-05FFh \
  -ABANK6=0600h-06FFh -ABANK7=0700h-07FFh -ABANK8=0800h-08FFh \
  -ABANK9=0900h-09FFh -ABANK10=0A00h-0AFFh -ABANK11=0B00h-0BFFh \
  -ABANK12=0C00h-0CFFh -ABANK13=0D00h-0DFFh -ABANK14=0E00h-0EBFh \
  -ASFR=0EC0h-0EFFh,0F00h-0F5Fh,0F60h-0FFFh \
  -preset_vec=00h,intcode=08h,intcodelo,powerup,init,end_init \
  -pramtop=0F00h -psmallconst=SMALLCONST -pmediumconst=MEDIUMCONST \
  -pconst=CONST -AFARRAM=00h-00h -ACONFIG=0FFF8h-0FFFFh -pconfig=CONFIG \
  -pjflash_buffer=0F800h \
  -prdata=COMRAM,nvrram=COMRAM,nvbit=COMRAM,rbss=COMRAM,rbit=COMRAM \
  -pfarbss=FARRAM,fardata=FARRAM,nvFARRAM=FARRAM \
  -pintsave_regs=BIGRAM,bigbss=BIGRAM,bigdata=BIGRAM -pbss=RAM \
  -pidata=CODE,irdata=CODE,ibigdata=CODE,ifardata=CODE -prparam=COMRAM \
  C:\Users\c17143\AppData\Local\Temp\s38g.obj \
  dist/8bitwdk_pic18f46j50_89xa/production\miwi_star_RFD.X.production.obj 

Object code version is 3.11

Machine type is 18F46J50

Call graph: (short form)




                Name                               Link     Load   Length Selector   Space Scale
C:\Users\c17143\AppData\Local\Temp\s38g.obj
                end_init                            3B4      3B4        4        4       0
                reset_vec                             0        0        4        0       0
                config                             FFF8     FFF8        8     FFF8       0
dist/8bitwdk_pic18f46j50_89xa/production\miwi_star_RFD.X.production.obj
                intcode                               8        8      3AC        4       0
                temp                                 5C       5C        1        1       1
                mediumconst                        F9AE     F9AE      64A     7CD7       0
                text89                             20AE     20AE       CE        4       0
                text88                             2776     2776       84        4       0
                text87                             3486     3486       14        4       0
                text86                             3524     3524        2        4       0
                text85                             2E50     2E50       4E        4       0
                text84                             34CC     34CC       10        4       0
                text83                             31A2     31A2       2E        4       0
                text82                             32C2     32C2       26        4       0
                text81                             2BE2     2BE2       68        4       0
                text80                             3352     3352       22        4       0
                text79                             1CFE     1CFE      11C        4       0
                text77                             34F6     34F6        C        4       0
                text76                             3330     3330       22        4       0
                text75                             1FDE     1FDE       D0        4       0
                text74                             340E     340E       1E        4       0
                text73                             345C     345C       16        4       0
                text72                             3446     3446       16        4       0
                text71                             2E9E     2E9E       4A        4       0
                text70                             2FF2     2FF2       3E        4       0
                text69                             329C     329C       26        4       0
                text68                             33F0     33F0       1E        4       0
                text67                              3B8      3B8      71A        4       0
                text66                             2F74     2F74       40        4       0
                text65                             217C     217C       C6        4       0
                text64                             34EA     34EA        C        4       0
                text63                             30A4     30A4       36        4       0
                text62                             324E     324E       28        4       0
                text61                             2AFA     2AFA       7C        4       0
                text60                             2A7C     2A7C       7E        4       0
                text59                             330C     330C       24        4       0
                text58                             34BC     34BC       10        4       0
                text57                             306A     306A       3A        4       0
                text56                             142A     142A      1FE        4       0
                text55                             351E     351E        4        4       0
                text54                             349A     349A       12        4       0
                text53                             22E0     22E0       9C        4       0
                text52                             3030     3030       3A        4       0
                text51                             3394     3394       20        4       0
                text50                             350C     350C        6        4       0
                text49                             2E02     2E02       4E        4       0
                text48                             31D0     31D0       2C        4       0
                text47                             1958     1958      14C        4       0
                text46                             24AE     24AE       94        4       0
                text45                             33D2     33D2       1E        4       0
                text44                             3522     3522        2        4       0
                text43                             2DB4     2DB4       4E        4       0
                text42                             310E     310E       34        4       0
                text41                             31FC     31FC       2A        4       0
                text40                             2B76     2B76       6C        4       0
                text39                             3276     3276       26        4       0
                text38                             1BD6     1BD6      128        4       0
                text37                             1E1A     1E1A       E8        4       0
                text36                             2242     2242       9E        4       0
                text35                             3472     3472       14        4       0
                text34                             30DA     30DA       34        4       0
                text33                             2416     2416       98        4       0
                text32                             17D6     17D6      182        4       0
                text31                             3226     3226       28        4       0
                text30                             2C4A     2C4A       60        4       0
                text29                             1F02     1F02       DC        4       0
                text28                              FC8      FC8      462        4       0
                text27                             3502     3502        A        4       0
                text26                             1AA4     1AA4      132        4       0
                text25                             25D4     25D4       90        4       0
                text24                             3142     3142       32        4       0
                text23                             237C     237C       9A        4       0
                text22                             3174     3174       2E        4       0
                text21                             2664     2664       8E        4       0
                text20                             2D5E     2D5E       56        4       0
                text19                             1628     1628      1AE        4       0
                text18                             2EE8     2EE8       48        4       0
                text17                             26F2     26F2       84        4       0
                text16                             287C     287C       82        4       0
                text15                             297E     297E       80        4       0
                text14                             2FB4     2FB4       3E        4       0
                text13                             34DC     34DC        E        4       0
                text12                             2CAA     2CAA       5E        4       0
                text11                             2D08     2D08       56        4       0
                text10                             28FE     28FE       80        4       0
                text9                              29FE     29FE       7E        4       0
                text8                              3374     3374       20        4       0
                text7                               AD2      AD2      4F6        4       0
                text6                              351A     351A        4        4       0
                text5                              2F30     2F30       44        4       0
                text4                              27FA     27FA       82        4       0
                text3                              3516     3516        4        4       0
                text2                              342C     342C       1A        4       0
                text1                              32E8     32E8       24        4       0
                text0                              33B4     33B4       1E        4       0
                cstackCOMRAM                          1        1       35        1       1
                cstackBANK0                          60       60       67       60       1
                bssBIGRAM                           2C2      2C2      118      2C2       1
                bssBANK2                            200      200       C2      200       1
                dataBANK1                           1B1      1B1       10      100       1
                bssBANK1                            100      100       B1      100       1
                dataBANK0                            FB       FB        4       60       1
                bssBANK0                             C7       C7       34       60       1
                bssCOMRAM                            36       36       26        1       1
                cinit                              2542     2542       92        4       0
                idataBANK1                         34AC     34AC       10        4       0
                idataBANK0                         3512     3512        4        4       0

TOTAL           Name                               Link     Load   Length     Space
        CLASS   STACK          

        CLASS   CODE           
                end_init                            3B4      3B4        4         0
                intcode                               8        8      3AC         0
                reset_vec                             0        0        4         0
                text89                             20AE     20AE       CE         0
                text88                             2776     2776       84         0
                text87                             3486     3486       14         0
                text86                             3524     3524        2         0
                text85                             2E50     2E50       4E         0
                text84                             34CC     34CC       10         0
                text83                             31A2     31A2       2E         0
                text82                             32C2     32C2       26         0
                text81                             2BE2     2BE2       68         0
                text80                             3352     3352       22         0
                text79                             1CFE     1CFE      11C         0
                text77                             34F6     34F6        C         0
                text76                             3330     3330       22         0
                text75                             1FDE     1FDE       D0         0
                text74                             340E     340E       1E         0
                text73                             345C     345C       16         0
                text72                             3446     3446       16         0
                text71                             2E9E     2E9E       4A         0
                text70                             2FF2     2FF2       3E         0
                text69                             329C     329C       26         0
                text68                             33F0     33F0       1E         0
                text67                              3B8      3B8      71A         0
                text66                             2F74     2F74       40         0
                text65                             217C     217C       C6         0
                text64                             34EA     34EA        C         0
                text63                             30A4     30A4       36         0
                text62                             324E     324E       28         0
                text61                             2AFA     2AFA       7C         0
                text60                             2A7C     2A7C       7E         0
                text59                             330C     330C       24         0
                text58                             34BC     34BC       10         0
                text57                             306A     306A       3A         0
                text56                             142A     142A      1FE         0
                text55                             351E     351E        4         0
                text54                             349A     349A       12         0
                text53                             22E0     22E0       9C         0
                text52                             3030     3030       3A         0
                text51                             3394     3394       20         0
                text50                             350C     350C        6         0
                text49                             2E02     2E02       4E         0
                text48                             31D0     31D0       2C         0
                text47                             1958     1958      14C         0
                text46                             24AE     24AE       94         0
                text45                             33D2     33D2       1E         0
                text44                             3522     3522        2         0
                text43                             2DB4     2DB4       4E         0
                text42                             310E     310E       34         0
                text41                             31FC     31FC       2A         0
                text40                             2B76     2B76       6C         0
                text39                             3276     3276       26         0
                text38                             1BD6     1BD6      128         0
                text37                             1E1A     1E1A       E8         0
                text36                             2242     2242       9E         0
                text35                             3472     3472       14         0
                text34                             30DA     30DA       34         0
                text33                             2416     2416       98         0
                text32                             17D6     17D6      182         0
                text31                             3226     3226       28         0
                text30                             2C4A     2C4A       60         0
                text29                             1F02     1F02       DC         0
                text28                              FC8      FC8      462         0
                text27                             3502     3502        A         0
                text26                             1AA4     1AA4      132         0
                text25                             25D4     25D4       90         0
                text24                             3142     3142       32         0
                text23                             237C     237C       9A         0
                text22                             3174     3174       2E         0
                text21                             2664     2664       8E         0
                text20                             2D5E     2D5E       56         0
                text19                             1628     1628      1AE         0
                text18                             2EE8     2EE8       48         0
                text17                             26F2     26F2       84         0
                text16                             287C     287C       82         0
                text15                             297E     297E       80         0
                text14                             2FB4     2FB4       3E         0
                text13                             34DC     34DC        E         0
                text12                             2CAA     2CAA       5E         0
                text11                             2D08     2D08       56         0
                text10                             28FE     28FE       80         0
                text9                              29FE     29FE       7E         0
                text8                              3374     3374       20         0
                text7                               AD2      AD2      4F6         0
                text6                              351A     351A        4         0
                text5                              2F30     2F30       44         0
                text4                              27FA     27FA       82         0
                text3                              3516     3516        4         0
                text2                              342C     342C       1A         0
                text1                              32E8     32E8       24         0
                text0                              33B4     33B4       1E         0
                cinit                              2542     2542       92         0
                idataBANK1                         34AC     34AC       10         0
                idataBANK0                         3512     3512        4         0

        CLASS   CONST          

        CLASS   SMALLCONST     

        CLASS   MEDIUMCONST    
                mediumconst                        F9AE     F9AE      64A         0

        CLASS   COMRAM         
                temp                                 5C       5C        1         1
                cstackCOMRAM                          1        1       35         1
                bssCOMRAM                            36       36       26         1

        CLASS   ABS1           

        CLASS   BIGRAM         
                bssBIGRAM                           2C2      2C2      118         1

        CLASS   RAM            

        CLASS   BANK0          
                cstackBANK0                          60       60       67         1
                dataBANK0                            FB       FB        4         1
                bssBANK0                             C7       C7       34         1

        CLASS   BANK1          
                dataBANK1                           1B1      1B1       10         1
                bssBANK1                            100      100       B1         1

        CLASS   BANK2          
                bssBANK2                            200      200       C2         1

        CLASS   BANK3          

        CLASS   BANK4          

        CLASS   BANK5          

        CLASS   BANK6          

        CLASS   BANK7          

        CLASS   BANK8          

        CLASS   BANK9          

        CLASS   BANK10         

        CLASS   BANK11         

        CLASS   BANK12         

        CLASS   BANK13         

        CLASS   BANK14         

        CLASS   SFR            

        CLASS   FARRAM         

        CLASS   CONFIG         
                config                             FFF8     FFF8        8         0

        CLASS   IDLOC          



SEGMENTS        Name                           Load    Length   Top    Selector   Space  Class

                reset_vec                      000000  000004  000004         0       0  CODE    
                cstackCOMRAM                   000001  00005C  00005D         1       1  COMRAM  
                intcode                        000008  00351E  003526         4       0  CODE    
                cstackBANK0                    000060  00009F  0000FF        60       1  BANK0   
                bssBANK1                       000100  0000C1  0001C1       100       1  BANK1   
                bssBANK2                       000200  0000C2  0002C2       200       1  BANK2   
                bssBIGRAM                      0002C2  000118  0003DA       2C2       1  BIGRAM  
                mediumconst                    00F9AE  00064A  00FFF8      7CD7       0  MEDIUMCO
                config                         00FFF8  000008  010000      FFF8       0  CONFIG  


UNUSED ADDRESS RANGES

        Name                Unused          Largest block    Delta
        BANK0            000FF-000FF               1
        BANK1            001C1-001FF              3F
        BANK10           00A00-00AFF             100
        BANK11           00B00-00BFF             100
        BANK12           00C00-00CFF             100
        BANK13           00D00-00DFF             100
        BANK14           00E00-00EBF              C0
        BANK3            003DA-003FF              26
        BANK4            00400-004FF             100
        BANK5            00500-005FF             100
        BANK6            00600-006FF             100
        BANK7            00700-007FF             100
        BANK8            00800-008FF             100
        BANK9            00900-009FF             100
        BIGRAM           0005D-0005F               3
                         000FF-000FF               1
                         001C1-001FF              3F
                         003DA-00EBF             AE6
        CODE             00004-00007               4
                         03526-0F9AD            C488
        COMRAM           0005D-0005F               3
        CONST            00004-00007               4
                         03526-0F9AD            C488
        MEDIUMCONST      03526-0F9AD            C488
        RAM              000FF-000FF               1
                         001C1-001FF              3F
                         003DA-00EBF             100
        SFR              00EC0-00FFF              60
        SMALLCONST       03526-0F9AD             100
        STACK            003DA-00EBF             AE6

                                  Symbol Table

?_MiWi_TickGet                               cstackBANK0   00060
?___lwdiv                                    cstackBANK0   00060
?___lwmod                                    cstackBANK0   00067
?___wmul                                     cstackBANK0   00060
?_sprintf                                    cstackBANK0   0006C
?i2_MiWi_TickGet                             cstackCOMRAM  00001
AddConnection@connectionSlot                 cstackBANK0   0006F
AddConnection@i                              cstackBANK0   00070
ButtonPressed@t                              cstackBANK0   0006E
ButtonPressed@tickDifference                 cstackBANK0   0006A
CONSOLE_PrintDec@toPrint                     cstackBANK0   0006A
CONSOLE_PrintHex@PRINT_VAR                   cstackBANK0   00061
CONSOLE_PrintHex@toPrint                     cstackBANK0   00062
CONSOLE_Put@c                                cstackBANK0   00060
CONSOLE_PutString@c                          cstackBANK0   00063
CONSOLE_PutString@str                        cstackBANK0   00061
CheckForData@firstuint8_t                    cstackBANK0   00092
CheckForData@tmpTxData                       cstackBANK0   00091
DELAY_10us@cyclesRequiredForEntireDelay      cstackBANK0   00064
DELAY_10us@tenMicroSecondCounter             cstackBANK0   00060
DELAY_ms@cyclesRequiredForEntireDelay        cstackBANK0   0006A
DELAY_ms@ms                                  cstackBANK0   00060
DemoOutput_Channel@Step                      cstackBANK0   00094
DemoOutput_Channel@channel                   cstackBANK0   00095
DemoOutput_ChannelError@channel              cstackBANK0   0006B
DemoOutput_UpdateTxRx@RxNum                  cstackBANK0   00091
DemoOutput_UpdateTxRx@TxNum                  cstackBANK0   00092
DumpConnection@i                             cstackBANK0   00068
DumpConnection@index                         cstackBANK0   00066
DumpConnection@j                             cstackBANK0   00067
EEPROM_Read@addr                             cstackBANK0   00063
EEPROM_Read@count                            cstackBANK0   00064
EEPROM_Read@dest                             cstackBANK0   00061
EEPROM_Read@oldGIEH                          cstackBANK0   00065
EUSART2_Write@txData                         cstackBANK0   00060
Find_Index@DestAddr                          cstackBANK0   00060
Find_Index@i                                 cstackBANK0   00064
Forward_Packet_PANCr_to_EDy@EDxAddress       cstackBANK0   0009A
Forward_Packet_PANCr_to_EDy@fw_payload       cstackBANK0   00097
Forward_Packet_PANCr_to_EDy@i                cstackBANK0   0009D
Forward_Packet_PANCr_to_EDy@index            cstackBANK0   00099
Forward_Packet_PANCr_to_EDy@status           cstackBANK0   0009C
I2CWrite@BufferLen                           cstackBANK0   00060
I2CWrite@Commandlen                          cstackBANK0   00061
Initialize_Demo@freezer_enable               cstackBANK0   000BA
LCDDisplay@delay                             cstackBANK0   00092
LCDDisplay@i                                 cstackBANK0   00093
LCDDisplay@text                              cstackBANK0   0008F
LCDDisplay@value                             cstackBANK0   00091
LCDTRXCount@rxCount                          cstackBANK0   0008F
LCDTRXCount@txCount                          cstackBANK0   00090
LCD_Erase@i                                  cstackBANK0   00060
MiApp_ConnectionMode@Mode                    cstackBANK0   0006B
MiApp_EstablishConnection@Mode               cstackBANK0   000A9
MiApp_EstablishConnection@connectionInterval cstackBANK0   000B0
MiApp_EstablishConnection@i                  cstackBANK0   000B9
MiApp_EstablishConnection@retry              cstackBANK0   000AF
MiApp_EstablishConnection@t1                 cstackBANK0   000B1
MiApp_EstablishConnection@t2                 cstackBANK0   000B5
MiApp_EstablishConnection@tmpConnectionMode  cstackBANK0   000AE
MiApp_ProtocolInit@bNetworkFreezer           cstackBANK0   00072
MiApp_ProtocolInit@i                         cstackBANK0   00076
MiApp_ProtocolInit@initValue                 cstackBANK0   00073
MiApp_SetChannel@channel                     cstackBANK0   0006A
MiApp_TransceiverPowerState@Mode             cstackBANK0   000A9
MiApp_UnicastAddress@DestinationAddress      cstackBANK0   00091
MiApp_UnicastAddress@PermanentAddr           cstackBANK0   00093
MiApp_UnicastAddress@SecEn                   cstackBANK0   00094
MiApp_UnicastConnection@ConnectionIndex      cstackBANK0   00096
MiApp_UnicastConnection@SecEn                cstackBANK0   00095
MiApp_UnicastStar@SecEn                      cstackBANK0   000AD
MiApp_UnicastStar@t1                         cstackBANK0   000AE
MiApp_UnicastStar@t2                         cstackBANK0   000B2
MiMAC_Init@i                                 cstackBANK0   00071
MiMAC_Init@initValue                         cstackBANK0   0006E
MiMAC_PowerState@PowerState                  cstackBANK0   0006E
MiMAC_PowerState@i                           cstackBANK0   0006F
MiMAC_ReceivedPacket@PayloadIndex            cstackBANK0   00076
MiMAC_ReceivedPacket@currentTick             cstackBANK0   00072
MiMAC_ReceivedPacket@i                       cstackBANK0   00077
MiMAC_SendPacket@MACPayload                  cstackBANK0   00081
MiMAC_SendPacket@MACPayloadLen               cstackBANK0   00083
MiMAC_SendPacket@TxIndex                     cstackBANK0   00085
MiMAC_SendPacket@i                           cstackBANK0   00086
MiMAC_SendPacket@transParam                  cstackBANK0   0007E
MiMAC_SetChannel@channel                     cstackBANK0   00067
MiMAC_SetChannel@offsetFreq                  cstackBANK0   00065
MiWi_TickGet@currentTime                     cstackBANK0   00066
MiWi_TickGet@failureCounter                  cstackBANK0   00065
NVMInit@result                               cstackBANK0   00065
NVMRead@addr                                 cstackBANK0   00063
NVMRead@count                                cstackBANK0   00065
NVMRead@dest                                 cstackBANK0   00061
NVMRead@oldRFIE                              cstackBANK0   00067
NVMWrite@PageCounter                         cstackBANK0   00069
NVMWrite@addr                                cstackBANK0   00063
NVMWrite@count                               cstackBANK0   00065
NVMWrite@oldRFIE                             cstackBANK0   00068
NVMWrite@source                              cstackBANK0   00061
NVMalloc@location                            cstackBANK0   00062
NVMalloc@size                                cstackBANK0   00060
P2PTasks@FW_Stat                             cstackBANK0   000A2
P2PTasks@final_index                         cstackBANK0   000A3
P2PTasks@i                                   cstackBANK0   000A8
P2PTasks@tmpTick                             cstackBANK0   000A4
Read_MAC_Address@i                           cstackBANK0   0006A
Read_MAC_Address@myAddress                   cstackBANK0   00066
RegisterRead@IRQ1select                      cstackBANK0   00063
RegisterRead@address                         cstackBANK0   00061
RegisterRead@value                           cstackBANK0   00062
RegisterSet@IRQ1select                       cstackBANK0   00063
RegisterSet@setting                          cstackBANK0   00061
SPI1_Exchange8bit@data                       cstackBANK0   00060
STAR_DEMO_OPTIONS_MESSAGE@NetworkRole        cstackBANK0   00094
SW_Ack_SrED@Dest_Addr                        cstackBANK0   00091
SendPacket@Broadcast                         cstackBANK0   0008D
SendPacket@DestinationAddress                cstackBANK0   00087
SendPacket@SecurityEnabled                   cstackBANK0   0008A
SendPacket@isCommand                         cstackBANK0   00089
SendPacket@status                            cstackBANK0   0008C
SendPacket@tParam                            cstackBANK0   0008E
SetRFMode@mode                               cstackBANK0   00064
Total_Connections@count                      cstackBANK0   00060
Total_Connections@i                          cstackBANK0   00061
TxPacket@CCA                                 cstackBANK0   0006A
TxPacket@CCARetries                          cstackBANK0   00077
TxPacket@TxPacketLen                         cstackBANK0   0007B
TxPacket@allowedTxFailure                    cstackBANK0   00079
TxPacket@i                                   cstackBANK0   0007D
TxPacket@reTry                               cstackBANK0   00078
TxPacket@rssival                             cstackBANK0   0007A
TxPacket@status                              cstackBANK0   0007C
TxPacket@t1                                  cstackBANK0   0006F
TxPacket@t2                                  cstackBANK0   00073
WriteFIFO@Data                               cstackBANK0   00061
WriteFIFO@IRQ1select                         cstackBANK0   00062
_ANCON0                                      (abs)         00F48
_ANCON1                                      (abs)         00F49
_AckInfo                                     bssBANK1      00137
_AddConnection                               text47        01958
_AdditionalNodeID                            dataBANK0     000FB
_ButtonPressed                               text15        0297E
_CONSOLE_PrintDec                            text61        02AFA
_CONSOLE_PrintHex                            text57        0306A
_CONSOLE_Put                                 text64        034EA
_CONSOLE_PutString                           text76        03330
_CharacterArray                              dataBANK1     001B1
_CheckForData                                text12        02CAA
_CommandLen                                  bssCOMRAM     00054
_CommandPtr                                  bssCOMRAM     00055
_ConnMode                                    dataBANK0     000FD
_ConnectionTable                             bssBIGRAM     002C2
_DELAY_10us                                  text44        03522
_DELAY_ms                                    text75        01FDE
_DataRequestTimer                            bssCOMRAM     0003E
_DemoOutput_Channel                          text60        02A7C
_DemoOutput_ChannelError                     text59        0330C
_DemoOutput_Greeting                         text65        0217C
_DemoOutput_Instruction                      text58        034BC
_DemoOutput_UnicastFail                      text45        033D2
_DemoOutput_UpdateTxRx                       text13        034DC
_DumpConnection                              text56        0142A
_EECON2                                      (abs)         00FA7
_EEPROM_Read                                 text18        02EE8
_END_DEVICES_Short_Address                   bssBANK2      00200
_EUSART2_Write                               text77        034F6
_Find_Index                                  text46        024AE
_Forward_Packet_PANCr_to_EDy                 text33        02416
_I2CTask                                     text88        02776
_I2CWrite                                    text73        0345C
_INTCON                                      (abs)         00FF2
_INTCON2bits                                 (abs)         00FF1
_INTCON3bits                                 (abs)         00FF0
_INTCONbits                                  (abs)         00FF2
_IRQ1_Received                               bssBANK0      000D6
_InitConfigRegs                              mediumconst   0FA2D
_Initialize_Demo                             text16        0287C
_LATA                                        (abs)         00F89
_LATAbits                                    (abs)         00F89
_LATB                                        (abs)         00F8A
_LATCbits                                    (abs)         00F8B
_LATD                                        (abs)         00F8C
_LATDbits                                    (abs)         00F8C
_LATE                                        (abs)         00F8D
_LATEbits                                    (abs)         00F8D
_LCDCommand                                  bssCOMRAM     00042
_LCDDisplay                                  text66        02F74
_LCDTRXCount                                 text14        02FB4
_LCDText                                     bssBANK1      00188
_LCD_Erase                                   text74        0340E
_LCD_Initialize                              text5         02F30
_LCD_Update                                  text72        03446
_LatestConnection                            bssBANK0      000D7
_MACInitParams                               bssBANK0      000D1
_MACRxPacket                                 bssCOMRAM     00036
_MACSeq                                      bssBANK0      000D8
_MACTxBuffer                                 bssBANK1      00100
_MacroNop                                    text55        0351E
_MiApp_ConnectionMode                        text52        03030
_MiApp_DiscardMessage                        text50        0350C
_MiApp_EstablishConnection                   text26        01AA4
_MiApp_MessageAvailable                      text27        03502
_MiApp_ProtocolInit                          text19        01628
_MiApp_SetChannel                            text24        03142
_MiApp_TransceiverPowerState                 text10        028FE
_MiApp_UnicastAddress                        text35        03472
_MiApp_UnicastConnection                     text34        030DA
_MiApp_UnicastStar                           text9         029FE
_MiMAC_DiscardPacket                         text51        03394
_MiMAC_Init                                  text23        0237C
_MiMAC_PowerState                            text11        02D08
_MiMAC_ReceivedPacket                        text32        017D6
_MiMAC_SendPacket                            text37        01E1A
_MiMAC_SetChannel                            text25        025D4
_MiWi                                        mediumconst   0F9AF
_MiWi_TickGet                                text43        02DB4
_NVMInit                                     text21        02664
_NVMRead                                     text20        02D5E
_NVMWrite                                    text53        022E0
_NVMalloc                                    text22        03174
_OSCCON                                      (abs)         00FD3
_P2PCapacityInfo                             bssBANK0      000D9
_P2PStatus                                   bssBANK0      000DA
_P2PTasks                                    text28        00FC8
_PIE1bits                                    (abs)         00F9D
_PIE3bits                                    (abs)         00FA3
_PIR1bits                                    (abs)         00F9E
_PIR3bits                                    (abs)         00FA4
_PORTBbits                                   (abs)         00F81
_PPSCONbits                                  (abs)         00EFF
_PUSH_BUTTON_press_time                      bssCOMRAM     00046
_PUSH_BUTTON_pressed                         bssBANK0      000DB
_PVALUE                                      mediumconst   0FA6D
_RF_Mode                                     bssCOMRAM     00056
_RPINR16                                     (abs)         00EF6
_RPINR3                                      (abs)         00EE9
_RPOR17                                      (abs)         00ED7
_RSSILock                                    bssBANK0      000DC
_RSSIVal                                     bssCOMRAM     00057
_Read_MAC_Address                            text17        026F2
_ReceivedBankIndex                           bssBANK0      000DD
_RegisterRead                                text42        0310E
_RegisterSet                                 text41        031FC
_Run_Demo                                    text6         0351A
_RxNum                                       bssBANK0      000DE
_RxPacket                                    bssBANK2      00250
_SPI1_Exchange8bit                           text54        0349A
_SSP1BUF                                     (abs)         00FC9
_SSP1CON1                                    (abs)         00FC6
_SSP1CON1bits                                (abs)         00FC6
_SSP1STAT                                    (abs)         00FC7
_SSP1STATbits                                (abs)         00FC7
_SSP2ADD                                     (abs)         00F74
_SSP2BUF                                     (abs)         00F75
_SSP2CON1                                    (abs)         00F72
_SSP2CON2                                    (abs)         00F71
_SSP2CON2bits                                (abs)         00F71
_SSP2STAT                                    (abs)         00F73
_STAR_DEMO_OPTIONS_MESSAGE                   text8         03374
_SVALUE                                      mediumconst   0FA8D
_SW_Ack_SrED                                 text31        03226
_SYSTEM_Initialize                           text4         027FA
_SendPacket                                  text36        02242
_SetRFMode                                   text40        02B76
_T1CON                                       (abs)         00FCD
_T1CONbits                                   (abs)         00FCD
_T1GCON                                      (abs)         00F9A
_TMR0L                                       (abs)         00FD6
_TMR1                                        (abs)         00FCE
_TMR1H                                       (abs)         00FCF
_TMR1L                                       (abs)         00FCE
_TMR1_Initialize                             text2         0342C
_TMR1_StartTimer                             text3         03516
_TRISA                                       (abs)         00F92
_TRISAbits                                   (abs)         00F92
_TRISB                                       (abs)         00F93
_TRISBbits                                   (abs)         00F93
_TRISC                                       (abs)         00F94
_TRISCbits                                   (abs)         00F94
_TRISD                                       (abs)         00F95
_TRISDbits                                   (abs)         00F95
_TRISE                                       (abs)         00F96
_TRISEbits                                   (abs)         00F96
_TXREG2                                      (abs)         00FA9
_TXSTA2bits                                  (abs)         00FA8
_TextLen                                     bssCOMRAM     00058
_TextPtr                                     bssCOMRAM     00059
_Total_Connections                           text49        02E02
_TxBuffer                                    bssBANK1      00165
_TxData                                      bssBANK0      000DF
_TxMACSeq                                    bssCOMRAM     0005A
_TxNum                                       bssBANK0      000E0
_TxPacket                                    text38        01BD6
_UserInterruptHandler                        text87        03486
_WDTCONbits                                  (abs)         00FC0
_WriteFIFO                                   text39        03276
__CFG_CPUDIV$OSC2_PLL2                       (abs)         00000
__CFG_OSC$INTOSC                             (abs)         00000
__CFG_PLLDIV$2                               (abs)         00000
__CFG_WDTEN$OFF                              (abs)         00000
__CFG_XINST$OFF                              (abs)         00000
__HRAM                                       (abs)         00000
__Habs1                                      abs1          00000
__Hbank0                                     bank0         00000
__Hbank1                                     bank1         00000
__Hbank10                                    bank10        00000
__Hbank11                                    bank11        00000
__Hbank12                                    bank12        00000
__Hbank13                                    bank13        00000
__Hbank14                                    bank14        00000
__Hbank2                                     bank2         00000
__Hbank3                                     bank3         00000
__Hbank4                                     bank4         00000
__Hbank5                                     bank5         00000
__Hbank6                                     bank6         00000
__Hbank7                                     bank7         00000
__Hbank8                                     bank8         00000
__Hbank9                                     bank9         00000
__Hbigbss                                    bigbss        00000
__Hbigdata                                   bigdata       00000
__Hbigram                                    bigram        00000
__Hbss                                       bss           00000
__HbssBANK0                                  bssBANK0      00000
__HbssBANK1                                  bssBANK1      00000
__HbssBANK2                                  bssBANK2      00000
__HbssBIGRAM                                 bssBIGRAM     00000
__HbssCOMRAM                                 bssCOMRAM     00000
__Hcinit                                     cinit         00000
__Hclrtext                                   clrtext       00000
__Hcomram                                    comram        00000
__Hconfig                                    config        10000
__Hconst                                     const         00000
__HcstackBANK0                               cstackBANK0   00000
__HcstackCOMRAM                              cstackCOMRAM  00000
__Hdata                                      data          00000
__HdataBANK0                                 dataBANK0     00000
__HdataBANK1                                 dataBANK1     00000
__Hend_init                                  end_init      003B8
__Hfarbss                                    farbss        00000
__Hfardata                                   fardata       00000
__Hibigdata                                  ibigdata      00000
__Hidata                                     idata         00000
__HidataBANK0                                idataBANK0    00000
__HidataBANK1                                idataBANK1    00000
__Hidloc                                     idloc         00000
__Hifardata                                  ifardata      00000
__Hinit                                      init          003B4
__Hintcode                                   intcode       003B4
__Hintcode_body                              intcode_body  00000
__Hintcodelo                                 intcodelo     003B4
__Hintentry                                  intentry      00000
__Hintret                                    intret        00000
__Hintsave_regs                              intsave_regs  00000
__Hirdata                                    irdata        00000
__Hjflash_buffer                             jflash_buffer 0F800
__Hmediumconst                               mediumconst   0FFF8
__HnvFARRAM                                  nvFARRAM      00000
__Hnvbit                                     nvbit         00000
__Hnvrram                                    nvrram        00000
__Hparam                                     rparam        00000
__Hpowerup                                   powerup       003B4
__Hram                                       ram           00000
__Hramtop                                    ramtop        00F00
__Hrbit                                      rbit          00000
__Hrbss                                      rbss          00000
__Hrdata                                     rdata         00000
__Hreset_vec                                 reset_vec     00004
__Hrparam                                    rparam        00000
__Hsfr                                       sfr           00000
__Hsmallconst                                smallconst    00000
__Hspace_0                                   (abs)         10000
__Hspace_1                                   (abs)         003DA
__Hspace_2                                   (abs)         00000
__Hstack                                     stack         00000
__Hstruct                                    struct        00000
__Htemp                                      temp          0005D
__Htext                                      text          00000
__Htext0                                     text0         00000
__Htext1                                     text1         00000
__Htext10                                    text10        00000
__Htext11                                    text11        00000
__Htext12                                    text12        00000
__Htext13                                    text13        00000
__Htext14                                    text14        00000
__Htext15                                    text15        00000
__Htext16                                    text16        00000
__Htext17                                    text17        00000
__Htext18                                    text18        00000
__Htext19                                    text19        00000
__Htext2                                     text2         00000
__Htext20                                    text20        00000
__Htext21                                    text21        00000
__Htext22                                    text22        00000
__Htext23                                    text23        00000
__Htext24                                    text24        00000
__Htext25                                    text25        00000
__Htext26                                    text26        00000
__Htext27                                    text27        00000
__Htext28                                    text28        00000
__Htext29                                    text29        00000
__Htext3                                     text3         00000
__Htext30                                    text30        00000
__Htext31                                    text31        00000
__Htext32                                    text32        00000
__Htext33                                    text33        00000
__Htext34                                    text34        00000
__Htext35                                    text35        00000
__Htext36                                    text36        00000
__Htext37                                    text37        00000
__Htext38                                    text38        00000
__Htext39                                    text39        00000
__Htext4                                     text4         00000
__Htext40                                    text40        00000
__Htext41                                    text41        00000
__Htext42                                    text42        00000
__Htext43                                    text43        00000
__Htext44                                    text44        00000
__Htext45                                    text45        00000
__Htext46                                    text46        00000
__Htext47                                    text47        00000
__Htext48                                    text48        00000
__Htext49                                    text49        00000
__Htext5                                     text5         00000
__Htext50                                    text50        00000
__Htext51                                    text51        00000
__Htext52                                    text52        00000
__Htext53                                    text53        00000
__Htext54                                    text54        00000
__Htext55                                    text55        00000
__Htext56                                    text56        00000
__Htext57                                    text57        00000
__Htext58                                    text58        00000
__Htext59                                    text59        00000
__Htext6                                     text6         00000
__Htext60                                    text60        00000
__Htext61                                    text61        00000
__Htext62                                    text62        00000
__Htext63                                    text63        00000
__Htext64                                    text64        00000
__Htext65                                    text65        00000
__Htext66                                    text66        00000
__Htext67                                    text67        00000
__Htext68                                    text68        00000
__Htext69                                    text69        00000
__Htext7                                     text7         00000
__Htext70                                    text70        00000
__Htext71                                    text71        00000
__Htext72                                    text72        00000
__Htext73                                    text73        00000
__Htext74                                    text74        00000
__Htext75                                    text75        00000
__Htext76                                    text76        00000
__Htext77                                    text77        00000
__Htext79                                    text79        00000
__Htext8                                     text8         00000
__Htext80                                    text80        00000
__Htext81                                    text81        00000
__Htext82                                    text82        00000
__Htext83                                    text83        00000
__Htext84                                    text84        00000
__Htext85                                    text85        00000
__Htext86                                    text86        00000
__Htext87                                    text87        00000
__Htext88                                    text88        00000
__Htext89                                    text89        00000
__Htext9                                     text9         00000
__LRAM                                       (abs)         00001
__Labs1                                      abs1          00000
__Lbank0                                     bank0         00000
__Lbank1                                     bank1         00000
__Lbank10                                    bank10        00000
__Lbank11                                    bank11        00000
__Lbank12                                    bank12        00000
__Lbank13                                    bank13        00000
__Lbank14                                    bank14        00000
__Lbank2                                     bank2         00000
__Lbank3                                     bank3         00000
__Lbank4                                     bank4         00000
__Lbank5                                     bank5         00000
__Lbank6                                     bank6         00000
__Lbank7                                     bank7         00000
__Lbank8                                     bank8         00000
__Lbank9                                     bank9         00000
__Lbigbss                                    bigbss        00000
__Lbigdata                                   bigdata       00000
__Lbigram                                    bigram        00000
__Lbss                                       bss           00000
__LbssBANK0                                  bssBANK0      00000
__LbssBANK1                                  bssBANK1      00000
__LbssBANK2                                  bssBANK2      00000
__LbssBIGRAM                                 bssBIGRAM     00000
__LbssCOMRAM                                 bssCOMRAM     00000
__Lcinit                                     cinit         00000
__Lclrtext                                   clrtext       00000
__Lcomram                                    comram        00000
__Lconfig                                    config        0FFF8
__Lconst                                     const         00000
__LcstackBANK0                               cstackBANK0   00000
__LcstackCOMRAM                              cstackCOMRAM  00000
__Ldata                                      data          00000
__LdataBANK0                                 dataBANK0     00000
__LdataBANK1                                 dataBANK1     00000
__Lend_init                                  end_init      003B4
__Lfarbss                                    farbss        00000
__Lfardata                                   fardata       00000
__Libigdata                                  ibigdata      00000
__Lidata                                     idata         00000
__LidataBANK0                                idataBANK0    00000
__LidataBANK1                                idataBANK1    00000
__Lidloc                                     idloc         00000
__Lifardata                                  ifardata      00000
__Linit                                      init          003B4
__Lintcode                                   intcode       00008
__Lintcode_body                              intcode_body  00000
__Lintcodelo                                 intcodelo     003B4
__Lintentry                                  intentry      00000
__Lintret                                    intret        00000
__Lintsave_regs                              intsave_regs  00000
__Lirdata                                    irdata        00000
__Ljflash_buffer                             jflash_buffer 0F800
__Lmediumconst                               mediumconst   0F9AE
__LnvFARRAM                                  nvFARRAM      00000
__Lnvbit                                     nvbit         00000
__Lnvrram                                    nvrram        00000
__Lparam                                     rparam        00000
__Lpowerup                                   powerup       003B4
__Lram                                       ram           00000
__Lramtop                                    ramtop        00F00
__Lrbit                                      rbit          00000
__Lrbss                                      rbss          00000
__Lrdata                                     rdata         00000
__Lreset_vec                                 reset_vec     00000
__Lrparam                                    rparam        00000
__Lsfr                                       sfr           00000
__Lsmallconst                                smallconst    00000
__Lspace_0                                   (abs)         00000
__Lspace_1                                   (abs)         00000
__Lspace_2                                   (abs)         00000
__Lstack                                     stack         00000
__Lstruct                                    struct        00000
__Ltemp                                      temp          0005C
__Ltext                                      text          00000
__Ltext0                                     text0         00000
__Ltext1                                     text1         00000
__Ltext10                                    text10        00000
__Ltext11                                    text11        00000
__Ltext12                                    text12        00000
__Ltext13                                    text13        00000
__Ltext14                                    text14        00000
__Ltext15                                    text15        00000
__Ltext16                                    text16        00000
__Ltext17                                    text17        00000
__Ltext18                                    text18        00000
__Ltext19                                    text19        00000
__Ltext2                                     text2         00000
__Ltext20                                    text20        00000
__Ltext21                                    text21        00000
__Ltext22                                    text22        00000
__Ltext23                                    text23        00000
__Ltext24                                    text24        00000
__Ltext25                                    text25        00000
__Ltext26                                    text26        00000
__Ltext27                                    text27        00000
__Ltext28                                    text28        00000
__Ltext29                                    text29        00000
__Ltext3                                     text3         00000
__Ltext30                                    text30        00000
__Ltext31                                    text31        00000
__Ltext32                                    text32        00000
__Ltext33                                    text33        00000
__Ltext34                                    text34        00000
__Ltext35                                    text35        00000
__Ltext36                                    text36        00000
__Ltext37                                    text37        00000
__Ltext38                                    text38        00000
__Ltext39                                    text39        00000
__Ltext4                                     text4         00000
__Ltext40                                    text40        00000
__Ltext41                                    text41        00000
__Ltext42                                    text42        00000
__Ltext43                                    text43        00000
__Ltext44                                    text44        00000
__Ltext45                                    text45        00000
__Ltext46                                    text46        00000
__Ltext47                                    text47        00000
__Ltext48                                    text48        00000
__Ltext49                                    text49        00000
__Ltext5                                     text5         00000
__Ltext50                                    text50        00000
__Ltext51                                    text51        00000
__Ltext52                                    text52        00000
__Ltext53                                    text53        00000
__Ltext54                                    text54        00000
__Ltext55                                    text55        00000
__Ltext56                                    text56        00000
__Ltext57                                    text57        00000
__Ltext58                                    text58        00000
__Ltext59                                    text59        00000
__Ltext6                                     text6         00000
__Ltext60                                    text60        00000
__Ltext61                                    text61        00000
__Ltext62                                    text62        00000
__Ltext63                                    text63        00000
__Ltext64                                    text64        00000
__Ltext65                                    text65        00000
__Ltext66                                    text66        00000
__Ltext67                                    text67        00000
__Ltext68                                    text68        00000
__Ltext69                                    text69        00000
__Ltext7                                     text7         00000
__Ltext70                                    text70        00000
__Ltext71                                    text71        00000
__Ltext72                                    text72        00000
__Ltext73                                    text73        00000
__Ltext74                                    text74        00000
__Ltext75                                    text75        00000
__Ltext76                                    text76        00000
__Ltext77                                    text77        00000
__Ltext79                                    text79        00000
__Ltext8                                     text8         00000
__Ltext80                                    text80        00000
__Ltext81                                    text81        00000
__Ltext82                                    text82        00000
__Ltext83                                    text83        00000
__Ltext84                                    text84        00000
__Ltext85                                    text85        00000
__Ltext86                                    text86        00000
__Ltext87                                    text87        00000
__Ltext88                                    text88        00000
__Ltext89                                    text89        00000
__Ltext9                                     text9         00000
__S0                                         (abs)         10000
__S1                                         (abs)         003DA
__S2                                         (abs)         00000
___inthi_sp                                  stack         00000
___intlo_sp                                  stack         00000
___lbdiv                                     text63        030A4
___lbdiv@counter                             cstackBANK0   00066
___lbdiv@dividend                            cstackBANK0   00065
___lbdiv@divisor                             cstackBANK0   00064
___lbdiv@quotient                            cstackBANK0   00067
___lbmod                                     text62        0324E
___lbmod@counter                             cstackBANK0   00062
___lbmod@dividend                            cstackBANK0   00061
___lbmod@divisor                             cstackBANK0   00060
___lbmod@rem                                 cstackBANK0   00063
___lwdiv                                     text71        02E9E
___lwdiv@counter                             cstackBANK0   00064
___lwdiv@dividend                            cstackBANK0   00060
___lwdiv@divisor                             cstackBANK0   00062
___lwdiv@quotient                            cstackBANK0   00065
___lwmod                                     text70        02FF2
___lwmod@counter                             cstackBANK0   0006B
___lwmod@dividend                            cstackBANK0   00067
___lwmod@divisor                             cstackBANK0   00069
___param_bank                                (abs)         00010
___rparam_used                               (abs)         00001
___sp                                        stack         00000
___wmul                                      text69        0329C
___wmul@multiplicand                         cstackBANK0   00062
___wmul@multiplier                           cstackBANK0   00060
___wmul@product                              cstackBANK0   00064
__accesstop                                  (abs)         00060
__activetblptr                               (abs)         00002
__end_of_AddConnection                       text47        01AA4
__end_of_ButtonPressed                       text15        029FE
__end_of_CONSOLE_PrintDec                    text61        02B76
__end_of_CONSOLE_PrintHex                    text57        030A4
__end_of_CONSOLE_Put                         text64        034F6
__end_of_CONSOLE_PutString                   text76        03352
__end_of_CheckForData                        text12        02D08
__end_of_DELAY_10us                          text44        03524
__end_of_DELAY_ms                            text75        020AE
__end_of_DemoOutput_Channel                  text60        02AFA
__end_of_DemoOutput_ChannelError             text59        03330
__end_of_DemoOutput_Greeting                 text65        02242
__end_of_DemoOutput_Instruction              text58        034CC
__end_of_DemoOutput_UnicastFail              text45        033F0
__end_of_DemoOutput_UpdateTxRx               text13        034EA
__end_of_DumpConnection                      text56        01628
__end_of_EEPROM_Read                         text18        02F30
__end_of_EUSART2_Write                       text77        03502
__end_of_Find_Index                          text46        02542
__end_of_Forward_Packet_PANCr_to_EDy         text33        024AE
__end_of_I2CTask                             text88        027FA
__end_of_I2CWrite                            text73        03472
__end_of_InitConfigRegs                      mediumconst   0FA6D
__end_of_Initialize_Demo                     text16        028FE
__end_of_LCDDisplay                          text66        02FB4
__end_of_LCDTRXCount                         text14        02FF2
__end_of_LCD_Erase                           text74        0342C
__end_of_LCD_Initialize                      text5         02F74
__end_of_LCD_Update                          text72        0345C
__end_of_MacroNop                            text55        03522
__end_of_MiApp_ConnectionMode                text52        0306A
__end_of_MiApp_DiscardMessage                text50        03512
__end_of_MiApp_EstablishConnection           text26        01BD6
__end_of_MiApp_MessageAvailable              text27        0350C
__end_of_MiApp_ProtocolInit                  text19        017D6
__end_of_MiApp_SetChannel                    text24        03174
__end_of_MiApp_TransceiverPowerState         text10        0297E
__end_of_MiApp_UnicastAddress                text35        03486
__end_of_MiApp_UnicastConnection             text34        0310E
__end_of_MiApp_UnicastStar                   text9         02A7C
__end_of_MiMAC_DiscardPacket                 text51        033B4
__end_of_MiMAC_Init                          text23        02416
__end_of_MiMAC_PowerState                    text11        02D5E
__end_of_MiMAC_ReceivedPacket                text32        01958
__end_of_MiMAC_SendPacket                    text37        01F02
__end_of_MiMAC_SetChannel                    text25        02664
__end_of_MiWi                                mediumconst   0FA2D
__end_of_MiWi_TickGet                        text43        02E02
__end_of_NVMInit                             text21        026F2
__end_of_NVMRead                             text20        02DB4
__end_of_NVMWrite                            text53        0237C
__end_of_NVMalloc                            text22        031A2
__end_of_P2PTasks                            text28        0142A
__end_of_PVALUE                              mediumconst   0FA8D
__end_of_Read_MAC_Address                    text17        02776
__end_of_RegisterRead                        text42        03142
__end_of_RegisterSet                         text41        03226
__end_of_Run_Demo                            text6         0351E
__end_of_SPI1_Exchange8bit                   text54        034AC
__end_of_STAR_DEMO_OPTIONS_MESSAGE           text8         03394
__end_of_SVALUE                              mediumconst   0FAAD
__end_of_SW_Ack_SrED                         text31        0324E
__end_of_SYSTEM_Initialize                   text4         0287C
__end_of_SendPacket                          text36        022E0
__end_of_SetRFMode                           text40        02BE2
__end_of_TMR1_Initialize                     text2         03446
__end_of_TMR1_StartTimer                     text3         0351A
__end_of_Total_Connections                   text49        02E50
__end_of_TxPacket                            text38        01CFE
__end_of_UserInterruptHandler                text87        0349A
__end_of_WriteFIFO                           text39        0329C
__end_of___lbdiv                             text63        030DA
__end_of___lbmod                             text62        03276
__end_of___lwdiv                             text71        02EE8
__end_of___lwmod                             text70        03030
__end_of___wmul                              text69        032C2
__end_of__initialization                     cinit         025C6
__end_of_dpowers                             mediumconst   0FAC3
__end_of_freezer_feature                     text1         0330C
__end_of_handle_lost_connection              text30        02CAA
__end_of_hexpowers                           mediumconst   0FACB
__end_of_high_isr                            intcode       003B4
__end_of_isSameAddress                       text48        031FC
__end_of_isdigit                             text68        0340E
__end_of_main                                text0         033D2
__end_of_octpowers                           mediumconst   0FAB9
__end_of_run_star_demo                       text7         00FC8
__end_of_sprintf                             text67        00AD2
__end_of_store_connection_tb                 text29        01FDE
__end_ofi2_DELAY_10us                        text86        03526
__end_ofi2_DELAY_ms                          text89        0217C
__end_ofi2_MiWi_TickGet                      text85        02E9E
__end_ofi2_RegisterRead                      text83        031D0
__end_ofi2_RegisterSet                       text82        032E8
__end_ofi2_SPI1_Exchange8bit                 text84        034DC
__end_ofi2_SetRFMode                         text81        02C4A
__end_ofi2_TxPacket                          text79        01E1A
__end_ofi2_WriteFIFO                         text80        03374
__initialization                             cinit         02542
__mediumconst                                mediumconst   0F9AE
__pbssBANK0                                  bssBANK0      000C7
__pbssBANK1                                  bssBANK1      00100
__pbssBANK2                                  bssBANK2      00200
__pbssBIGRAM                                 bssBIGRAM     002C2
__pbssCOMRAM                                 bssCOMRAM     00036
__pcinit                                     cinit         02542
__pcstackBANK0                               cstackBANK0   00060
__pcstackCOMRAM                              cstackCOMRAM  00001
__pdataBANK0                                 dataBANK0     000FB
__pdataBANK1                                 dataBANK1     001B1
__pidataBANK0                                idataBANK0    03512
__pidataBANK1                                idataBANK1    034AC
__pintcode                                   intcode       00008
__pmediumconst                               mediumconst   0F9AE
__ptext0                                     text0         033B4
__ptext1                                     text1         032E8
__ptext10                                    text10        028FE
__ptext11                                    text11        02D08
__ptext12                                    text12        02CAA
__ptext13                                    text13        034DC
__ptext14                                    text14        02FB4
__ptext15                                    text15        0297E
__ptext16                                    text16        0287C
__ptext17                                    text17        026F2
__ptext18                                    text18        02EE8
__ptext19                                    text19        01628
__ptext2                                     text2         0342C
__ptext20                                    text20        02D5E
__ptext21                                    text21        02664
__ptext22                                    text22        03174
__ptext23                                    text23        0237C
__ptext24                                    text24        03142
__ptext25                                    text25        025D4
__ptext26                                    text26        01AA4
__ptext27                                    text27        03502
__ptext28                                    text28        00FC8
__ptext29                                    text29        01F02
__ptext3                                     text3         03516
__ptext30                                    text30        02C4A
__ptext31                                    text31        03226
__ptext32                                    text32        017D6
__ptext33                                    text33        02416
__ptext34                                    text34        030DA
__ptext35                                    text35        03472
__ptext36                                    text36        02242
__ptext37                                    text37        01E1A
__ptext38                                    text38        01BD6
__ptext39                                    text39        03276
__ptext4                                     text4         027FA
__ptext40                                    text40        02B76
__ptext41                                    text41        031FC
__ptext42                                    text42        0310E
__ptext43                                    text43        02DB4
__ptext44                                    text44        03522
__ptext45                                    text45        033D2
__ptext46                                    text46        024AE
__ptext47                                    text47        01958
__ptext48                                    text48        031D0
__ptext49                                    text49        02E02
__ptext5                                     text5         02F30
__ptext50                                    text50        0350C
__ptext51                                    text51        03394
__ptext52                                    text52        03030
__ptext53                                    text53        022E0
__ptext54                                    text54        0349A
__ptext55                                    text55        0351E
__ptext56                                    text56        0142A
__ptext57                                    text57        0306A
__ptext58                                    text58        034BC
__ptext59                                    text59        0330C
__ptext6                                     text6         0351A
__ptext60                                    text60        02A7C
__ptext61                                    text61        02AFA
__ptext62                                    text62        0324E
__ptext63                                    text63        030A4
__ptext64                                    text64        034EA
__ptext65                                    text65        0217C
__ptext66                                    text66        02F74
__ptext67                                    text67        003B8
__ptext68                                    text68        033F0
__ptext69                                    text69        0329C
__ptext7                                     text7         00AD2
__ptext70                                    text70        02FF2
__ptext71                                    text71        02E9E
__ptext72                                    text72        03446
__ptext73                                    text73        0345C
__ptext74                                    text74        0340E
__ptext75                                    text75        01FDE
__ptext76                                    text76        03330
__ptext77                                    text77        034F6
[...]
      Locals:         1       0       0       0       0       0       0       0       0       0       0       0       0       0       0       0
      Temps:          0       0       0       0       0       0       0       0       0       0       0       0       0       0       0       0
      Totals:         1       0       0       0       0       0       0       0       0       0       0       0       0       0       0       0
Total ram usage:        1 bytes
 Hardware stack levels used:    1
 Hardware stack levels required when called:    2
 This function calls:
		i2_RegisterSet
 This function is called by:
		i2_TxPacket
 This function uses a non-reentrant model


 *************** function i2_RegisterSet *****************
 Defined at:
		line 164 in file "../../../../../framework/driver/mrf_miwi/src/drv_mrf_miwi_89xa.c"
 Parameters:    Size  Location     Type
  setting         2    1[COMRAM] unsigned int 
 Auto vars:     Size  Location     Type
  RegisterSet     1    3[COMRAM] unsigned char 
 Return value:  Size  Location     Type
		None               void
 Registers used:
		wreg, status,2, cstack
 Tracked objects:
		On entry : 
		On exit  : 
		Unchanged: 
 Data sizes:     COMRAM   BANK0   BANK1   BANK2   BANK3   BANK4   BANK5   BANK6   BANK7   BANK8   BANK9  BANK10  BANK11  BANK12  BANK13  BANK14
      Params:         2       0       0       0       0       0       0       0       0       0       0       0       0       0       0       0
      Locals:         1       0       0       0       0       0       0       0       0       0       0       0       0       0       0       0
      Temps:          0       0       0       0       0       0       0       0       0       0       0       0       0       0       0       0
      Totals:         3       0       0       0       0       0       0       0       0       0       0       0       0       0       0       0
Total ram usage:        3 bytes
 Hardware stack levels used:    1
 Hardware stack levels required when called:    1
 This function calls:
		i2_SPI1_Exchange8bit
 This function is called by:
		i2_TxPacket
		i2_SetRFMode
 This function uses a non-reentrant model


 *************** function i2_RegisterRead *****************
 Defined at:
		line 200 in file "../../../../../framework/driver/mrf_miwi/src/drv_mrf_miwi_89xa.c"
 Parameters:    Size  Location     Type
  address         1    wreg     unsigned char 
 Auto vars:     Size  Location     Type
  address         1    1[COMRAM] unsigned char 
  RegisterRead    1    3[COMRAM] unsigned char 
  RegisterRead    1    2[COMRAM] unsigned char 
 Return value:  Size  Location     Type
                  1    wreg      unsigned char 
 Registers used:
		wreg, status,2, status,0, cstack
 Tracked objects:
		On entry : 
		On exit  : 
		Unchanged: 
 Data sizes:     COMRAM   BANK0   BANK1   BANK2   BANK3   BANK4   BANK5   BANK6   BANK7   BANK8   BANK9  BANK10  BANK11  BANK12  BANK13  BANK14
      Params:         0       0       0       0       0       0       0       0       0       0       0       0       0       0       0       0
      Locals:         3       0       0       0       0       0       0       0       0       0       0       0       0       0       0       0
      Temps:          0       0       0       0       0       0       0       0       0       0       0       0       0       0       0       0
      Totals:         3       0       0       0       0       0       0       0       0       0       0       0       0       0       0       0
Total ram usage:        3 bytes
 Hardware stack levels used:    1
 Hardware stack levels required when called:    1
 This function calls:
		i2_SPI1_Exchange8bit
 This function is called by:
		_high_isr
		i2_TxPacket
 This function uses a non-reentrant model


 *************** function i2_SPI1_Exchange8bit *****************
 Defined at:
		line 51 in file "../src/system_config/8bitwdk_pic18f46j50_89xa/spi.c"
 Parameters:    Size  Location     Type
  data            1    wreg     unsigned char 
 Auto vars:     Size  Location     Type
  data            1    0[COMRAM] unsigned char 
 Return value:  Size  Location     Type
                  1    wreg      unsigned char 
 Registers used:
		wreg, status,2
 Tracked objects:
		On entry : 
		On exit  : 
		Unchanged: 
 Data sizes:     COMRAM   BANK0   BANK1   BANK2   BANK3   BANK4   BANK5   BANK6   BANK7   BANK8   BANK9  BANK10  BANK11  BANK12  BANK13  BANK14
      Params:         0       0       0       0       0       0       0       0       0       0       0       0       0       0       0       0
      Locals:         1       0       0       0       0       0       0       0       0       0       0       0       0       0       0       0
      Temps:          0       0       0       0       0       0       0       0       0       0       0       0       0       0       0       0
      Totals:         1       0       0       0       0       0       0       0       0       0       0       0       0       0       0       0
Total ram usage:        1 bytes
 Hardware stack levels used:    1
 This function calls:
		Nothing
 This function is called by:
		_high_isr
		i2_RegisterSet
		i2_RegisterRead
		i2_WriteFIFO
 This function uses a non-reentrant model


 *************** function i2_MiWi_TickGet *****************
 Defined at:
		line 114 in file "../src/system_config/8bitwdk_pic18f46j50_89xa/symbol.c"
 Parameters:    Size  Location     Type
		None
 Auto vars:     Size  Location     Type
  MiWi_TickGet    4    6[COMRAM] struct _MIWI_TICK
  MiWi_TickGet    1    5[COMRAM] unsigned char 
 Return value:  Size  Location     Type
                  4    0[COMRAM] struct _MIWI_TICK
 Registers used:
		wreg, status,2, status,0
 Tracked objects:
		On entry : 
		On exit  : 
		Unchanged: 
 Data sizes:     COMRAM   BANK0   BANK1   BANK2   BANK3   BANK4   BANK5   BANK6   BANK7   BANK8   BANK9  BANK10  BANK11  BANK12  BANK13  BANK14
      Params:         4       0       0       0       0       0       0       0       0       0       0       0       0       0       0       0
      Locals:         5       0       0       0       0       0       0       0       0       0       0       0       0       0       0       0
      Temps:          1       0       0       0       0       0       0       0       0       0       0       0       0       0       0       0
      Totals:        10       0       0       0       0       0       0       0       0       0       0       0       0       0       0       0
Total ram usage:       10 bytes
 Hardware stack levels used:    1
 This function calls:
		Nothing
 This function is called by:
		_high_isr
		i2_TxPacket
 This function uses a non-reentrant model


 *************** function i2_DELAY_10us *****************
 Defined at:
		line 47 in file "../src/system_config/8bitwdk_pic18f46j50_89xa/delay.c"
 Parameters:    Size  Location     Type
  tenMicroSeco    4    0[COMRAM] unsigned long 
 Auto vars:     Size  Location     Type
  DELAY_10us      4    0        volatile long 
 Return value:  Size  Location     Type
		None               void
 Registers used:
		None
 Tracked objects:
		On entry : 
		On exit  : 
		Unchanged: 
 Data sizes:     COMRAM   BANK0   BANK1   BANK2   BANK3   BANK4   BANK5   BANK6   BANK7   BANK8   BANK9  BANK10  BANK11  BANK12  BANK13  BANK14
      Params:         4       0       0       0       0       0       0       0       0       0       0       0       0       0       0       0
      Locals:         4       0       0       0       0       0       0       0       0       0       0       0       0       0       0       0
      Temps:          0       0       0       0       0       0       0       0       0       0       0       0       0       0       0       0
      Totals:         8       0       0       0       0       0       0       0       0       0       0       0       0       0       0       0
Total ram usage:        8 bytes
 Hardware stack levels used:    1
 This function calls:
		Nothing
 This function is called by:
		i2_TxPacket
 This function uses a non-reentrant model


 *************** function _UserInterruptHandler *****************
 Defined at:
		line 347 in file "../src/system_config/8bitwdk_pic18f46j50_89xa/lcd.c"
 Parameters:    Size  Location     Type
		None
 Auto vars:     Size  Location     Type
		None
 Return value:  Size  Location     Type
		None               void
 Registers used:
		wreg, fsr2l, fsr2h, status,2, status,0, prodl, prodh, cstack
 Tracked objects:
		On entry : 
		On exit  : 
		Unchanged: 
 Data sizes:     COMRAM   BANK0   BANK1   BANK2   BANK3   BANK4   BANK5   BANK6   BANK7   BANK8   BANK9  BANK10  BANK11  BANK12  BANK13  BANK14
      Params:         0       0       0       0       0       0       0       0       0       0       0       0       0       0       0       0
      Locals:         0       0       0       0       0       0       0       0       0       0       0       0       0       0       0       0
      Temps:          0       0       0       0       0       0       0       0       0       0       0       0       0       0       0       0
      Totals:         0       0       0       0       0       0       0       0       0       0       0       0       0       0       0       0
Total ram usage:        0 bytes
 Hardware stack levels used:    1
 Hardware stack levels required when called:    2
 This function calls:
		_I2CTask
		i2_DELAY_ms
 This function is called by:
		_high_isr
 This function uses a non-reentrant model


 *************** function _I2CTask *****************
 Defined at:
		line 66 in file "../src/system_config/8bitwdk_pic18f46j50_89xa/lcd.c"
 Parameters:    Size  Location     Type
		None
 Auto vars:     Size  Location     Type
		None
 Return value:  Size  Location     Type
		None               void
 Registers used:
		wreg, fsr2l, fsr2h, status,2, status,0, prodl, prodh, cstack
 Tracked objects:
		On entry : 
		On exit  : 
		Unchanged: 
 Data sizes:     COMRAM   BANK0   BANK1   BANK2   BANK3   BANK4   BANK5   BANK6   BANK7   BANK8   BANK9  BANK10  BANK11  BANK12  BANK13  BANK14
      Params:         0       0       0       0       0       0       0       0       0       0       0       0       0       0       0       0
      Locals:         0       0       0       0       0       0       0       0       0       0       0       0       0       0       0       0
      Temps:          0       0       0       0       0       0       0       0       0       0       0       0       0       0       0       0
      Totals:         0       0       0       0       0       0       0       0       0       0       0       0       0       0       0       0
Total ram usage:        0 bytes
 Hardware stack levels used:    1
 Hardware stack levels required when called:    1
 This function calls:
		i2_DELAY_ms
 This function is called by:
		_UserInterruptHandler
 This function uses a non-reentrant model


 *************** function i2_DELAY_ms *****************
 Defined at:
		line 108 in file "../src/system_config/8bitwdk_pic18f46j50_89xa/delay.c"
 Parameters:    Size  Location     Type
  ms              2    0[COMRAM] unsigned int 
 Auto vars:     Size  Location     Type
  DELAY_ms        4   10[COMRAM] long 
 Return value:  Size  Location     Type
		None               void
 Registers used:
		wreg, status,2, status,0, prodl, prodh
 Tracked objects:
		On entry : 
		On exit  : 
		Unchanged: 
 Data sizes:     COMRAM   BANK0   BANK1   BANK2   BANK3   BANK4   BANK5   BANK6   BANK7   BANK8   BANK9  BANK10  BANK11  BANK12  BANK13  BANK14
      Params:         2       0       0       0       0       0       0       0       0       0       0       0       0       0       0       0
      Locals:         4       0       0       0       0       0       0       0       0       0       0       0       0       0       0       0
      Temps:          8       0       0       0       0       0       0       0       0       0       0       0       0       0       0       0
      Totals:        14       0       0       0       0       0       0       0       0       0       0       0       0       0       0       0
Total ram usage:       14 bytes
 Hardware stack levels used:    1
 This function calls:
		Nothing
 This function is called by:
		_I2CTask
		_UserInterruptHandler
 This function uses a non-reentrant model



MODULE INFORMATION

Module		Function		Class		Link	Load	Size
../src/system_config/8bitwdk_pic18f46j50_89xa/spi.c
		_SPI1_Exchange8bit		CODE           	349A	0000	19

../src/system_config/8bitwdk_pic18f46j50_89xa/spi.c estimated size: 19

../src/star_demo.c
		_run_star_demo 		CODE           	0AD2	0000	1271

../src/star_demo.c estimated size: 1271

../src/task.c
		_Initialize_Demo		CODE           	287C	0000	131
		_freezer_feature		CODE           	32E8	0000	37
		_Run_Demo      		CODE           	351A	0000	5

../src/task.c estimated size: 173

../../../../../framework/miwi/src/miwi_nvm.c
		_NVMWrite      		CODE           	22E0	0000	157
		_NVMInit       		CODE           	2664	0000	143
		_NVMalloc      		CODE           	3174	0000	47
		_NVMRead       		CODE           	2D5E	0000	87

../../../../../framework/miwi/src/miwi_nvm.c estimated size: 434

C:\Program Files (x86)\Microchip\xc8\v1.35\sources\common\isdigit.c
		_isdigit       		CODE           	33F0	0000	31

C:\Program Files (x86)\Microchip\xc8\v1.35\sources\common\isdigit.c estimated size: 31

../src/system_config/8bitwdk_pic18f46j50_89xa/lcd.c
		_LCD_Erase     		CODE           	340E	0000	31
		_LCD_Initialize		CODE           	2F30	0000	69
		_LCD_Update    		CODE           	3446	0000	23
		_UserInterruptHandler		CODE           	3486	0000	21
		_LCDDisplay    		CODE           	2F74	0000	65
		_I2CWrite      		CODE           	345C	0000	23
		_I2CTask       		CODE           	2776	0000	133
		_LCDTRXCount   		CODE           	2FB4	0000	63

../src/system_config/8bitwdk_pic18f46j50_89xa/lcd.c estimated size: 428

../src/system_config/8bitwdk_pic18f46j50_89xa/eeprom.c
		_EEPROM_Read   		CODE           	2EE8	0000	73
		_Read_MAC_Address		CODE           	26F2	0000	133

../src/system_config/8bitwdk_pic18f46j50_89xa/eeprom.c estimated size: 206

C:\Program Files (x86)\Microchip\xc8\v1.35\sources\common\lbdiv.c
		___lbdiv       		CODE           	30A4	0000	55

C:\Program Files (x86)\Microchip\xc8\v1.35\sources\common\lbdiv.c estimated size: 55

../src/system_config/8bitwdk_pic18f46j50_89xa/symbol.c
		_TMR1_Initialize		CODE           	342C	0000	27
		_MiWi_TickGet  		CODE           	2DB4	0000	79
		_TMR1_StartTimer		CODE           	3516	0000	5

../src/system_config/8bitwdk_pic18f46j50_89xa/symbol.c estimated size: 111

../../../../../framework/miwi/src/miwi_p2p.c
		_MiApp_EstablishConnection		CODE           	1AA4	0000	307
		_MiApp_TransceiverPowerState		CODE           	28FE	0000	129
		_MiApp_ProtocolInit		CODE           	1628	0000	431
		_MiApp_UnicastAddress		CODE           	3472	0000	21
		_DumpConnection		CODE           	142A	0000	511
		_MiApp_UnicastStar		CODE           	29FE	0000	127
		_MacroNop      		CODE           	351E	0000	5
		_store_connection_tb		CODE           	1F02	0000	221
		_Total_Connections		CODE           	2E02	0000	79
		_P2PTasks      		CODE           	0FC8	0000	1123
		_Find_Index    		CODE           	24AE	0000	149
		_handle_lost_connection		CODE           	2C4A	0000	97
		_MiApp_UnicastConnection		CODE           	30DA	0000	53
		_SendPacket    		CODE           	2242	0000	159
		_Forward_Packet_PANCr_to_EDy		CODE           	2416	0000	153
		_SW_Ack_SrED   		CODE           	3226	0000	41
		_AddConnection 		CODE           	1958	0000	333
		_MiApp_SetChannel		CODE           	3142	0000	51
		_CheckForData  		CODE           	2CAA	0000	95
		_MiApp_DiscardMessage		CODE           	350C	0000	7
		_MiApp_MessageAvailable		CODE           	3502	0000	11
		_isSameAddress 		CODE           	31D0	0000	45
		_MiApp_ConnectionMode		CODE           	3030	0000	59

../../../../../framework/miwi/src/miwi_p2p.c estimated size: 4207

C:\Program Files (x86)\Microchip\xc8\v1.35\sources\common\lwmod.c
		___lwmod       		CODE           	2FF2	0000	63

C:\Program Files (x86)\Microchip\xc8\v1.35\sources\common\lwmod.c estimated size: 63

../../../../../framework/driver/mrf_miwi/src/drv_mrf_miwi_89xa.c
		_SetRFMode     		CODE           	2B76	0000	109
		_MiMAC_ReceivedPacket		CODE           	17D6	0000	387
		_MiMAC_DiscardPacket		CODE           	3394	0000	33
		_high_isr      		CODE           	0008	0000	941
		_MiMAC_PowerState		CODE           	2D08	0000	87
		_MiMAC_SetChannel		CODE           	25D4	0000	145
		_MiMAC_Init    		CODE           	237C	0000	155
		_MiMAC_SendPacket		CODE           	1E1A	0000	233
		_WriteFIFO     		CODE           	3276	0000	39
		_TxPacket      		CODE           	1BD6	0000	297
		_RegisterSet   		CODE           	31FC	0000	43
		_RegisterRead  		CODE           	310E	0000	53

../../../../../framework/driver/mrf_miwi/src/drv_mrf_miwi_89xa.c estimated size: 2522

C:\Program Files (x86)\Microchip\xc8\v1.35\sources\common\doprnt.c
		_sprintf       		CODE           	03B8	0000	1819

C:\Program Files (x86)\Microchip\xc8\v1.35\sources\common\doprnt.c estimated size: 1819

shared
		i2_RegisterSet 		CODE           	32C2	0000	39
		i2_SPI1_Exchange8bit		CODE           	34CC	0000	17
		i2_RegisterRead		CODE           	31A2	0000	47
		i2_DELAY_ms    		CODE           	20AE	0000	207
		_dpowers       		MEDIUMCONST    	FAB9	0000	11
		i2_DELAY_10us  		CODE           	3524	0000	3
		i2_SetRFMode   		CODE           	2BE2	0000	105
		_InitConfigRegs		MEDIUMCONST    	FA2D	0000	65
		_PVALUE        		MEDIUMCONST    	FA6D	0000	33
		_SVALUE        		MEDIUMCONST    	FA8D	0000	33
		__initialization		CODE           	2542	0000	133
		_octpowers     		MEDIUMCONST    	FAAD	0000	13
		_hexpowers     		MEDIUMCONST    	FAC3	0000	9
		i2_WriteFIFO   		CODE           	3352	0000	35
		i2_MiWi_TickGet		CODE           	2E50	0000	79
		i2_TxPacket    		CODE           	1CFE	0000	285
		_MiWi          		MEDIUMCONST    	F9AF	0000	127

shared estimated size: 1241

../src/system_config/8bitwdk_pic18f46j50_89xa/system.c
		_SYSTEM_Initialize		CODE           	27FA	0000	131

../src/system_config/8bitwdk_pic18f46j50_89xa/system.c estimated size: 131

../src/system_config/8bitwdk_pic18f46j50_89xa/delay.c
		_DELAY_ms      		CODE           	1FDE	0000	209
		_DELAY_10us    		CODE           	3522	0000	3

../src/system_config/8bitwdk_pic18f46j50_89xa/delay.c estimated size: 212

../src/demo_ouput.c
		_DemoOutput_UnicastFail		CODE           	33D2	0000	31
		_ButtonPressed 		CODE           	297E	0000	129
		_STAR_DEMO_OPTIONS_MESSAGE		CODE           	3374	0000	33
		_DemoOutput_ChannelError		CODE           	330C	0000	37
		_DemoOutput_Instruction		CODE           	34BC	0000	17
		_DemoOutput_Channel		CODE           	2A7C	0000	127
		_DemoOutput_UpdateTxRx		CODE           	34DC	0000	15
		_DemoOutput_Greeting		CODE           	217C	0000	199

../src/demo_ouput.c estimated size: 588

C:\Program Files (x86)\Microchip\xc8\v1.35\sources\common\lwdiv.c
		___lwdiv       		CODE           	2E9E	0000	75

C:\Program Files (x86)\Microchip\xc8\v1.35\sources\common\lwdiv.c estimated size: 75

../src/main.c
		_main          		CODE           	33B4	0000	31

../src/main.c estimated size: 31

C:\Program Files (x86)\Microchip\xc8\v1.35\sources\common\Umul16.c
		___wmul        		CODE           	329C	0000	39

C:\Program Files (x86)\Microchip\xc8\v1.35\sources\common\Umul16.c estimated size: 39

C:\Program Files (x86)\Microchip\xc8\v1.35\sources\common\lbmod.c
		___lbmod       		CODE           	324E	0000	41

C:\Program Files (x86)\Microchip\xc8\v1.35\sources\common\lbmod.c estimated size: 41

../src/system_config/8bitwdk_pic18f46j50_89xa/console.c
		_CONSOLE_Put   		CODE           	34EA	0000	13
		_CONSOLE_PrintDec		CODE           	2AFA	0000	125
		_EUSART2_Write 		CODE           	34F6	0000	13
		_CONSOLE_PrintHex		CODE           	306A	0000	59
		_CONSOLE_PutString		CODE           	3330	0000	35

../src/system_config/8bitwdk_pic18f46j50_89xa/console.c estimated size: 245

