MPLINK 5.00, LINKER
Linker Map File - Created Sun Jul 12 22:20:39 2015

                                 Section Info
                  Section       Type    Address   Location Size(Bytes)
                ---------  ---------  ---------  ---------  ---------
               _entry_scn       code   0x000000    program   0x000006
           .code___init.o       code   0x000006    program   0x000002
               highVector       code   0x000008    program   0x000006
.romdata_HardwareProfile.o    romdata   0x00000e    program   0x000000
      .romdata_MRF24J40.o    romdata   0x00000e    program   0x000000
      .romdata_security.o    romdata   0x00000e    program   0x000000
      .idata_security.o_i    romdata   0x00000e    program   0x000000
           .romdata_crc.o    romdata   0x00000e    program   0x000000
           .idata_crc.o_i    romdata   0x00000e    program   0x000000
           .romdata_P2P.o    romdata   0x00000e    program   0x000000
          .romdata_main.o    romdata   0x00000e    program   0x000000
          .romdata_MiWi.o    romdata   0x00000e    program   0x000000
          .romdata_AL_P.o    romdata   0x00000e    program   0x000000
          .romdata_MSPI.o    romdata   0x00000e    program   0x000000
     .idata_TimeDelay.o_i    romdata   0x00000e    program   0x000000
     .romdata_TimeDelay.o    romdata   0x00000e    program   0x000000
        .romdata_EEPROM.o    romdata   0x00000e    program   0x000000
           .romdata_NVM.o    romdata   0x00000e    program   0x000000
    .idata_SymbolTime.o_i    romdata   0x00000e    program   0x000000
    .romdata_SymbolTime.o    romdata   0x00000e    program   0x000000
       .romdata_Console.o    romdata   0x00000e    program   0x000000
       .romdata_fxm3232.o    romdata   0x00000e    program   0x000000
        .idata___init.o_i    romdata   0x00000e    program   0x000000
           .romdata_BSP.o    romdata   0x00000e    program   0x000000
       .idata_fxm3232.o_i    romdata   0x00000e    program   0x000000
           .idata_PIR.o_i    romdata   0x00000e    program   0x000008
           .romdata_PIR.o    romdata   0x00000e    program   0x000000
      .romdata_fxd1616u.o    romdata   0x00000e    program   0x000000
        .idata_TCN75A.o_i    romdata   0x00000e    program   0x000000
        .romdata___init.o    romdata   0x00000e    program   0x000000
        .romdata_TCN75A.o    romdata   0x00000e    program   0x000000
      .idata_fxd1616u.o_i    romdata   0x00000e    program   0x000000
      .romdata_fxd0808u.o    romdata   0x00000e    program   0x000000
       .romdata_Battery.o    romdata   0x00000e    program   0x000000
      .idata_fxd0808u.o_i    romdata   0x00000e    program   0x000000
       .romdata_MRF89XA.o    romdata   0x00000e    program   0x000000
         .romdata_c018i.o    romdata   0x00000e    program   0x000000
       .romdata_MRF49XA.o    romdata   0x00000e    program   0x000000
         .idata_c018i.o_i    romdata   0x00000e    program   0x000000
        .idata_EEPROM.o_i    romdata   0x000016    program   0x000000
          .idata_MSPI.o_i    romdata   0x000016    program   0x000000
          .idata_MiWi.o_i    romdata   0x000016    program   0x000000
           .idata_P2P.o_i    romdata   0x000016    program   0x000000
       .idata_MRF89XA.o_i    romdata   0x000016    program   0x000000
       .idata_MRF49XA.o_i    romdata   0x000016    program   0x000000
       .idata_Console.o_i    romdata   0x000016    program   0x000000
           .idata_BSP.o_i    romdata   0x000016    program   0x000002
       .idata_Battery.o_i    romdata   0x000016    program   0x000000
           .idata_NVM.o_i    romdata   0x000016    program   0x000000
    .idata_DemoOutput.o_i    romdata   0x000016    program   0x000000
.idata_HardwareProfile.o_i    romdata   0x000016    program   0x000000
               lowhVector       code   0x000018    program   0x000006
                   .cinit    romdata   0x00001e    program   0x00003e
          .code_MiWiPRO.o       code   0x00005c    program   0x00339e
         .code_MRF24J40.o       code   0x0033fa    program   0x001b7e
             .code_main.o       code   0x004f78    program   0x0003e8
       .code_DemoOutput.o       code   0x005360    program   0x0003a4
           .code_TCN75A.o       code   0x005704    program   0x0002e0
  .code_HardwareProfile.o       code   0x0059e4    program   0x0002b0
              .code_NVM.o       code   0x005c94    program   0x00024c
        .code_TimeDelay.o       code   0x005ee0    program   0x000224
             .code_AL_P.o       code   0x006104    program   0x00020c
              .code_BSP.o       code   0x006310    program   0x0001e4
              .code_PIR.o       code   0x0064f4    program   0x0000f2
             .code_MSPI.o       code   0x0065e6    program   0x0000d8
       .code_SymbolTime.o       code   0x0066be    program   0x0000c2
    .romdata_DemoOutput.o    romdata   0x006780    program   0x0000c0
                   STRING       code   0x006840    program   0x0000a2
               _cinit_scn       code   0x0068e2    program   0x00009e
             .stringtable    romdata   0x006980    program   0x00008c
          .code_fxm3232.o       code   0x006a0c    program   0x000070
       .romdata_MiWiPRO.o    romdata   0x006a7c    program   0x00003c
          .code_Battery.o       code   0x006ab8    program   0x000034
         .code_fxd1616u.o       code   0x006aec    program   0x00002c
                    .code       code   0x006b18    program   0x000020
             _startup_scn       code   0x006b38    program   0x00001c
         .code_fxd0808u.o       code   0x006b54    program   0x00001c
          .idata_main.o_i    romdata   0x006b70    program   0x00002e
       .idata_MiWiPRO.o_i    romdata   0x006b9e    program   0x00000d
      .idata_MRF24J40.o_i    romdata   0x006bab    program   0x000003
             .code_MiWi.o       code   0x006bae    program   0x000000
          .code_Console.o       code   0x006bae    program   0x000000
            .code_c018i.o       code   0x006bae    program   0x000000
          .idata_AL_P.o_i    romdata   0x006bae    program   0x000000
          .code_MRF89XA.o       code   0x006bae    program   0x000000
           .code_EEPROM.o       code   0x006bae    program   0x000000
          .code_MRF49XA.o       code   0x006bae    program   0x000000
              .code_P2P.o       code   0x006bae    program   0x000000
              .code_crc.o       code   0x006bae    program   0x000000
         .code_security.o       code   0x006bae    program   0x000000
                    dbgP0       code   0x00fd30    program   0x0002d0
.config_300001_HardwareProfile.o    romdata   0x300001    program   0x000001
.config_300002_HardwareProfile.o    romdata   0x300002    program   0x000001
.config_300003_HardwareProfile.o    romdata   0x300003    program   0x000001
.config_300005_HardwareProfile.o    romdata   0x300005    program   0x000001
.config_300006_HardwareProfile.o    romdata   0x300006    program   0x000001
                MATH_DATA      udata   0x000000       data   0x000010
                 .tmpdata      udata   0x000010       data   0x000008
              HighISR_tmp      udata   0x000018       data   0x000004
              MAC_RX_BUFF      udata   0x000060       data   0x0000a0
       __CONNECTION_TABLE      udata   0x000100       data   0x00008c
        .udata_MRF24J40.o      udata   0x00018c       data   0x00000a
            .udata_AL_P.o      udata   0x000196       data   0x000009
             .idata_PIR.o      idata   0x00019f       data   0x000008
 .udata_HardwareProfile.o      udata   0x0001a7       data   0x000005
        .idata_MRF24J40.o      idata   0x0001ac       data   0x000003
      .udata_SymbolTime.o      udata   0x0001af       data   0x000002
             .idata_BSP.o      idata   0x0001b1       data   0x000002
         .udata_Battery.o      udata   0x0001b3       data   0x000001
            .idata_MiWi.o      idata   0x0001b4       data   0x000000
        .idata_security.o      idata   0x0001b4       data   0x000000
        .udata_security.o      udata   0x0001b4       data   0x000000
             .idata_crc.o      idata   0x0001b4       data   0x000000
             .udata_crc.o      udata   0x0001b4       data   0x000000
             .idata_P2P.o      idata   0x0001b4       data   0x000000
             .udata_P2P.o      udata   0x0001b4       data   0x000000
         .udata_MRF49XA.o      udata   0x0001b4       data   0x000000
         .idata_MRF49XA.o      idata   0x0001b4       data   0x000000
         .udata_MRF89XA.o      udata   0x0001b4       data   0x000000
         .idata_MRF89XA.o      idata   0x0001b4       data   0x000000
        .udata_fxd0808u.o      udata   0x0001b4       data   0x000000
        .idata_fxd0808u.o      idata   0x0001b4       data   0x000000
        .udata_fxd1616u.o      udata   0x0001b4       data   0x000000
        .idata_fxd1616u.o      idata   0x0001b4       data   0x000000
         .udata_fxm3232.o      udata   0x0001b4       data   0x000000
         .idata_fxm3232.o      idata   0x0001b4       data   0x000000
          .udata___init.o      udata   0x0001b4       data   0x000000
          .idata___init.o      idata   0x0001b4       data   0x000000
           .idata_c018i.o      idata   0x0001b4       data   0x000000
          .udata_TCN75A.o      udata   0x0001b4       data   0x000000
          .idata_TCN75A.o      idata   0x0001b4       data   0x000000
         .idata_Battery.o      idata   0x0001b4       data   0x000000
      .udata_DemoOutput.o      udata   0x0001b4       data   0x000000
      .idata_DemoOutput.o      idata   0x0001b4       data   0x000000
 .idata_HardwareProfile.o      idata   0x0001b4       data   0x000000
            .idata_AL_P.o      idata   0x0001b4       data   0x000000
       .udata_TimeDelay.o      udata   0x0001b4       data   0x000000
       .idata_TimeDelay.o      idata   0x0001b4       data   0x000000
             .idata_NVM.o      idata   0x0001b4       data   0x000000
      .idata_SymbolTime.o      idata   0x0001b4       data   0x000000
         .udata_Console.o      udata   0x0001b4       data   0x000000
         .idata_Console.o      idata   0x0001b4       data   0x000000
          .udata_EEPROM.o      udata   0x0001b4       data   0x000000
            .udata_MiWi.o      udata   0x0001b4       data   0x000000
            .idata_MSPI.o      idata   0x0001b4       data   0x000000
          .idata_EEPROM.o      idata   0x0001b4       data   0x000000
            .udata_MSPI.o      udata   0x0001b4       data   0x000000
                   .stack      udata   0x000d00       data   0x000100
         .udata_MiWiPRO.o      udata   0x000e00       data   0x0000b3
               TRX_BUFFER      udata   0x000eb3       data   0x000033
         .idata_MiWiPRO.o      idata   0x000ee6       data   0x00000d
            .udata_main.o      udata   0x000ef3       data   0x000001
                    dbgD0      udata   0x000ef4       data   0x00000c
            .idata_main.o      idata   0x000f00       data   0x00002e
             .udata_BSP.o      udata   0x000f2e       data   0x000011
             .udata_NVM.o      udata   0x000f3f       data   0x000010
           .udata_c018i.o      udata   0x000f4f       data   0x00000a
             .udata_PIR.o      udata   0x000f59       data   0x000007
            SFR_UNBANKED0      udata   0x000f77       data   0x000089



                              Program Memory Usage 
                               Start         End      
                           ---------   ---------      
                            0x000000    0x006bad      
                            0x00fd30    0x00ffff      
                            0x300001    0x300003      
                            0x300005    0x300006      
            28291 out of 66584 program addresses used, program memory utilization is 42%



                              Symbols - Sorted by Name
                     Name    Address   Location    Storage File                     
                ---------  ---------  ---------  --------- ---------                
    AddNodeToNetworkTable   0x0015bc    program     extern C:\Workspace\EndDevice\Microchip\WirelessProtocols\MiWiPRO\MiWiPRO.c
              AfterWakeup   0x005c20    program     extern C:\Workspace\EndDevice\HardwareProfile.c
            BSP_GetButton   0x006408    program     extern C:\Workspace\EndDevice\BSP.c
     BSP_InitializeThings   0x006310    program     extern C:\Workspace\EndDevice\BSP.c
               BSP_SetLED   0x006434    program     extern C:\Workspace\EndDevice\BSP.c
              BSP_Standby   0x006492    program     extern C:\Workspace\EndDevice\BSP.c
        BSP_UpdateButtons   0x00631e    program     extern C:\Workspace\EndDevice\BSP.c
                BoardInit   0x0059e4    program     extern C:\Workspace\EndDevice\HardwareProfile.c
          BroadcastJitter   0x000060    program     extern C:\Workspace\EndDevice\Microchip\WirelessProtocols\MiWiPRO\MiWiPRO.c
            ButtonPressed   0x005b1e    program     extern C:\Workspace\EndDevice\HardwareProfile.c
             CheckForData   0x00173e    program     extern C:\Workspace\EndDevice\Microchip\WirelessProtocols\MiWiPRO\MiWiPRO.c
        ConsoleFillBuffer   0x006256    program     extern C:\Workspace\EndDevice\AL_P.c
                       DE   0x0067fe    program     extern C:\Workspace\EndDevice\DemoOutput.c
         DeInitBatteryMng   0x006ae6    program     extern C:\Workspace\EndDevice\Battery.c
                Delay10us   0x005ee0    program     extern C:\Workspace\EndDevice\Microchip\Common\TimeDelay.c
                  DelayMs   0x005ff6    program     extern C:\Workspace\EndDevice\Microchip\Common\TimeDelay.c
DemoOutput_ActiveScanResults   0x0053d0    program     extern C:\Workspace\EndDevice\DemoOutput.c
       DemoOutput_Channel   0x00537c    program     extern C:\Workspace\EndDevice\DemoOutput.c
  DemoOutput_ChannelError   0x0056d8    program     extern C:\Workspace\EndDevice\DemoOutput.c
     DemoOutput_Connected   0x005446    program     extern C:\Workspace\EndDevice\DemoOutput.c
      DemoOutput_Greeting   0x005360    program     extern C:\Workspace\EndDevice\DemoOutput.c
 DemoOutput_HandleMessage   0x00547e    program     extern C:\Workspace\EndDevice\DemoOutput.c
   DemoOutput_Instruction   0x005464    program     extern C:\Workspace\EndDevice\DemoOutput.c
        DemoOutput_Rescan   0x005444    program     extern C:\Workspace\EndDevice\DemoOutput.c
   DemoOutput_UnicastFail   0x0056e8    program     extern C:\Workspace\EndDevice\DemoOutput.c
    DemoOutput_UpdateTxRx   0x0056b4    program     extern C:\Workspace\EndDevice\DemoOutput.c
      DisableBatInterrupt   0x006ae0    program     static C:\Workspace\EndDevice\Battery.c
           DumpConnection   0x001114    program     extern C:\Workspace\EndDevice\Microchip\WirelessProtocols\MiWiPRO\MiWiPRO.c
              EmptyBuffer   0x006266    program     extern C:\Workspace\EndDevice\AL_P.c
       EnableBatInterrupt   0x006ada    program     static C:\Workspace\EndDevice\Battery.c
                 FXD0808U   0x006b54    program     extern E:\3.46\pic18-lt\cxx-framework\src\traditional\math\fxd0808u.c
                 FXD1616U   0x006aec    program     extern E:\3.46\pic18-lt\cxx-framework\src\traditional\math\fxd1616u.c
                  FXM3232   0x006a0c    program     extern E:\3.46\pic18-lt\cxx-framework\src\traditional\math\fxm3232.c
                  HighISR   0x004c98    program     extern C:\Workspace\EndDevice\Microchip\Transceivers\MRF24J40\MRF24J40.c
               HighVector   0x000008    program     extern C:\Workspace\EndDevice\Microchip\Transceivers\MRF24J40\MRF24J40.c
           InitBatteryMng   0x006ab8    program     extern C:\Workspace\EndDevice\Battery.c
             InitMRF24J40   0x0035c2    program     extern C:\Workspace\EndDevice\Microchip\Transceivers\MRF24J40\MRF24J40.c
          InitSymbolTimer   0x0066be    program     extern C:\Workspace\EndDevice\Microchip\WirelessProtocols\SymbolTime.c
                  InitVar   0x0062ee    program     extern C:\Workspace\EndDevice\AL_P.c
               LCDDisplay   0x005b0e    program     extern C:\Workspace\EndDevice\HardwareProfile.c
              LCDTRXCount   0x005afe    program     extern C:\Workspace\EndDevice\HardwareProfile.c
                LowVector   0x000018    program     extern C:\Workspace\EndDevice\Microchip\Transceivers\MRF24J40\MRF24J40.c
                 MacroNop   0x00005c    program     extern C:\Workspace\EndDevice\Microchip\WirelessProtocols\MiWiPRO\MiWiPRO.c
    MiApp_BroadcastPacket   0x00245e    program     extern C:\Workspace\EndDevice\Microchip\WirelessProtocols\MiWiPRO\MiWiPRO.c
     MiApp_ConnectionMode   0x001c3c    program     extern C:\Workspace\EndDevice\Microchip\WirelessProtocols\MiWiPRO\MiWiPRO.c
     MiApp_DiscardMessage   0x002456    program     extern C:\Workspace\EndDevice\Microchip\WirelessProtocols\MiWiPRO\MiWiPRO.c
MiApp_EstablishConnection   0x001e90    program     extern C:\Workspace\EndDevice\Microchip\WirelessProtocols\MiWiPRO\MiWiPRO.c
   MiApp_MessageAvailable   0x002444    program     extern C:\Workspace\EndDevice\Microchip\WirelessProtocols\MiWiPRO\MiWiPRO.c
     MiApp_NoiseDetection   0x002de6    program     extern C:\Workspace\EndDevice\Microchip\WirelessProtocols\MiWiPRO\MiWiPRO.c
       MiApp_ProtocolInit   0x0017ba    program     extern C:\Workspace\EndDevice\Microchip\WirelessProtocols\MiWiPRO\MiWiPRO.c
   MiApp_RemoveConnection   0x003012    program     extern C:\Workspace\EndDevice\Microchip\WirelessProtocols\MiWiPRO\MiWiPRO.c
   MiApp_SearchConnection   0x001c98    program     extern C:\Workspace\EndDevice\Microchip\WirelessProtocols\MiWiPRO\MiWiPRO.c
         MiApp_SetChannel   0x001be8    program     extern C:\Workspace\EndDevice\Microchip\WirelessProtocols\MiWiPRO\MiWiPRO.c
    MiApp_StartConnection   0x002dbe    program     extern C:\Workspace\EndDevice\Microchip\WirelessProtocols\MiWiPRO\MiWiPRO.c
MiApp_TransceiverPowerState   0x001b36    program     extern C:\Workspace\EndDevice\Microchip\WirelessProtocols\MiWiPRO\MiWiPRO.c
     MiApp_UnicastAddress   0x0027e2    program     extern C:\Workspace\EndDevice\Microchip\WirelessProtocols\MiWiPRO\MiWiPRO.c
  MiApp_UnicastConnection   0x002534    program     extern C:\Workspace\EndDevice\Microchip\WirelessProtocols\MiWiPRO\MiWiPRO.c
  MiMAC_ChannelAssessment   0x0047ae    program     extern C:\Workspace\EndDevice\Microchip\Transceivers\MRF24J40\MRF24J40.c
      MiMAC_DiscardPacket   0x004172    program     extern C:\Workspace\EndDevice\Microchip\Transceivers\MRF24J40\MRF24J40.c
               MiMAC_Init   0x004c3a    program     extern C:\Workspace\EndDevice\Microchip\Transceivers\MRF24J40\MRF24J40.c
         MiMAC_PowerState   0x00481a    program     extern C:\Workspace\EndDevice\Microchip\Transceivers\MRF24J40\MRF24J40.c
     MiMAC_ReceivedPacket   0x003800    program     extern C:\Workspace\EndDevice\Microchip\Transceivers\MRF24J40\MRF24J40.c
         MiMAC_SendPacket   0x004192    program     extern C:\Workspace\EndDevice\Microchip\Transceivers\MRF24J40\MRF24J40.c
      MiMAC_SetAltAddress   0x004b8e    program     extern C:\Workspace\EndDevice\Microchip\Transceivers\MRF24J40\MRF24J40.c
         MiMAC_SetChannel   0x004a5c    program     extern C:\Workspace\EndDevice\Microchip\Transceivers\MRF24J40\MRF24J40.c
           MiMAC_SetPower   0x004acc    program     extern C:\Workspace\EndDevice\Microchip\Transceivers\MRF24J40\MRF24J40.c
                     MiWi   0x006780    program     extern C:\Workspace\EndDevice\DemoOutput.c
             MiWiPROTasks   0x000124    program     extern C:\Workspace\EndDevice\Microchip\WirelessProtocols\MiWiPRO\MiWiPRO.c
             MiWi_TickGet   0x0066d2    program     extern C:\Workspace\EndDevice\Microchip\WirelessProtocols\SymbolTime.c
                MultiCast   0x002480    program     extern C:\Workspace\EndDevice\Microchip\WirelessProtocols\MiWiPRO\MiWiPRO.c
                  NVMInit   0x005e08    program     extern C:\Workspace\EndDevice\Microchip\WirelessProtocols\NVM.c
                  NVMRead   0x005c94    program     extern C:\Workspace\EndDevice\Microchip\WirelessProtocols\NVM.c
                 NVMWrite   0x005d08    program     extern C:\Workspace\EndDevice\Microchip\WirelessProtocols\NVM.c
                 NVMalloc   0x005da2    program     extern C:\Workspace\EndDevice\Microchip\WirelessProtocols\NVM.c
               OpenSocket   0x001360    program     extern C:\Workspace\EndDevice\Microchip\WirelessProtocols\MiWiPRO\MiWiPRO.c
        PHYGetLongRAMAddr   0x003522    program     extern C:\Workspace\EndDevice\Microchip\Transceivers\MRF24J40\MRF24J40.c
       PHYGetShortRAMAddr   0x0034c6    program     extern C:\Workspace\EndDevice\Microchip\Transceivers\MRF24J40\MRF24J40.c
        PHYSetLongRAMAddr   0x0033fa    program     extern C:\Workspace\EndDevice\Microchip\Transceivers\MRF24J40\MRF24J40.c
       PHYSetShortRAMAddr   0x003480    program     extern C:\Workspace\EndDevice\Microchip\Transceivers\MRF24J40\MRF24J40.c
         PIR_ClearTrigger   0x0065c2    program     extern C:\Workspace\EndDevice\PIR.c
             PIR_GetState   0x0065a2    program     extern C:\Workspace\EndDevice\PIR.c
           PIR_GetTrigger   0x0065ba    program     extern C:\Workspace\EndDevice\PIR.c
           PIR_Initialize   0x0064f4    program     extern C:\Workspace\EndDevice\PIR.c
       PIR_InterruptClear   0x00657e    program     extern C:\Workspace\EndDevice\PIR.c
      PIR_InterruptEnable   0x00654a    program     extern C:\Workspace\EndDevice\PIR.c
                  PIR_Isr   0x0065c8    program     extern C:\Workspace\EndDevice\PIR.c
          PIR_PowerEnable   0x00651a    program     extern C:\Workspace\EndDevice\PIR.c
                   Parser   0x006104    program     extern C:\Workspace\EndDevice\AL_P.c
            PrepareWakeup   0x005c0a    program     extern C:\Workspace\EndDevice\HardwareProfile.c
                   SPIGet   0x006634    program     extern C:\Workspace\EndDevice\Microchip\WirelessProtocols\MSPI.c
                  SPIGet2   0x0066b2    program     extern C:\Workspace\EndDevice\Microchip\WirelessProtocols\MSPI.c
                   SPIPut   0x0065e6    program     extern C:\Workspace\EndDevice\Microchip\WirelessProtocols\MSPI.c
                  SPIPut2   0x006690    program     extern C:\Workspace\EndDevice\Microchip\WirelessProtocols\MSPI.c
                 ScanTime   0x006a7c    program     extern C:\Workspace\EndDevice\Microchip\WirelessProtocols\MiWiPRO\MiWiPRO.c
SearchForConnectionTableIndex   0x006268    program     extern C:\Workspace\EndDevice\AL_P.c
     SearchForLongAddress   0x0014d8    program     extern C:\Workspace\EndDevice\Microchip\WirelessProtocols\MiWiPRO\MiWiPRO.c
    SearchForShortAddress   0x001434    program     extern C:\Workspace\EndDevice\Microchip\WirelessProtocols\MiWiPRO\MiWiPRO.c
            SendMACPacket   0x000fec    program     extern C:\Workspace\EndDevice\Microchip\WirelessProtocols\MiWiPRO\MiWiPRO.c
        TCN75A_Initialize   0x005704    program     extern C:\Workspace\EndDevice\TCN75A.c
         TCN75A_ReadTempr   0x005808    program     extern C:\Workspace\EndDevice\TCN75A.c
       TCN75A_StartSample   0x005764    program     extern C:\Workspace\EndDevice\TCN75A.c
     UserInterruptHandler   0x005c2a    program     extern C:\Workspace\EndDevice\HardwareProfile.c
              _2jContinue   0x0068b2    program     static E:\3.46\pic18-lt\cxx-framework\src\traditional\stdclib\memset.asm
                   _3jEnd   0x0068bc    program     static E:\3.46\pic18-lt\cxx-framework\src\traditional\stdclib\memset.asm
              _4jContinue   0x00686c    program     static E:\3.46\pic18-lt\cxx-framework\src\traditional\stdclib\memcmp.asm
                   _5jEnd   0x006876    program     static E:\3.46\pic18-lt\cxx-framework\src\traditional\stdclib\memcmp.asm
       ___case_0_lbl00003   0x006126    program     static                          
       ___case_1_lbl00004   0x006152    program     static                          
       ___case_2_lbl00005   0x006172    program     static                          
       ___case_3_lbl00006   0x006190    program     static                          
       ___case_4_lbl00020   0x0061b4    program     static                          
      ___default_lbl00021   0x006248    program     static                          
         ___else_lbl00004   0x005f96    program     static                          
         ___else_lbl00005   0x005010    program     static                          
         ___else_lbl00006   0x005ef0    program     static                          
         ___else_lbl00009   0x00510a    program     static                          
         ___else_lbl00009   0x006218    program     static                          
         ___else_lbl00011   0x0060a4    program     static                          
         ___else_lbl00011   0x006206    program     static                          
         ___else_lbl00013   0x0061f4    program     static                          
         ___else_lbl00015   0x00527c    program     static                          
         ___else_lbl00015   0x0061e2    program     static                          
         ___else_lbl00017   0x0061d0    program     static                          
         ___else_lbl00017   0x005152    program     static                          
         ___else_lbl00019   0x006226    program     static                          
         ___else_lbl00020   0x0050ec    program     static                          
           ___if_lbl00002   0x006150    program     static                          
           ___if_lbl00003   0x005090    program     static                          
           ___if_lbl00003   0x005fe2    program     static                          
           ___if_lbl00004   0x0050b2    program     static                          
           ___if_lbl00005   0x005fe2    program     static                          
           ___if_lbl00007   0x006224    program     static                          
           ___if_lbl00008   0x006224    program     static                          
           ___if_lbl00008   0x005114    program     static                          
           ___if_lbl00010   0x00516e    program     static                          
           ___if_lbl00010   0x006224    program     static                          
           ___if_lbl00010   0x0060f0    program     static                          
           ___if_lbl00011   0x0051ac    program     static                          
           ___if_lbl00012   0x00527a    program     static                          
           ___if_lbl00012   0x006224    program     static                          
           ___if_lbl00013   0x005346    program     static                          
           ___if_lbl00014   0x00534a    program     static                          
           ___if_lbl00014   0x006224    program     static                          
           ___if_lbl00016   0x00534a    program     static                          
           ___if_lbl00016   0x006224    program     static                          
           ___if_lbl00018   0x00534a    program     static                          
           ___if_lbl00018   0x006242    program     static                          
           ___if_lbl00019   0x00534a    program     static                          
       ___return_lbl00000   0x00005e    program     static                          
       ___return_lbl00000   0x006b6e    program     static                          
       ___return_lbl00000   0x006b16    program     static                          
       ___return_lbl00000   0x005aea    program     static                          
       ___return_lbl00000   0x00624e    program     static                          
       ___return_lbl00000   0x006a7a    program     static                          
       ___return_lbl00000   0x00534c    program     static                          
       ___return_lbl00000   0x000004    program     static                          
       ___return_lbl00000   0x005fe2    program     static                          
       ___return_lbl00001   0x006b52    program     static                          
       ___return_lbl00002   0x00697e    program     static                          
       ___return_lbl00007   0x0060f0    program     static                          
       ___return_lbl00014   0x0058ba    program     static                          
       ___return_lbl00015   0x005c1e    program     static                          
       ___return_lbl00172   0x00000c    program     static                          
       ___return_lbl00173   0x00001c    program     static                          
   ___switchexit_lbl00001   0x00624e    program     static                          
        ___while_lbl00001   0x005a6c    program     static                          
        ___while_lbl00001   0x005018    program     static                          
        ___while_lbl00001   0x005f96    program     static                          
        ___while_lbl00002   0x005ade    program     static                          
        ___while_lbl00002   0x005096    program     static                          
        ___while_lbl00002   0x005fe2    program     static                          
        ___while_lbl00003   0x005aac    program     static                          
        ___while_lbl00004   0x005adc    program     static                          
        ___while_lbl00006   0x0050c0    program     static                          
        ___while_lbl00007   0x00534c    program     static                          
        ___while_lbl00008   0x0060a4    program     static                          
        ___while_lbl00009   0x0060f0    program     static                          
        ___while_lbl00015   0x0058a0    program     static                          
        ___while_lbl00016   0x0058ba    program     static                          
               __config_0   0x300001    program     static C:\Workspace\EndDevice\HardwareProfile.c
               __config_1   0x300002    program     static C:\Workspace\EndDevice\HardwareProfile.c
               __config_2   0x300003    program     static C:\Workspace\EndDevice\HardwareProfile.c
               __config_3   0x300005    program     static C:\Workspace\EndDevice\HardwareProfile.c
               __config_4   0x300006    program     static C:\Workspace\EndDevice\HardwareProfile.c
                   __init   0x000006    program     extern E:\3.46\pic18-lt\cxx-framework\src\traditional\stdclib\__init.c
               __string_0   0x0069ec    program     static C:\Workspace\EndDevice\DemoOutput.c
               __string_1   0x0069cc    program     static C:\Workspace\EndDevice\DemoOutput.c
               __string_2   0x0069ad    program     static C:\Workspace\EndDevice\DemoOutput.c
               __string_3   0x006990    program     static C:\Workspace\EndDevice\DemoOutput.c
               __string_4   0x006980    program     static C:\Workspace\EndDevice\DemoOutput.c
               __tmplbl_0   0x005f92    program     static                          
               __tmplbl_1   0x005fc4    program     static                          
               __tmplbl_2   0x00609e    program     static                          
              __tmplbl_25   0x004156    program     static                          
               __tmplbl_3   0x0060d2    program     static                          
              __tmplbl_40   0x000ef6    program     static                          
              __tmplbl_42   0x000fd8    program     static                          
              __tmplbl_44   0x000b28    program     static                          
              __tmplbl_46   0x000eec    program     static                          
              __tmplbl_47   0x000eec    program     static                          
              __tmplbl_48   0x000eec    program     static                          
              __tmplbl_50   0x000eec    program     static                          
              __tmplbl_51   0x000eec    program     static                          
              __tmplbl_52   0x000eec    program     static                          
            __zero_memory   0x006b18    program     extern E:\3.46\pic18-lt\cxx-framework\src\traditional\proc\p18f26k20.asm
                _do_cinit   0x0068e2    program     extern E:\3.46\pic18-lt\cxx-framework\src\traditional\startup\c018i.c
                   _entry   0x000000    program     extern E:\3.46\pic18-lt\cxx-framework\src\traditional\startup\c018i.c
                 _startup   0x006b38    program     extern E:\3.46\pic18-lt\cxx-framework\src\traditional\startup\c018i.c
                compare_l   0x006b2e    program     static E:\3.46\pic18-lt\cxx-framework\src\traditional\proc\p18f26k20.asm
                copy_loop   0x006954    program     static                          
            copy_one_byte   0x00695a    program     static                          
                     done   0x00697e    program     static                          
             done_copying   0x006968    program     static                          
                  endloop   0x006b12    program     static                          
                  endloop   0x006b6a    program     static                          
     findNextNetworkEntry   0x0010ca    program     extern C:\Workspace\EndDevice\Microchip\WirelessProtocols\MiWiPRO\MiWiPRO.c
            isSameAddress   0x0016dc    program     extern C:\Workspace\EndDevice\Microchip\WirelessProtocols\MiWiPRO\MiWiPRO.c
                     jEnd   0x0068e0    program     static E:\3.46\pic18-lt\cxx-framework\src\traditional\stdclib\strlen.asm
                     jEnd   0x0068c4    program     static E:\3.46\pic18-lt\cxx-framework\src\traditional\stdclib\memset.asm
                     jEnd   0x00687c    program     static E:\3.46\pic18-lt\cxx-framework\src\traditional\stdclib\memcmp.asm
                    jLoop   0x0068d6    program     static E:\3.46\pic18-lt\cxx-framework\src\traditional\stdclib\strlen.asm
                    jLoop   0x0068a6    program     static E:\3.46\pic18-lt\cxx-framework\src\traditional\stdclib\memset.asm
                    jLoop   0x006860    program     static E:\3.46\pic18-lt\cxx-framework\src\traditional\stdclib\memcmp.asm
          local_I2C_Delay   0x00588e    program     static C:\Workspace\EndDevice\TCN75A.c
       local_I2C_ReadByte   0x0058e6    program     static C:\Workspace\EndDevice\TCN75A.c
          local_I2C_Start   0x0058ce    program     static C:\Workspace\EndDevice\TCN75A.c
           local_I2C_Stop   0x0058d8    program     static C:\Workspace\EndDevice\TCN75A.c
      local_I2C_WriteByte   0x00596c    program     static C:\Workspace\EndDevice\TCN75A.c
                     loop   0x006b48    program     static                          
                     loop   0x006af6    program     static                          
                     loop   0x006b5c    program     static                          
                   loop_h   0x006b26    program     static E:\3.46\pic18-lt\cxx-framework\src\traditional\proc\p18f26k20.asm
                   loop_l   0x006b30    program     static E:\3.46\pic18-lt\cxx-framework\src\traditional\proc\p18f26k20.asm
                     main   0x004f78    program     extern C:\Workspace\EndDevice\main.c
                   memcmp   0x006840    program     extern E:\3.46\pic18-lt\cxx-framework\src\traditional\stdclib\memcmp.asm
                   memset   0x006892    program     extern E:\3.46\pic18-lt\cxx-framework\src\traditional\stdclib\memset.asm
                   strlen   0x0068c6    program     extern E:\3.46\pic18-lt\cxx-framework\src\traditional\stdclib\strlen.asm
                     test   0x0068fc    program     static                          
               zero_block   0x006b26    program     static E:\3.46\pic18-lt\cxx-framework\src\traditional\proc\p18f26k20.asm
                   ADCON0   0x000fc2       data     extern E:\3.46\pic18-lt\cxx-framework\src\traditional\proc\p18f26k20.asm
               ADCON0bits   0x000fc2       data     extern E:\3.46\pic18-lt\cxx-framework\src\traditional\proc\p18f26k20.asm
                   ADCON1   0x000fc1       data     extern E:\3.46\pic18-lt\cxx-framework\src\traditional\proc\p18f26k20.asm
               ADCON1bits   0x000fc1       data     extern E:\3.46\pic18-lt\cxx-framework\src\traditional\proc\p18f26k20.asm
                   ADCON2   0x000fc0       data     extern E:\3.46\pic18-lt\cxx-framework\src\traditional\proc\p18f26k20.asm
               ADCON2bits   0x000fc0       data     extern E:\3.46\pic18-lt\cxx-framework\src\traditional\proc\p18f26k20.asm
                    ADRES   0x000fc3       data     extern E:\3.46\pic18-lt\cxx-framework\src\traditional\proc\p18f26k20.asm
                   ADRESH   0x000fc4       data     extern E:\3.46\pic18-lt\cxx-framework\src\traditional\proc\p18f26k20.asm
                   ADRESL   0x000fc3       data     extern E:\3.46\pic18-lt\cxx-framework\src\traditional\proc\p18f26k20.asm
                    ANSEL   0x000f7e       data     extern E:\3.46\pic18-lt\cxx-framework\src\traditional\proc\p18f26k20.asm
                   ANSELH   0x000f7f       data     extern E:\3.46\pic18-lt\cxx-framework\src\traditional\proc\p18f26k20.asm
               ANSELHbits   0x000f7f       data     extern E:\3.46\pic18-lt\cxx-framework\src\traditional\proc\p18f26k20.asm
                ANSELbits   0x000f7e       data     extern E:\3.46\pic18-lt\cxx-framework\src\traditional\proc\p18f26k20.asm
      AcknowledgementAddr   0x000e5e       data     extern C:\Workspace\EndDevice\Microchip\WirelessProtocols\MiWiPRO\MiWiPRO.c
       AcknowledgementSeq   0x000ef0       data     extern C:\Workspace\EndDevice\Microchip\WirelessProtocols\MiWiPRO\MiWiPRO.c
                   Action   0x000199       data     extern C:\Workspace\EndDevice\AL_P.h
    ActiveScanResultIndex   0x000e0b       data     extern C:\Workspace\EndDevice\Microchip\WirelessProtocols\MiWiPRO\MiWiPRO.c
        ActiveScanResults   0x000e0c       data     extern C:\Workspace\EndDevice\Microchip\WirelessProtocols\MiWiPRO\MiWiPRO.c
         AdditionalNodeID   0x000f22       data     extern C:\Workspace\EndDevice\main.c
                  BAUDCON   0x000fb8       data     extern E:\3.46\pic18-lt\cxx-framework\src\traditional\proc\p18f26k20.asm
              BAUDCONbits   0x000fb8       data     extern E:\3.46\pic18-lt\cxx-framework\src\traditional\proc\p18f26k20.asm
                  BAUDCTL   0x000fb8       data     extern E:\3.46\pic18-lt\cxx-framework\src\traditional\proc\p18f26k20.asm
              BAUDCTLbits   0x000fb8       data     extern E:\3.46\pic18-lt\cxx-framework\src\traditional\proc\p18f26k20.asm
                      BSR   0x000fe0       data     extern E:\3.46\pic18-lt\cxx-framework\src\traditional\proc\p18f26k20.asm
                BankIndex   0x0001ac       data     extern C:\Workspace\EndDevice\Microchip\Transceivers\MRF24J40\MRF24J40.c
            BatteryStatus   0x0001b3       data     extern C:\Workspace\EndDevice\Battery.h
                  ByteRec   0x000196       data     extern C:\Workspace\EndDevice\AL_P.h
                  CCP1CON   0x000fbd       data     extern E:\3.46\pic18-lt\cxx-framework\src\traditional\proc\p18f26k20.asm
              CCP1CONbits   0x000fbd       data     extern E:\3.46\pic18-lt\cxx-framework\src\traditional\proc\p18f26k20.asm
                  CCP2CON   0x000fba       data     extern E:\3.46\pic18-lt\cxx-framework\src\traditional\proc\p18f26k20.asm
              CCP2CONbits   0x000fba       data     extern E:\3.46\pic18-lt\cxx-framework\src\traditional\proc\p18f26k20.asm
                    CCPR1   0x000fbe       data     extern E:\3.46\pic18-lt\cxx-framework\src\traditional\proc\p18f26k20.asm
                   CCPR1H   0x000fbf       data     extern E:\3.46\pic18-lt\cxx-framework\src\traditional\proc\p18f26k20.asm
                   CCPR1L   0x000fbe       data     extern E:\3.46\pic18-lt\cxx-framework\src\traditional\proc\p18f26k20.asm
                    CCPR2   0x000fbb       data     extern E:\3.46\pic18-lt\cxx-framework\src\traditional\proc\p18f26k20.asm
                   CCPR2H   0x000fbc       data     extern E:\3.46\pic18-lt\cxx-framework\src\traditional\proc\p18f26k20.asm
                   CCPR2L   0x000fbb       data     extern E:\3.46\pic18-lt\cxx-framework\src\traditional\proc\p18f26k20.asm
                  CM1CON0   0x000f7b       data     extern E:\3.46\pic18-lt\cxx-framework\src\traditional\proc\p18f26k20.asm
              CM1CON0bits   0x000f7b       data     extern E:\3.46\pic18-lt\cxx-framework\src\traditional\proc\p18f26k20.asm
                  CM2CON0   0x000f7a       data     extern E:\3.46\pic18-lt\cxx-framework\src\traditional\proc\p18f26k20.asm
              CM2CON0bits   0x000f7a       data     extern E:\3.46\pic18-lt\cxx-framework\src\traditional\proc\p18f26k20.asm
                  CM2CON1   0x000f79       data     extern E:\3.46\pic18-lt\cxx-framework\src\traditional\proc\p18f26k20.asm
              CM2CON1bits   0x000f79       data     extern E:\3.46\pic18-lt\cxx-framework\src\traditional\proc\p18f26k20.asm
                   CVRCON   0x000fb5       data     extern E:\3.46\pic18-lt\cxx-framework\src\traditional\proc\p18f26k20.asm
                  CVRCON2   0x000fb4       data     extern E:\3.46\pic18-lt\cxx-framework\src\traditional\proc\p18f26k20.asm
              CVRCON2bits   0x000fb4       data     extern E:\3.46\pic18-lt\cxx-framework\src\traditional\proc\p18f26k20.asm
               CVRCONbits   0x000fb5       data     extern E:\3.46\pic18-lt\cxx-framework\src\traditional\proc\p18f26k20.asm
                 CheckSum   0x000198       data     extern C:\Workspace\EndDevice\AL_P.h
                 ConnMode   0x000eef       data     extern C:\Workspace\EndDevice\Microchip\WirelessProtocols\MiWiPRO\MiWiPRO.c
          ConnectionTable   0x000100       data     extern C:\Workspace\EndDevice\Microchip\WirelessProtocols\MiWiPRO\MiWiPRO.c
                     DDRA   0x000f92       data     extern E:\3.46\pic18-lt\cxx-framework\src\traditional\proc\p18f26k20.asm
                 DDRAbits   0x000f92       data     extern E:\3.46\pic18-lt\cxx-framework\src\traditional\proc\p18f26k20.asm
                     DDRB   0x000f93       data     extern E:\3.46\pic18-lt\cxx-framework\src\traditional\proc\p18f26k20.asm
                 DDRBbits   0x000f93       data     extern E:\3.46\pic18-lt\cxx-framework\src\traditional\proc\p18f26k20.asm
                     DDRC   0x000f94       data     extern E:\3.46\pic18-lt\cxx-framework\src\traditional\proc\p18f26k20.asm
                 DDRCbits   0x000f94       data     extern E:\3.46\pic18-lt\cxx-framework\src\traditional\proc\p18f26k20.asm
         DataRequestTimer   0x000e48       data     extern C:\Workspace\EndDevice\Microchip\WirelessProtocols\MiWiPRO\MiWiPRO.c
              Device_name   0x000f12       data     extern C:\Workspace\EndDevice\Variables.h
                  ECCP1AS   0x000fb6       data     extern E:\3.46\pic18-lt\cxx-framework\src\traditional\proc\p18f26k20.asm
              ECCP1ASbits   0x000fb6       data     extern E:\3.46\pic18-lt\cxx-framework\src\traditional\proc\p18f26k20.asm
                    EEADR   0x000fa9       data     extern E:\3.46\pic18-lt\cxx-framework\src\traditional\proc\p18f26k20.asm
                   EEADRH   0x000faa       data     extern E:\3.46\pic18-lt\cxx-framework\src\traditional\proc\p18f26k20.asm
               EEADRHbits   0x000faa       data     extern E:\3.46\pic18-lt\cxx-framework\src\traditional\proc\p18f26k20.asm
                EEADRbits   0x000fa9       data     extern E:\3.46\pic18-lt\cxx-framework\src\traditional\proc\p18f26k20.asm
                   EECON1   0x000fa6       data     extern E:\3.46\pic18-lt\cxx-framework\src\traditional\proc\p18f26k20.asm
               EECON1bits   0x000fa6       data     extern E:\3.46\pic18-lt\cxx-framework\src\traditional\proc\p18f26k20.asm
                   EECON2   0x000fa7       data     extern E:\3.46\pic18-lt\cxx-framework\src\traditional\proc\p18f26k20.asm
                   EEDATA   0x000fa8       data     extern E:\3.46\pic18-lt\cxx-framework\src\traditional\proc\p18f26k20.asm
                     FSR0   0x000fe9       data     extern E:\3.46\pic18-lt\cxx-framework\src\traditional\proc\p18f26k20.asm
                    FSR0H   0x000fea       data     extern E:\3.46\pic18-lt\cxx-framework\src\traditional\proc\p18f26k20.asm
                    FSR0L   0x000fe9       data     extern E:\3.46\pic18-lt\cxx-framework\src\traditional\proc\p18f26k20.asm
                     FSR1   0x000fe1       data     extern E:\3.46\pic18-lt\cxx-framework\src\traditional\proc\p18f26k20.asm
                    FSR1H   0x000fe2       data     extern E:\3.46\pic18-lt\cxx-framework\src\traditional\proc\p18f26k20.asm
                    FSR1L   0x000fe1       data     extern E:\3.46\pic18-lt\cxx-framework\src\traditional\proc\p18f26k20.asm
                     FSR2   0x000fd9       data     extern E:\3.46\pic18-lt\cxx-framework\src\traditional\proc\p18f26k20.asm
                    FSR2H   0x000fda       data     extern E:\3.46\pic18-lt\cxx-framework\src\traditional\proc\p18f26k20.asm
                    FSR2L   0x000fd9       data     extern E:\3.46\pic18-lt\cxx-framework\src\traditional\proc\p18f26k20.asm
              GlobalFlags   0x000ef3       data     extern C:\Workspace\EndDevice\Variables.h
                  HLVDCON   0x000fd2       data     extern E:\3.46\pic18-lt\cxx-framework\src\traditional\proc\p18f26k20.asm
              HLVDCONbits   0x000fd2       data     extern E:\3.46\pic18-lt\cxx-framework\src\traditional\proc\p18f26k20.asm
               IEEESeqNum   0x00018f       data     extern C:\Workspace\EndDevice\Microchip\Transceivers\MRF24J40\MRF24J40.c
                    INDF0   0x000fef       data     extern E:\3.46\pic18-lt\cxx-framework\src\traditional\proc\p18f26k20.asm
                    INDF1   0x000fe7       data     extern E:\3.46\pic18-lt\cxx-framework\src\traditional\proc\p18f26k20.asm
                    INDF2   0x000fdf       data     extern E:\3.46\pic18-lt\cxx-framework\src\traditional\proc\p18f26k20.asm
                   INTCON   0x000ff2       data     extern E:\3.46\pic18-lt\cxx-framework\src\traditional\proc\p18f26k20.asm
                  INTCON2   0x000ff1       data     extern E:\3.46\pic18-lt\cxx-framework\src\traditional\proc\p18f26k20.asm
              INTCON2bits   0x000ff1       data     extern E:\3.46\pic18-lt\cxx-framework\src\traditional\proc\p18f26k20.asm
                  INTCON3   0x000ff0       data     extern E:\3.46\pic18-lt\cxx-framework\src\traditional\proc\p18f26k20.asm
              INTCON3bits   0x000ff0       data     extern E:\3.46\pic18-lt\cxx-framework\src\traditional\proc\p18f26k20.asm
               INTCONbits   0x000ff2       data     extern E:\3.46\pic18-lt\cxx-framework\src\traditional\proc\p18f26k20.asm
                     IOCB   0x000f7d       data     extern E:\3.46\pic18-lt\cxx-framework\src\traditional\proc\p18f26k20.asm
                 IOCBbits   0x000f7d       data     extern E:\3.46\pic18-lt\cxx-framework\src\traditional\proc\p18f26k20.asm
                     IPR1   0x000f9f       data     extern E:\3.46\pic18-lt\cxx-framework\src\traditional\proc\p18f26k20.asm
                 IPR1bits   0x000f9f       data     extern E:\3.46\pic18-lt\cxx-framework\src\traditional\proc\p18f26k20.asm
                     IPR2   0x000fa2       data     extern E:\3.46\pic18-lt\cxx-framework\src\traditional\proc\p18f26k20.asm
                 IPR2bits   0x000fa2       data     extern E:\3.46\pic18-lt\cxx-framework\src\traditional\proc\p18f26k20.asm
                   InitOk   0x000f10       data     extern C:\Workspace\EndDevice\Variables.h
                     LATA   0x000f89       data     extern E:\3.46\pic18-lt\cxx-framework\src\traditional\proc\p18f26k20.asm
                 LATAbits   0x000f89       data     extern E:\3.46\pic18-lt\cxx-framework\src\traditional\proc\p18f26k20.asm
                     LATB   0x000f8a       data     extern E:\3.46\pic18-lt\cxx-framework\src\traditional\proc\p18f26k20.asm
                 LATBbits   0x000f8a       data     extern E:\3.46\pic18-lt\cxx-framework\src\traditional\proc\p18f26k20.asm
                     LATC   0x000f8b       data     extern E:\3.46\pic18-lt\cxx-framework\src\traditional\proc\p18f26k20.asm
                 LATCbits   0x000f8b       data     extern E:\3.46\pic18-lt\cxx-framework\src\traditional\proc\p18f26k20.asm
                   LVDCON   0x000fd2       data     extern E:\3.46\pic18-lt\cxx-framework\src\traditional\proc\p18f26k20.asm
               LVDCONbits   0x000fd2       data     extern E:\3.46\pic18-lt\cxx-framework\src\traditional\proc\p18f26k20.asm
        MACCurrentChannel   0x000190       data     extern C:\Workspace\EndDevice\Microchip\Transceivers\MRF24J40\MRF24J40.c
            MACInitParams   0x00018c       data     extern C:\Workspace\EndDevice\Microchip\Transceivers\MRF24J40\MRF24J40.c
              MACRxPacket   0x000e7c       data     extern C:\Workspace\EndDevice\Microchip\WirelessProtocols\MiWiPRO\MiWiPRO.c
                MAC_PANID   0x000191       data     extern C:\Workspace\EndDevice\Microchip\Transceivers\MRF24J40\MRF24J40.c
           MRF24J40Status   0x000195       data     extern C:\Workspace\EndDevice\Microchip\Transceivers\MRF24J40\MRF24J40.c
                      MTP   0x000e75       data     extern C:\Workspace\EndDevice\Microchip\WirelessProtocols\MiWiPRO\MiWiPRO.c
       MiWiPROAckRequired   0x000ef1       data     extern C:\Workspace\EndDevice\Microchip\WirelessProtocols\MiWiPRO\MiWiPRO.c
      MiWiPROCapacityInfo   0x000e00       data     extern C:\Workspace\EndDevice\Microchip\WirelessProtocols\MiWiPRO\MiWiPRO.c
         MiWiPRONVMStatus   0x000e63       data     extern C:\Workspace\EndDevice\Microchip\WirelessProtocols\MiWiPRO\MiWiPRO.c
            MiWiPROSeqNum   0x000e60       data     extern C:\Workspace\EndDevice\Microchip\WirelessProtocols\MiWiPRO\MiWiPRO.c
      MiWiPROStateMachine   0x000e61       data     extern C:\Workspace\EndDevice\Microchip\WirelessProtocols\MiWiPRO\MiWiPRO.c
                  MyCoord   0x000f24       data     static C:\Workspace\EndDevice\main.c
                  MyCoord   0x00019f       data     static C:\Workspace\EndDevice\PIR.c
     MyCoordinatorAddress   0x000f00       data     extern C:\Workspace\EndDevice\Variables.h
                   OSCCON   0x000fd3       data     extern E:\3.46\pic18-lt\cxx-framework\src\traditional\proc\p18f26k20.asm
               OSCCONbits   0x000fd3       data     extern E:\3.46\pic18-lt\cxx-framework\src\traditional\proc\p18f26k20.asm
                  OSCTUNE   0x000f9b       data     extern E:\3.46\pic18-lt\cxx-framework\src\traditional\proc\p18f26k20.asm
              OSCTUNEbits   0x000f9b       data     extern E:\3.46\pic18-lt\cxx-framework\src\traditional\proc\p18f26k20.asm
           PB1_press_time   0x000f2e       data     static C:\Workspace\EndDevice\BSP.c
              PB1_pressed   0x0001b1       data     static C:\Workspace\EndDevice\BSP.c
           PB2_press_time   0x000f32       data     static C:\Workspace\EndDevice\BSP.c
              PB2_pressed   0x0001b2       data     static C:\Workspace\EndDevice\BSP.c
                       PC   0x000ff9       data     extern E:\3.46\pic18-lt\cxx-framework\src\traditional\proc\p18f26k20.asm
                      PCL   0x000ff9       data     extern E:\3.46\pic18-lt\cxx-framework\src\traditional\proc\p18f26k20.asm
                   PCLATH   0x000ffa       data     extern E:\3.46\pic18-lt\cxx-framework\src\traditional\proc\p18f26k20.asm
                   PCLATU   0x000ffb       data     extern E:\3.46\pic18-lt\cxx-framework\src\traditional\proc\p18f26k20.asm
                     PIE1   0x000f9d       data     extern E:\3.46\pic18-lt\cxx-framework\src\traditional\proc\p18f26k20.asm
                 PIE1bits   0x000f9d       data     extern E:\3.46\pic18-lt\cxx-framework\src\traditional\proc\p18f26k20.asm
                     PIE2   0x000fa0       data     extern E:\3.46\pic18-lt\cxx-framework\src\traditional\proc\p18f26k20.asm
                 PIE2bits   0x000fa0       data     extern E:\3.46\pic18-lt\cxx-framework\src\traditional\proc\p18f26k20.asm
                     PIR1   0x000f9e       data     extern E:\3.46\pic18-lt\cxx-framework\src\traditional\proc\p18f26k20.asm
                 PIR1bits   0x000f9e       data     extern E:\3.46\pic18-lt\cxx-framework\src\traditional\proc\p18f26k20.asm
                     PIR2   0x000fa1       data     extern E:\3.46\pic18-lt\cxx-framework\src\traditional\proc\p18f26k20.asm
                 PIR2bits   0x000fa1       data     extern E:\3.46\pic18-lt\cxx-framework\src\traditional\proc\p18f26k20.asm
                   PLUSW0   0x000feb       data     extern E:\3.46\pic18-lt\cxx-framework\src\traditional\proc\p18f26k20.asm
                   PLUSW1   0x000fe3       data     extern E:\3.46\pic18-lt\cxx-framework\src\traditional\proc\p18f26k20.asm
                   PLUSW2   0x000fdb       data     extern E:\3.46\pic18-lt\cxx-framework\src\traditional\proc\p18f26k20.asm
                    PORTA   0x000f80       data     extern E:\3.46\pic18-lt\cxx-framework\src\traditional\proc\p18f26k20.asm
                PORTAbits   0x000f80       data     extern E:\3.46\pic18-lt\cxx-framework\src\traditional\proc\p18f26k20.asm
                    PORTB   0x000f81       data     extern E:\3.46\pic18-lt\cxx-framework\src\traditional\proc\p18f26k20.asm
                PORTBbits   0x000f81       data     extern E:\3.46\pic18-lt\cxx-framework\src\traditional\proc\p18f26k20.asm
                    PORTC   0x000f82       data     extern E:\3.46\pic18-lt\cxx-framework\src\traditional\proc\p18f26k20.asm
                PORTCbits   0x000f82       data     extern E:\3.46\pic18-lt\cxx-framework\src\traditional\proc\p18f26k20.asm
                    PORTE   0x000f84       data     extern E:\3.46\pic18-lt\cxx-framework\src\traditional\proc\p18f26k20.asm
                PORTEbits   0x000f84       data     extern E:\3.46\pic18-lt\cxx-framework\src\traditional\proc\p18f26k20.asm
                 POSTDEC0   0x000fed       data     extern E:\3.46\pic18-lt\cxx-framework\src\traditional\proc\p18f26k20.asm
                 POSTDEC1   0x000fe5       data     extern E:\3.46\pic18-lt\cxx-framework\src\traditional\proc\p18f26k20.asm
                 POSTDEC2   0x000fdd       data     extern E:\3.46\pic18-lt\cxx-framework\src\traditional\proc\p18f26k20.asm
                 POSTINC0   0x000fee       data     extern E:\3.46\pic18-lt\cxx-framework\src\traditional\proc\p18f26k20.asm
                 POSTINC1   0x000fe6       data     extern E:\3.46\pic18-lt\cxx-framework\src\traditional\proc\p18f26k20.asm
                 POSTINC2   0x000fde       data     extern E:\3.46\pic18-lt\cxx-framework\src\traditional\proc\p18f26k20.asm
                      PR2   0x000fcb       data     extern E:\3.46\pic18-lt\cxx-framework\src\traditional\proc\p18f26k20.asm
                  PREINC0   0x000fec       data     extern E:\3.46\pic18-lt\cxx-framework\src\traditional\proc\p18f26k20.asm
                  PREINC1   0x000fe4       data     extern E:\3.46\pic18-lt\cxx-framework\src\traditional\proc\p18f26k20.asm
                  PREINC2   0x000fdc       data     extern E:\3.46\pic18-lt\cxx-framework\src\traditional\proc\p18f26k20.asm
                     PROD   0x000ff3       data     extern E:\3.46\pic18-lt\cxx-framework\src\traditional\proc\p18f26k20.asm
                    PRODH   0x000ff4       data     extern E:\3.46\pic18-lt\cxx-framework\src\traditional\proc\p18f26k20.asm
                    PRODL   0x000ff3       data     extern E:\3.46\pic18-lt\cxx-framework\src\traditional\proc\p18f26k20.asm
                  PSTRCON   0x000fb9       data     extern E:\3.46\pic18-lt\cxx-framework\src\traditional\proc\p18f26k20.asm
              PSTRCONbits   0x000fb9       data     extern E:\3.46\pic18-lt\cxx-framework\src\traditional\proc\p18f26k20.asm
   PUSH_BUTTON_press_time   0x0001a8       data     extern C:\Workspace\EndDevice\HardwareProfile.c
      PUSH_BUTTON_pressed   0x0001a7       data     extern C:\Workspace\EndDevice\HardwareProfile.c
                  PWM1CON   0x000fb7       data     extern E:\3.46\pic18-lt\cxx-framework\src\traditional\proc\p18f26k20.asm
              PWM1CONbits   0x000fb7       data     extern E:\3.46\pic18-lt\cxx-framework\src\traditional\proc\p18f26k20.asm
            PacketRecords   0x000e87       data     extern C:\Workspace\EndDevice\Microchip\WirelessProtocols\MiWiPRO\MiWiPRO.c
              ParserFlags   0x00019c       data     extern C:\Workspace\EndDevice\AL_P.h
              ParserState   0x000197       data     extern C:\Workspace\EndDevice\AL_P.h
                     RCON   0x000fd0       data     extern E:\3.46\pic18-lt\cxx-framework\src\traditional\proc\p18f26k20.asm
                 RCONbits   0x000fd0       data     extern E:\3.46\pic18-lt\cxx-framework\src\traditional\proc\p18f26k20.asm
                    RCREG   0x000fae       data     extern E:\3.46\pic18-lt\cxx-framework\src\traditional\proc\p18f26k20.asm
                    RCSTA   0x000fab       data     extern E:\3.46\pic18-lt\cxx-framework\src\traditional\proc\p18f26k20.asm
                RCSTAbits   0x000fab       data     extern E:\3.46\pic18-lt\cxx-framework\src\traditional\proc\p18f26k20.asm
               ResyncFlag   0x00019a       data     extern C:\Workspace\EndDevice\AL_P.h
                 RxBuffer   0x000060       data     extern C:\Workspace\EndDevice\Microchip\Transceivers\MRF24J40\MRF24J40.c
                     SIGN   0x00000e       data     extern E:\3.46\pic18-lt\cxx-framework\src\traditional\math\cmath18.asm
                   SLRCON   0x000f78       data     extern E:\3.46\pic18-lt\cxx-framework\src\traditional\proc\p18f26k20.asm
               SLRCONbits   0x000f78       data     extern E:\3.46\pic18-lt\cxx-framework\src\traditional\proc\p18f26k20.asm
                    SPBRG   0x000faf       data     extern E:\3.46\pic18-lt\cxx-framework\src\traditional\proc\p18f26k20.asm
                   SPBRGH   0x000fb0       data     extern E:\3.46\pic18-lt\cxx-framework\src\traditional\proc\p18f26k20.asm
                   SSPADD   0x000fc8       data     extern E:\3.46\pic18-lt\cxx-framework\src\traditional\proc\p18f26k20.asm
                   SSPBUF   0x000fc9       data     extern E:\3.46\pic18-lt\cxx-framework\src\traditional\proc\p18f26k20.asm
                  SSPCON1   0x000fc6       data     extern E:\3.46\pic18-lt\cxx-framework\src\traditional\proc\p18f26k20.asm
              SSPCON1bits   0x000fc6       data     extern E:\3.46\pic18-lt\cxx-framework\src\traditional\proc\p18f26k20.asm
                  SSPCON2   0x000fc5       data     extern E:\3.46\pic18-lt\cxx-framework\src\traditional\proc\p18f26k20.asm
              SSPCON2bits   0x000fc5       data     extern E:\3.46\pic18-lt\cxx-framework\src\traditional\proc\p18f26k20.asm
                   SSPMSK   0x000f77       data     extern E:\3.46\pic18-lt\cxx-framework\src\traditional\proc\p18f26k20.asm
               SSPMSKbits   0x000f77       data     extern E:\3.46\pic18-lt\cxx-framework\src\traditional\proc\p18f26k20.asm
                  SSPSTAT   0x000fc7       data     extern E:\3.46\pic18-lt\cxx-framework\src\traditional\proc\p18f26k20.asm
              SSPSTATbits   0x000fc7       data     extern E:\3.46\pic18-lt\cxx-framework\src\traditional\proc\p18f26k20.asm
                   STATUS   0x000fd8       data     extern E:\3.46\pic18-lt\cxx-framework\src\traditional\proc\p18f26k20.asm
               STATUSbits   0x000fd8       data     extern E:\3.46\pic18-lt\cxx-framework\src\traditional\proc\p18f26k20.asm
                   STKPTR   0x000ffc       data     extern E:\3.46\pic18-lt\cxx-framework\src\traditional\proc\p18f26k20.asm
               STKPTRbits   0x000ffc       data     extern E:\3.46\pic18-lt\cxx-framework\src\traditional\proc\p18f26k20.asm
              SendPirFlag   0x000f5e       data     extern C:\Workspace\EndDevice\PIR.h
                    T0CON   0x000fd5       data     extern E:\3.46\pic18-lt\cxx-framework\src\traditional\proc\p18f26k20.asm
                T0CONbits   0x000fd5       data     extern E:\3.46\pic18-lt\cxx-framework\src\traditional\proc\p18f26k20.asm
                    T1CON   0x000fcd       data     extern E:\3.46\pic18-lt\cxx-framework\src\traditional\proc\p18f26k20.asm
                T1CONbits   0x000fcd       data     extern E:\3.46\pic18-lt\cxx-framework\src\traditional\proc\p18f26k20.asm
                    T2CON   0x000fca       data     extern E:\3.46\pic18-lt\cxx-framework\src\traditional\proc\p18f26k20.asm
                T2CONbits   0x000fca       data     extern E:\3.46\pic18-lt\cxx-framework\src\traditional\proc\p18f26k20.asm
                    T3CON   0x000fb1       data     extern E:\3.46\pic18-lt\cxx-framework\src\traditional\proc\p18f26k20.asm
                T3CONbits   0x000fb1       data     extern E:\3.46\pic18-lt\cxx-framework\src\traditional\proc\p18f26k20.asm
                   TABLAT   0x000ff5       data     extern E:\3.46\pic18-lt\cxx-framework\src\traditional\proc\p18f26k20.asm
                   TBLPTR   0x000ff6       data     extern E:\3.46\pic18-lt\cxx-framework\src\traditional\proc\p18f26k20.asm
                  TBLPTRH   0x000ff7       data     extern E:\3.46\pic18-lt\cxx-framework\src\traditional\proc\p18f26k20.asm
                  TBLPTRL   0x000ff6       data     extern E:\3.46\pic18-lt\cxx-framework\src\traditional\proc\p18f26k20.asm
                  TBLPTRU   0x000ff8       data     extern E:\3.46\pic18-lt\cxx-framework\src\traditional\proc\p18f26k20.asm
                    TMR0H   0x000fd7       data     extern E:\3.46\pic18-lt\cxx-framework\src\traditional\proc\p18f26k20.asm
                    TMR0L   0x000fd6       data     extern E:\3.46\pic18-lt\cxx-framework\src\traditional\proc\p18f26k20.asm
                    TMR1H   0x000fcf       data     extern E:\3.46\pic18-lt\cxx-framework\src\traditional\proc\p18f26k20.asm
                    TMR1L   0x000fce       data     extern E:\3.46\pic18-lt\cxx-framework\src\traditional\proc\p18f26k20.asm
                     TMR2   0x000fcc       data     extern E:\3.46\pic18-lt\cxx-framework\src\traditional\proc\p18f26k20.asm
                    TMR3H   0x000fb3       data     extern E:\3.46\pic18-lt\cxx-framework\src\traditional\proc\p18f26k20.asm
                    TMR3L   0x000fb2       data     extern E:\3.46\pic18-lt\cxx-framework\src\traditional\proc\p18f26k20.asm
                      TOS   0x000ffd       data     extern E:\3.46\pic18-lt\cxx-framework\src\traditional\proc\p18f26k20.asm
                     TOSH   0x000ffe       data     extern E:\3.46\pic18-lt\cxx-framework\src\traditional\proc\p18f26k20.asm
                     TOSL   0x000ffd       data     extern E:\3.46\pic18-lt\cxx-framework\src\traditional\proc\p18f26k20.asm
                     TOSU   0x000fff       data     extern E:\3.46\pic18-lt\cxx-framework\src\traditional\proc\p18f26k20.asm
                    TRISA   0x000f92       data     extern E:\3.46\pic18-lt\cxx-framework\src\traditional\proc\p18f26k20.asm
                TRISAbits   0x000f92       data     extern E:\3.46\pic18-lt\cxx-framework\src\traditional\proc\p18f26k20.asm
                    TRISB   0x000f93       data     extern E:\3.46\pic18-lt\cxx-framework\src\traditional\proc\p18f26k20.asm
                TRISBbits   0x000f93       data     extern E:\3.46\pic18-lt\cxx-framework\src\traditional\proc\p18f26k20.asm
                    TRISC   0x000f94       data     extern E:\3.46\pic18-lt\cxx-framework\src\traditional\proc\p18f26k20.asm
                TRISCbits   0x000f94       data     extern E:\3.46\pic18-lt\cxx-framework\src\traditional\proc\p18f26k20.asm
                    TXREG   0x000fad       data     extern E:\3.46\pic18-lt\cxx-framework\src\traditional\proc\p18f26k20.asm
                    TXSTA   0x000fac       data     extern E:\3.46\pic18-lt\cxx-framework\src\traditional\proc\p18f26k20.asm
                TXSTAbits   0x000fac       data     extern E:\3.46\pic18-lt\cxx-framework\src\traditional\proc\p18f26k20.asm
           TemperatureCnt   0x000f11       data     extern C:\Workspace\EndDevice\Variables.h
  TryMyCoordinatorAddress   0x000f08       data     extern C:\Workspace\EndDevice\Variables.h
                 TxBuffer   0x000eb3       data     extern C:\Workspace\EndDevice\Microchip\WirelessProtocols\MiWiPRO\MiWiPRO.c
                   TxData   0x000e4c       data     extern C:\Workspace\EndDevice\Microchip\WirelessProtocols\MiWiPRO\MiWiPRO.c
                        W   0x000fe8       data     extern E:\3.46\pic18-lt\cxx-framework\src\traditional\proc\p18f26k20.asm
                   WDTCON   0x000fd1       data     extern E:\3.46\pic18-lt\cxx-framework\src\traditional\proc\p18f26k20.asm
               WDTCONbits   0x000fd1       data     extern E:\3.46\pic18-lt\cxx-framework\src\traditional\proc\p18f26k20.asm
                     WPUB   0x000f7c       data     extern E:\3.46\pic18-lt\cxx-framework\src\traditional\proc\p18f26k20.asm
                 WPUBbits   0x000f7c       data     extern E:\3.46\pic18-lt\cxx-framework\src\traditional\proc\p18f26k20.asm
                     WREG   0x000fe8       data     extern E:\3.46\pic18-lt\cxx-framework\src\traditional\proc\p18f26k20.asm
               WakeupFlag   0x00019b       data     extern C:\Workspace\EndDevice\AL_P.h
                 __AARGB0   0x000007       data     extern E:\3.46\pic18-lt\cxx-framework\src\traditional\math\aarg.asm
                 __AARGB1   0x000006       data     extern E:\3.46\pic18-lt\cxx-framework\src\traditional\math\aarg.asm
                 __AARGB2   0x000005       data     extern E:\3.46\pic18-lt\cxx-framework\src\traditional\math\aarg.asm
                 __AARGB3   0x000004       data     extern E:\3.46\pic18-lt\cxx-framework\src\traditional\math\aarg.asm
                 __AARGB4   0x000003       data     extern E:\3.46\pic18-lt\cxx-framework\src\traditional\math\aarg.asm
                 __AARGB5   0x000002       data     extern E:\3.46\pic18-lt\cxx-framework\src\traditional\math\aarg.asm
                 __AARGB6   0x000001       data     extern E:\3.46\pic18-lt\cxx-framework\src\traditional\math\aarg.asm
                 __AARGB7   0x000000       data     extern E:\3.46\pic18-lt\cxx-framework\src\traditional\math\aarg.asm
                   __AEXP   0x000008       data     extern E:\3.46\pic18-lt\cxx-framework\src\traditional\math\aarg.asm
                 __BARGB0   0x00000c       data     extern E:\3.46\pic18-lt\cxx-framework\src\traditional\math\barg.asm
                 __BARGB1   0x00000b       data     extern E:\3.46\pic18-lt\cxx-framework\src\traditional\math\barg.asm
                 __BARGB2   0x00000a       data     extern E:\3.46\pic18-lt\cxx-framework\src\traditional\math\barg.asm
                 __BARGB3   0x000009       data     extern E:\3.46\pic18-lt\cxx-framework\src\traditional\math\barg.asm
                   __BEXP   0x00000d       data     extern E:\3.46\pic18-lt\cxx-framework\src\traditional\math\barg.asm
                __FPFLAGS   0x00000f       data     extern E:\3.46\pic18-lt\cxx-framework\src\traditional\math\cmath18.asm
            __FPFLAGSbits   0x00000f       data     extern E:\3.46\pic18-lt\cxx-framework\src\traditional\math\cmath18.asm
                  __REMB0   0x000003       data     extern E:\3.46\pic18-lt\cxx-framework\src\traditional\math\aarg.asm
                  __REMB1   0x000002       data     extern E:\3.46\pic18-lt\cxx-framework\src\traditional\math\aarg.asm
                  __REMB2   0x000001       data     extern E:\3.46\pic18-lt\cxx-framework\src\traditional\math\aarg.asm
                  __REMB3   0x000000       data     extern E:\3.46\pic18-lt\cxx-framework\src\traditional\math\aarg.asm
                  __tmp_0   0x000010       data     static C:\Workspace\EndDevice\AL_P.c
                  __tmp_0   0x000010       data     static C:\Workspace\EndDevice\Microchip\Common\TimeDelay.c
                  __tmp_0   0x000010       data     static C:\Workspace\EndDevice\main.c
                  __tmp_0   0x000010       data     static C:\Workspace\EndDevice\HardwareProfile.c
                  __tmp_0   0x000010       data     static C:\Workspace\EndDevice\DemoOutput.c
                  __tmp_0   0x000010       data     static C:\Workspace\EndDevice\Microchip\WirelessProtocols\NVM.c
                  __tmp_0   0x000010       data     static C:\Workspace\EndDevice\TCN75A.c
                  __tmp_0   0x000010       data     static C:\Workspace\EndDevice\Microchip\WirelessProtocols\MSPI.c
                  __tmp_0   0x000010       data     static C:\Workspace\EndDevice\Microchip\Transceivers\MRF24J40\MRF24J40.c
                  __tmp_0   0x000010       data     static C:\Workspace\EndDevice\Microchip\WirelessProtocols\MiWiPRO\MiWiPRO.c
                  __tmp_1   0x000018       data     static C:\Workspace\EndDevice\Microchip\Transceivers\MRF24J40\MRF24J40.c
                 btn1Lock   0x000f59       data     extern C:\Workspace\EndDevice\PIR.h
                 btn2Lock   0x000f5a       data     extern C:\Workspace\EndDevice\PIR.h
                curr_byte   0x000f52       data     static E:\3.46\pic18-lt\cxx-framework\src\traditional\startup\c018i.c
               curr_entry   0x000f54       data     static E:\3.46\pic18-lt\cxx-framework\src\traditional\startup\c018i.c
           currentChannel   0x000eee       data     extern C:\Workspace\EndDevice\Microchip\WirelessProtocols\MiWiPRO\MiWiPRO.c
                 data_ptr   0x000f56       data     static E:\3.46\pic18-lt\cxx-framework\src\traditional\startup\c018i.c
              defaultHops   0x000ef2       data     extern C:\Workspace\EndDevice\Microchip\WirelessProtocols\MiWiPRO\MiWiPRO.c
           failureCounter   0x0001ad       data     extern C:\Workspace\EndDevice\Microchip\Transceivers\MRF24J40\MRF24J40.c
                    flags   0x000f3e       data     static C:\Workspace\EndDevice\BSP.c
                myChannel   0x000f23       data     extern C:\Workspace\EndDevice\main.c
            myLongAddress   0x000ee6       data     extern C:\Workspace\EndDevice\Microchip\WirelessProtocols\MiWiPRO\MiWiPRO.c
         myNetworkAddress   0x000193       data     extern C:\Workspace\EndDevice\Microchip\Transceivers\MRF24J40\MRF24J40.c
                  myPANID   0x000e4f       data     extern C:\Workspace\EndDevice\Microchip\WirelessProtocols\MiWiPRO\MiWiPRO.c
                 myParent   0x000e51       data     extern C:\Workspace\EndDevice\Microchip\WirelessProtocols\MiWiPRO\MiWiPRO.c
           myShortAddress   0x000e4d       data     extern C:\Workspace\EndDevice\Microchip\WirelessProtocols\MiWiPRO\MiWiPRO.c
           nextEEPosition   0x000f4d       data     extern C:\Workspace\EndDevice\Microchip\WirelessProtocols\NVM.c
              nvmConnMode   0x000f43       data     extern C:\Workspace\EndDevice\Microchip\WirelessProtocols\NVM.c
       nvmConnectionTable   0x000f45       data     extern C:\Workspace\EndDevice\Microchip\WirelessProtocols\NVM.c
        nvmCurrentChannel   0x000f41       data     extern C:\Workspace\EndDevice\Microchip\WirelessProtocols\NVM.c
             nvmDelayTick   0x000eaf       data     extern C:\Workspace\EndDevice\Microchip\WirelessProtocols\MiWiPRO\MiWiPRO.c
               nvmMyPANID   0x000f3f       data     extern C:\Workspace\EndDevice\Microchip\WirelessProtocols\NVM.c
              nvmMyParent   0x000f4b       data     extern C:\Workspace\EndDevice\Microchip\WirelessProtocols\NVM.c
        nvmMyShortAddress   0x000f49       data     extern C:\Workspace\EndDevice\Microchip\WirelessProtocols\NVM.c
       nvmOutFrameCounter   0x000f47       data     extern C:\Workspace\EndDevice\Microchip\WirelessProtocols\NVM.c
           openSocketInfo   0x000e64       data     extern C:\Workspace\EndDevice\Microchip\WirelessProtocols\MiWiPRO\MiWiPRO.c
              pirInterval   0x000f5c       data     extern C:\Workspace\EndDevice\PIR.h
                  pirLock   0x000f5b       data     extern C:\Workspace\EndDevice\PIR.h
             pirTriggered   0x000f5f       data     static C:\Workspace\EndDevice\PIR.c
                     prom   0x000f4f       data     static E:\3.46\pic18-lt\cxx-framework\src\traditional\startup\c018i.c
                   rstCnt   0x000f2c       data     static C:\Workspace\EndDevice\main.c
                rxMessage   0x000e01       data     extern C:\Workspace\EndDevice\Microchip\WirelessProtocols\MiWiPRO\MiWiPRO.c
          tempLongAddress   0x000e52       data     extern C:\Workspace\EndDevice\Microchip\WirelessProtocols\MiWiPRO\MiWiPRO.c
           tempNodeStatus   0x000e62       data     extern C:\Workspace\EndDevice\Microchip\WirelessProtocols\MiWiPRO\MiWiPRO.c
                tempPANID   0x000e5c       data     extern C:\Workspace\EndDevice\Microchip\WirelessProtocols\MiWiPRO\MiWiPRO.c
         tempShortAddress   0x000e5a       data     extern C:\Workspace\EndDevice\Microchip\WirelessProtocols\MiWiPRO\MiWiPRO.c
         tickB1Difference   0x000f36       data     static C:\Workspace\EndDevice\BSP.c
         tickB2Difference   0x000f3a       data     static C:\Workspace\EndDevice\BSP.c
          timerExtension1   0x0001af       data     extern C:\Workspace\EndDevice\Microchip\WirelessProtocols\SymbolTime.c
          timerExtension2   0x0001b0       data     extern C:\Workspace\EndDevice\Microchip\WirelessProtocols\SymbolTime.c



                              Symbols - Sorted by Address
                     Name    Address   Location    Storage File                     
                ---------  ---------  ---------  --------- ---------                
                   _entry   0x000000    program     extern E:\3.46\pic18-lt\cxx-framework\src\traditional\startup\c018i.c
       ___return_lbl00000   0x000004    program     static                          
                   __init   0x000006    program     extern E:\3.46\pic18-lt\cxx-framework\src\traditional\stdclib\__init.c
               HighVector   0x000008    program     extern C:\Workspace\EndDevice\Microchip\Transceivers\MRF24J40\MRF24J40.c
       ___return_lbl00172   0x00000c    program     static                          
                LowVector   0x000018    program     extern C:\Workspace\EndDevice\Microchip\Transceivers\MRF24J40\MRF24J40.c
       ___return_lbl00173   0x00001c    program     static                          
                 MacroNop   0x00005c    program     extern C:\Workspace\EndDevice\Microchip\WirelessProtocols\MiWiPRO\MiWiPRO.c
       ___return_lbl00000   0x00005e    program     static                          
          BroadcastJitter   0x000060    program     extern C:\Workspace\EndDevice\Microchip\WirelessProtocols\MiWiPRO\MiWiPRO.c
             MiWiPROTasks   0x000124    program     extern C:\Workspace\EndDevice\Microchip\WirelessProtocols\MiWiPRO\MiWiPRO.c
              __tmplbl_44   0x000b28    program     static                          
              __tmplbl_47   0x000eec    program     static                          
              __tmplbl_46   0x000eec    program     static                          
              __tmplbl_48   0x000eec    program     static                          
              __tmplbl_50   0x000eec    program     static                          
              __tmplbl_52   0x000eec    program     static                          
              __tmplbl_51   0x000eec    program     static                          
              __tmplbl_40   0x000ef6    program     static                          
              __tmplbl_42   0x000fd8    program     static                          
            SendMACPacket   0x000fec    program     extern C:\Workspace\EndDevice\Microchip\WirelessProtocols\MiWiPRO\MiWiPRO.c
     findNextNetworkEntry   0x0010ca    program     extern C:\Workspace\EndDevice\Microchip\WirelessProtocols\MiWiPRO\MiWiPRO.c
           DumpConnection   0x001114    program     extern C:\Workspace\EndDevice\Microchip\WirelessProtocols\MiWiPRO\MiWiPRO.c
               OpenSocket   0x001360    program     extern C:\Workspace\EndDevice\Microchip\WirelessProtocols\MiWiPRO\MiWiPRO.c
    SearchForShortAddress   0x001434    program     extern C:\Workspace\EndDevice\Microchip\WirelessProtocols\MiWiPRO\MiWiPRO.c
     SearchForLongAddress   0x0014d8    program     extern C:\Workspace\EndDevice\Microchip\WirelessProtocols\MiWiPRO\MiWiPRO.c
    AddNodeToNetworkTable   0x0015bc    program     extern C:\Workspace\EndDevice\Microchip\WirelessProtocols\MiWiPRO\MiWiPRO.c
            isSameAddress   0x0016dc    program     extern C:\Workspace\EndDevice\Microchip\WirelessProtocols\MiWiPRO\MiWiPRO.c
             CheckForData   0x00173e    program     extern C:\Workspace\EndDevice\Microchip\WirelessProtocols\MiWiPRO\MiWiPRO.c
       MiApp_ProtocolInit   0x0017ba    program     extern C:\Workspace\EndDevice\Microchip\WirelessProtocols\MiWiPRO\MiWiPRO.c
MiApp_TransceiverPowerState   0x001b36    program     extern C:\Workspace\EndDevice\Microchip\WirelessProtocols\MiWiPRO\MiWiPRO.c
         MiApp_SetChannel   0x001be8    program     extern C:\Workspace\EndDevice\Microchip\WirelessProtocols\MiWiPRO\MiWiPRO.c
     MiApp_ConnectionMode   0x001c3c    program     extern C:\Workspace\EndDevice\Microchip\WirelessProtocols\MiWiPRO\MiWiPRO.c
   MiApp_SearchConnection   0x001c98    program     extern C:\Workspace\EndDevice\Microchip\WirelessProtocols\MiWiPRO\MiWiPRO.c
MiApp_EstablishConnection   0x001e90    program     extern C:\Workspace\EndDevice\Microchip\WirelessProtocols\MiWiPRO\MiWiPRO.c
   MiApp_MessageAvailable   0x002444    program     extern C:\Workspace\EndDevice\Microchip\WirelessProtocols\MiWiPRO\MiWiPRO.c
     MiApp_DiscardMessage   0x002456    program     extern C:\Workspace\EndDevice\Microchip\WirelessProtocols\MiWiPRO\MiWiPRO.c
    MiApp_BroadcastPacket   0x00245e    program     extern C:\Workspace\EndDevice\Microchip\WirelessProtocols\MiWiPRO\MiWiPRO.c
                MultiCast   0x002480    program     extern C:\Workspace\EndDevice\Microchip\WirelessProtocols\MiWiPRO\MiWiPRO.c
  MiApp_UnicastConnection   0x002534    program     extern C:\Workspace\EndDevice\Microchip\WirelessProtocols\MiWiPRO\MiWiPRO.c
     MiApp_UnicastAddress   0x0027e2    program     extern C:\Workspace\EndDevice\Microchip\WirelessProtocols\MiWiPRO\MiWiPRO.c
    MiApp_StartConnection   0x002dbe    program     extern C:\Workspace\EndDevice\Microchip\WirelessProtocols\MiWiPRO\MiWiPRO.c
     MiApp_NoiseDetection   0x002de6    program     extern C:\Workspace\EndDevice\Microchip\WirelessProtocols\MiWiPRO\MiWiPRO.c
   MiApp_RemoveConnection   0x003012    program     extern C:\Workspace\EndDevice\Microchip\WirelessProtocols\MiWiPRO\MiWiPRO.c
        PHYSetLongRAMAddr   0x0033fa    program     extern C:\Workspace\EndDevice\Microchip\Transceivers\MRF24J40\MRF24J40.c
       PHYSetShortRAMAddr   0x003480    program     extern C:\Workspace\EndDevice\Microchip\Transceivers\MRF24J40\MRF24J40.c
       PHYGetShortRAMAddr   0x0034c6    program     extern C:\Workspace\EndDevice\Microchip\Transceivers\MRF24J40\MRF24J40.c
        PHYGetLongRAMAddr   0x003522    program     extern C:\Workspace\EndDevice\Microchip\Transceivers\MRF24J40\MRF24J40.c
             InitMRF24J40   0x0035c2    program     extern C:\Workspace\EndDevice\Microchip\Transceivers\MRF24J40\MRF24J40.c
     MiMAC_ReceivedPacket   0x003800    program     extern C:\Workspace\EndDevice\Microchip\Transceivers\MRF24J40\MRF24J40.c
              __tmplbl_25   0x004156    program     static                          
[...]
                 DDRAbits   0x000f92       data     extern E:\3.46\pic18-lt\cxx-framework\src\traditional\proc\p18f26k20.asm
                    TRISB   0x000f93       data     extern E:\3.46\pic18-lt\cxx-framework\src\traditional\proc\p18f26k20.asm
                     DDRB   0x000f93       data     extern E:\3.46\pic18-lt\cxx-framework\src\traditional\proc\p18f26k20.asm
                 DDRBbits   0x000f93       data     extern E:\3.46\pic18-lt\cxx-framework\src\traditional\proc\p18f26k20.asm
                TRISBbits   0x000f93       data     extern E:\3.46\pic18-lt\cxx-framework\src\traditional\proc\p18f26k20.asm
                TRISCbits   0x000f94       data     extern E:\3.46\pic18-lt\cxx-framework\src\traditional\proc\p18f26k20.asm
                    TRISC   0x000f94       data     extern E:\3.46\pic18-lt\cxx-framework\src\traditional\proc\p18f26k20.asm
                     DDRC   0x000f94       data     extern E:\3.46\pic18-lt\cxx-framework\src\traditional\proc\p18f26k20.asm
                 DDRCbits   0x000f94       data     extern E:\3.46\pic18-lt\cxx-framework\src\traditional\proc\p18f26k20.asm
                  OSCTUNE   0x000f9b       data     extern E:\3.46\pic18-lt\cxx-framework\src\traditional\proc\p18f26k20.asm
              OSCTUNEbits   0x000f9b       data     extern E:\3.46\pic18-lt\cxx-framework\src\traditional\proc\p18f26k20.asm
                     PIE1   0x000f9d       data     extern E:\3.46\pic18-lt\cxx-framework\src\traditional\proc\p18f26k20.asm
                 PIE1bits   0x000f9d       data     extern E:\3.46\pic18-lt\cxx-framework\src\traditional\proc\p18f26k20.asm
                     PIR1   0x000f9e       data     extern E:\3.46\pic18-lt\cxx-framework\src\traditional\proc\p18f26k20.asm
                 PIR1bits   0x000f9e       data     extern E:\3.46\pic18-lt\cxx-framework\src\traditional\proc\p18f26k20.asm
                 IPR1bits   0x000f9f       data     extern E:\3.46\pic18-lt\cxx-framework\src\traditional\proc\p18f26k20.asm
                     IPR1   0x000f9f       data     extern E:\3.46\pic18-lt\cxx-framework\src\traditional\proc\p18f26k20.asm
                 PIE2bits   0x000fa0       data     extern E:\3.46\pic18-lt\cxx-framework\src\traditional\proc\p18f26k20.asm
                     PIE2   0x000fa0       data     extern E:\3.46\pic18-lt\cxx-framework\src\traditional\proc\p18f26k20.asm
                 PIR2bits   0x000fa1       data     extern E:\3.46\pic18-lt\cxx-framework\src\traditional\proc\p18f26k20.asm
                     PIR2   0x000fa1       data     extern E:\3.46\pic18-lt\cxx-framework\src\traditional\proc\p18f26k20.asm
                     IPR2   0x000fa2       data     extern E:\3.46\pic18-lt\cxx-framework\src\traditional\proc\p18f26k20.asm
                 IPR2bits   0x000fa2       data     extern E:\3.46\pic18-lt\cxx-framework\src\traditional\proc\p18f26k20.asm
                   EECON1   0x000fa6       data     extern E:\3.46\pic18-lt\cxx-framework\src\traditional\proc\p18f26k20.asm
               EECON1bits   0x000fa6       data     extern E:\3.46\pic18-lt\cxx-framework\src\traditional\proc\p18f26k20.asm
                   EECON2   0x000fa7       data     extern E:\3.46\pic18-lt\cxx-framework\src\traditional\proc\p18f26k20.asm
                   EEDATA   0x000fa8       data     extern E:\3.46\pic18-lt\cxx-framework\src\traditional\proc\p18f26k20.asm
                EEADRbits   0x000fa9       data     extern E:\3.46\pic18-lt\cxx-framework\src\traditional\proc\p18f26k20.asm
                    EEADR   0x000fa9       data     extern E:\3.46\pic18-lt\cxx-framework\src\traditional\proc\p18f26k20.asm
                   EEADRH   0x000faa       data     extern E:\3.46\pic18-lt\cxx-framework\src\traditional\proc\p18f26k20.asm
               EEADRHbits   0x000faa       data     extern E:\3.46\pic18-lt\cxx-framework\src\traditional\proc\p18f26k20.asm
                RCSTAbits   0x000fab       data     extern E:\3.46\pic18-lt\cxx-framework\src\traditional\proc\p18f26k20.asm
                    RCSTA   0x000fab       data     extern E:\3.46\pic18-lt\cxx-framework\src\traditional\proc\p18f26k20.asm
                TXSTAbits   0x000fac       data     extern E:\3.46\pic18-lt\cxx-framework\src\traditional\proc\p18f26k20.asm
                    TXSTA   0x000fac       data     extern E:\3.46\pic18-lt\cxx-framework\src\traditional\proc\p18f26k20.asm
                    TXREG   0x000fad       data     extern E:\3.46\pic18-lt\cxx-framework\src\traditional\proc\p18f26k20.asm
                    RCREG   0x000fae       data     extern E:\3.46\pic18-lt\cxx-framework\src\traditional\proc\p18f26k20.asm
                    SPBRG   0x000faf       data     extern E:\3.46\pic18-lt\cxx-framework\src\traditional\proc\p18f26k20.asm
                   SPBRGH   0x000fb0       data     extern E:\3.46\pic18-lt\cxx-framework\src\traditional\proc\p18f26k20.asm
                    T3CON   0x000fb1       data     extern E:\3.46\pic18-lt\cxx-framework\src\traditional\proc\p18f26k20.asm
                T3CONbits   0x000fb1       data     extern E:\3.46\pic18-lt\cxx-framework\src\traditional\proc\p18f26k20.asm
                    TMR3L   0x000fb2       data     extern E:\3.46\pic18-lt\cxx-framework\src\traditional\proc\p18f26k20.asm
                    TMR3H   0x000fb3       data     extern E:\3.46\pic18-lt\cxx-framework\src\traditional\proc\p18f26k20.asm
              CVRCON2bits   0x000fb4       data     extern E:\3.46\pic18-lt\cxx-framework\src\traditional\proc\p18f26k20.asm
                  CVRCON2   0x000fb4       data     extern E:\3.46\pic18-lt\cxx-framework\src\traditional\proc\p18f26k20.asm
               CVRCONbits   0x000fb5       data     extern E:\3.46\pic18-lt\cxx-framework\src\traditional\proc\p18f26k20.asm
                   CVRCON   0x000fb5       data     extern E:\3.46\pic18-lt\cxx-framework\src\traditional\proc\p18f26k20.asm
                  ECCP1AS   0x000fb6       data     extern E:\3.46\pic18-lt\cxx-framework\src\traditional\proc\p18f26k20.asm
              ECCP1ASbits   0x000fb6       data     extern E:\3.46\pic18-lt\cxx-framework\src\traditional\proc\p18f26k20.asm
                  PWM1CON   0x000fb7       data     extern E:\3.46\pic18-lt\cxx-framework\src\traditional\proc\p18f26k20.asm
              PWM1CONbits   0x000fb7       data     extern E:\3.46\pic18-lt\cxx-framework\src\traditional\proc\p18f26k20.asm
                  BAUDCON   0x000fb8       data     extern E:\3.46\pic18-lt\cxx-framework\src\traditional\proc\p18f26k20.asm
              BAUDCONbits   0x000fb8       data     extern E:\3.46\pic18-lt\cxx-framework\src\traditional\proc\p18f26k20.asm
              BAUDCTLbits   0x000fb8       data     extern E:\3.46\pic18-lt\cxx-framework\src\traditional\proc\p18f26k20.asm
                  BAUDCTL   0x000fb8       data     extern E:\3.46\pic18-lt\cxx-framework\src\traditional\proc\p18f26k20.asm
              PSTRCONbits   0x000fb9       data     extern E:\3.46\pic18-lt\cxx-framework\src\traditional\proc\p18f26k20.asm
                  PSTRCON   0x000fb9       data     extern E:\3.46\pic18-lt\cxx-framework\src\traditional\proc\p18f26k20.asm
                  CCP2CON   0x000fba       data     extern E:\3.46\pic18-lt\cxx-framework\src\traditional\proc\p18f26k20.asm
              CCP2CONbits   0x000fba       data     extern E:\3.46\pic18-lt\cxx-framework\src\traditional\proc\p18f26k20.asm
                    CCPR2   0x000fbb       data     extern E:\3.46\pic18-lt\cxx-framework\src\traditional\proc\p18f26k20.asm
                   CCPR2L   0x000fbb       data     extern E:\3.46\pic18-lt\cxx-framework\src\traditional\proc\p18f26k20.asm
                   CCPR2H   0x000fbc       data     extern E:\3.46\pic18-lt\cxx-framework\src\traditional\proc\p18f26k20.asm
                  CCP1CON   0x000fbd       data     extern E:\3.46\pic18-lt\cxx-framework\src\traditional\proc\p18f26k20.asm
              CCP1CONbits   0x000fbd       data     extern E:\3.46\pic18-lt\cxx-framework\src\traditional\proc\p18f26k20.asm
                    CCPR1   0x000fbe       data     extern E:\3.46\pic18-lt\cxx-framework\src\traditional\proc\p18f26k20.asm
                   CCPR1L   0x000fbe       data     extern E:\3.46\pic18-lt\cxx-framework\src\traditional\proc\p18f26k20.asm
                   CCPR1H   0x000fbf       data     extern E:\3.46\pic18-lt\cxx-framework\src\traditional\proc\p18f26k20.asm
                   ADCON2   0x000fc0       data     extern E:\3.46\pic18-lt\cxx-framework\src\traditional\proc\p18f26k20.asm
               ADCON2bits   0x000fc0       data     extern E:\3.46\pic18-lt\cxx-framework\src\traditional\proc\p18f26k20.asm
               ADCON1bits   0x000fc1       data     extern E:\3.46\pic18-lt\cxx-framework\src\traditional\proc\p18f26k20.asm
                   ADCON1   0x000fc1       data     extern E:\3.46\pic18-lt\cxx-framework\src\traditional\proc\p18f26k20.asm
                   ADCON0   0x000fc2       data     extern E:\3.46\pic18-lt\cxx-framework\src\traditional\proc\p18f26k20.asm
               ADCON0bits   0x000fc2       data     extern E:\3.46\pic18-lt\cxx-framework\src\traditional\proc\p18f26k20.asm
                    ADRES   0x000fc3       data     extern E:\3.46\pic18-lt\cxx-framework\src\traditional\proc\p18f26k20.asm
                   ADRESL   0x000fc3       data     extern E:\3.46\pic18-lt\cxx-framework\src\traditional\proc\p18f26k20.asm
                   ADRESH   0x000fc4       data     extern E:\3.46\pic18-lt\cxx-framework\src\traditional\proc\p18f26k20.asm
                  SSPCON2   0x000fc5       data     extern E:\3.46\pic18-lt\cxx-framework\src\traditional\proc\p18f26k20.asm
              SSPCON2bits   0x000fc5       data     extern E:\3.46\pic18-lt\cxx-framework\src\traditional\proc\p18f26k20.asm
                  SSPCON1   0x000fc6       data     extern E:\3.46\pic18-lt\cxx-framework\src\traditional\proc\p18f26k20.asm
              SSPCON1bits   0x000fc6       data     extern E:\3.46\pic18-lt\cxx-framework\src\traditional\proc\p18f26k20.asm
                  SSPSTAT   0x000fc7       data     extern E:\3.46\pic18-lt\cxx-framework\src\traditional\proc\p18f26k20.asm
              SSPSTATbits   0x000fc7       data     extern E:\3.46\pic18-lt\cxx-framework\src\traditional\proc\p18f26k20.asm
                   SSPADD   0x000fc8       data     extern E:\3.46\pic18-lt\cxx-framework\src\traditional\proc\p18f26k20.asm
                   SSPBUF   0x000fc9       data     extern E:\3.46\pic18-lt\cxx-framework\src\traditional\proc\p18f26k20.asm
                    T2CON   0x000fca       data     extern E:\3.46\pic18-lt\cxx-framework\src\traditional\proc\p18f26k20.asm
                T2CONbits   0x000fca       data     extern E:\3.46\pic18-lt\cxx-framework\src\traditional\proc\p18f26k20.asm
                      PR2   0x000fcb       data     extern E:\3.46\pic18-lt\cxx-framework\src\traditional\proc\p18f26k20.asm
                     TMR2   0x000fcc       data     extern E:\3.46\pic18-lt\cxx-framework\src\traditional\proc\p18f26k20.asm
                    T1CON   0x000fcd       data     extern E:\3.46\pic18-lt\cxx-framework\src\traditional\proc\p18f26k20.asm
                T1CONbits   0x000fcd       data     extern E:\3.46\pic18-lt\cxx-framework\src\traditional\proc\p18f26k20.asm
                    TMR1L   0x000fce       data     extern E:\3.46\pic18-lt\cxx-framework\src\traditional\proc\p18f26k20.asm
                    TMR1H   0x000fcf       data     extern E:\3.46\pic18-lt\cxx-framework\src\traditional\proc\p18f26k20.asm
                     RCON   0x000fd0       data     extern E:\3.46\pic18-lt\cxx-framework\src\traditional\proc\p18f26k20.asm
                 RCONbits   0x000fd0       data     extern E:\3.46\pic18-lt\cxx-framework\src\traditional\proc\p18f26k20.asm
               WDTCONbits   0x000fd1       data     extern E:\3.46\pic18-lt\cxx-framework\src\traditional\proc\p18f26k20.asm
                   WDTCON   0x000fd1       data     extern E:\3.46\pic18-lt\cxx-framework\src\traditional\proc\p18f26k20.asm
               LVDCONbits   0x000fd2       data     extern E:\3.46\pic18-lt\cxx-framework\src\traditional\proc\p18f26k20.asm
                   LVDCON   0x000fd2       data     extern E:\3.46\pic18-lt\cxx-framework\src\traditional\proc\p18f26k20.asm
              HLVDCONbits   0x000fd2       data     extern E:\3.46\pic18-lt\cxx-framework\src\traditional\proc\p18f26k20.asm
                  HLVDCON   0x000fd2       data     extern E:\3.46\pic18-lt\cxx-framework\src\traditional\proc\p18f26k20.asm
               OSCCONbits   0x000fd3       data     extern E:\3.46\pic18-lt\cxx-framework\src\traditional\proc\p18f26k20.asm
                   OSCCON   0x000fd3       data     extern E:\3.46\pic18-lt\cxx-framework\src\traditional\proc\p18f26k20.asm
                    T0CON   0x000fd5       data     extern E:\3.46\pic18-lt\cxx-framework\src\traditional\proc\p18f26k20.asm
                T0CONbits   0x000fd5       data     extern E:\3.46\pic18-lt\cxx-framework\src\traditional\proc\p18f26k20.asm
                    TMR0L   0x000fd6       data     extern E:\3.46\pic18-lt\cxx-framework\src\traditional\proc\p18f26k20.asm
                    TMR0H   0x000fd7       data     extern E:\3.46\pic18-lt\cxx-framework\src\traditional\proc\p18f26k20.asm
                   STATUS   0x000fd8       data     extern E:\3.46\pic18-lt\cxx-framework\src\traditional\proc\p18f26k20.asm
               STATUSbits   0x000fd8       data     extern E:\3.46\pic18-lt\cxx-framework\src\traditional\proc\p18f26k20.asm
                    FSR2L   0x000fd9       data     extern E:\3.46\pic18-lt\cxx-framework\src\traditional\proc\p18f26k20.asm
                     FSR2   0x000fd9       data     extern E:\3.46\pic18-lt\cxx-framework\src\traditional\proc\p18f26k20.asm
                    FSR2H   0x000fda       data     extern E:\3.46\pic18-lt\cxx-framework\src\traditional\proc\p18f26k20.asm
                   PLUSW2   0x000fdb       data     extern E:\3.46\pic18-lt\cxx-framework\src\traditional\proc\p18f26k20.asm
                  PREINC2   0x000fdc       data     extern E:\3.46\pic18-lt\cxx-framework\src\traditional\proc\p18f26k20.asm
                 POSTDEC2   0x000fdd       data     extern E:\3.46\pic18-lt\cxx-framework\src\traditional\proc\p18f26k20.asm
                 POSTINC2   0x000fde       data     extern E:\3.46\pic18-lt\cxx-framework\src\traditional\proc\p18f26k20.asm
                    INDF2   0x000fdf       data     extern E:\3.46\pic18-lt\cxx-framework\src\traditional\proc\p18f26k20.asm
                      BSR   0x000fe0       data     extern E:\3.46\pic18-lt\cxx-framework\src\traditional\proc\p18f26k20.asm
                    FSR1L   0x000fe1       data     extern E:\3.46\pic18-lt\cxx-framework\src\traditional\proc\p18f26k20.asm
                     FSR1   0x000fe1       data     extern E:\3.46\pic18-lt\cxx-framework\src\traditional\proc\p18f26k20.asm
                    FSR1H   0x000fe2       data     extern E:\3.46\pic18-lt\cxx-framework\src\traditional\proc\p18f26k20.asm
                   PLUSW1   0x000fe3       data     extern E:\3.46\pic18-lt\cxx-framework\src\traditional\proc\p18f26k20.asm
                  PREINC1   0x000fe4       data     extern E:\3.46\pic18-lt\cxx-framework\src\traditional\proc\p18f26k20.asm
                 POSTDEC1   0x000fe5       data     extern E:\3.46\pic18-lt\cxx-framework\src\traditional\proc\p18f26k20.asm
                 POSTINC1   0x000fe6       data     extern E:\3.46\pic18-lt\cxx-framework\src\traditional\proc\p18f26k20.asm
                    INDF1   0x000fe7       data     extern E:\3.46\pic18-lt\cxx-framework\src\traditional\proc\p18f26k20.asm
                     WREG   0x000fe8       data     extern E:\3.46\pic18-lt\cxx-framework\src\traditional\proc\p18f26k20.asm
                        W   0x000fe8       data     extern E:\3.46\pic18-lt\cxx-framework\src\traditional\proc\p18f26k20.asm
                    FSR0L   0x000fe9       data     extern E:\3.46\pic18-lt\cxx-framework\src\traditional\proc\p18f26k20.asm
                     FSR0   0x000fe9       data     extern E:\3.46\pic18-lt\cxx-framework\src\traditional\proc\p18f26k20.asm
                    FSR0H   0x000fea       data     extern E:\3.46\pic18-lt\cxx-framework\src\traditional\proc\p18f26k20.asm
                   PLUSW0   0x000feb       data     extern E:\3.46\pic18-lt\cxx-framework\src\traditional\proc\p18f26k20.asm
                  PREINC0   0x000fec       data     extern E:\3.46\pic18-lt\cxx-framework\src\traditional\proc\p18f26k20.asm
                 POSTDEC0   0x000fed       data     extern E:\3.46\pic18-lt\cxx-framework\src\traditional\proc\p18f26k20.asm
                 POSTINC0   0x000fee       data     extern E:\3.46\pic18-lt\cxx-framework\src\traditional\proc\p18f26k20.asm
                    INDF0   0x000fef       data     extern E:\3.46\pic18-lt\cxx-framework\src\traditional\proc\p18f26k20.asm
                  INTCON3   0x000ff0       data     extern E:\3.46\pic18-lt\cxx-framework\src\traditional\proc\p18f26k20.asm
              INTCON3bits   0x000ff0       data     extern E:\3.46\pic18-lt\cxx-framework\src\traditional\proc\p18f26k20.asm
              INTCON2bits   0x000ff1       data     extern E:\3.46\pic18-lt\cxx-framework\src\traditional\proc\p18f26k20.asm
                  INTCON2   0x000ff1       data     extern E:\3.46\pic18-lt\cxx-framework\src\traditional\proc\p18f26k20.asm
                   INTCON   0x000ff2       data     extern E:\3.46\pic18-lt\cxx-framework\src\traditional\proc\p18f26k20.asm
               INTCONbits   0x000ff2       data     extern E:\3.46\pic18-lt\cxx-framework\src\traditional\proc\p18f26k20.asm
                     PROD   0x000ff3       data     extern E:\3.46\pic18-lt\cxx-framework\src\traditional\proc\p18f26k20.asm
                    PRODL   0x000ff3       data     extern E:\3.46\pic18-lt\cxx-framework\src\traditional\proc\p18f26k20.asm
                    PRODH   0x000ff4       data     extern E:\3.46\pic18-lt\cxx-framework\src\traditional\proc\p18f26k20.asm
                   TABLAT   0x000ff5       data     extern E:\3.46\pic18-lt\cxx-framework\src\traditional\proc\p18f26k20.asm
                   TBLPTR   0x000ff6       data     extern E:\3.46\pic18-lt\cxx-framework\src\traditional\proc\p18f26k20.asm
                  TBLPTRL   0x000ff6       data     extern E:\3.46\pic18-lt\cxx-framework\src\traditional\proc\p18f26k20.asm
                  TBLPTRH   0x000ff7       data     extern E:\3.46\pic18-lt\cxx-framework\src\traditional\proc\p18f26k20.asm
                  TBLPTRU   0x000ff8       data     extern E:\3.46\pic18-lt\cxx-framework\src\traditional\proc\p18f26k20.asm
                       PC   0x000ff9       data     extern E:\3.46\pic18-lt\cxx-framework\src\traditional\proc\p18f26k20.asm
                      PCL   0x000ff9       data     extern E:\3.46\pic18-lt\cxx-framework\src\traditional\proc\p18f26k20.asm
                   PCLATH   0x000ffa       data     extern E:\3.46\pic18-lt\cxx-framework\src\traditional\proc\p18f26k20.asm
                   PCLATU   0x000ffb       data     extern E:\3.46\pic18-lt\cxx-framework\src\traditional\proc\p18f26k20.asm
               STKPTRbits   0x000ffc       data     extern E:\3.46\pic18-lt\cxx-framework\src\traditional\proc\p18f26k20.asm
                   STKPTR   0x000ffc       data     extern E:\3.46\pic18-lt\cxx-framework\src\traditional\proc\p18f26k20.asm
                      TOS   0x000ffd       data     extern E:\3.46\pic18-lt\cxx-framework\src\traditional\proc\p18f26k20.asm
                     TOSL   0x000ffd       data     extern E:\3.46\pic18-lt\cxx-framework\src\traditional\proc\p18f26k20.asm
                     TOSH   0x000ffe       data     extern E:\3.46\pic18-lt\cxx-framework\src\traditional\proc\p18f26k20.asm
                     TOSU   0x000fff       data     extern E:\3.46\pic18-lt\cxx-framework\src\traditional\proc\p18f26k20.asm


