Microchip MPLAB XC8 Compiler V1.37 ()

Linker command line:

--edf=C:\Program Files (x86)\Microchip\xc8\v1.37\dat\en_msgs.txt -cs \
  -h+dist/8bitwdk_pic18f46j50_24j40/production\miwi_p2p_star_FFD.X.production.sym \
  --cmf=dist/8bitwdk_pic18f46j50_24j40/production\miwi_p2p_star_FFD.X.production.cmf \
  -z -Q18F46J50 -oC:\Users\enric\AppData\Local\Temp\s4uc.2 \
  -Mdist/8bitwdk_pic18f46j50_24j40/production/miwi_p2p_star_FFD.X.production.map \
  -E1 -ver=XC8 -ASTACK=0468h-0ebfh -pstack=STACK -ACODE=00h-0FFF7h \
  -ACONST=00h-0FFF7h -ASMALLCONST=0F00h-0FFFhx240,0FF00h-0FFF7h \
  -AMEDIUMCONST=0F00h-0FFF7h -ACOMRAM=01h-05Fh -AABS1=00h-0EBFh \
  -ABIGRAM=01h-0EBFh -ARAM=060h-0FFh,0100h-01FFhx13,0E00h-0EBFh \
  -ABANK0=060h-0FFh -ABANK1=0100h-01FFh -ABANK2=0200h-02FFh \
  -ABANK3=0300h-03FFh -ABANK4=0400h-04FFh -ABANK5=0500h-05FFh \
  -ABANK6=0600h-06FFh -ABANK7=0700h-07FFh -ABANK8=0800h-08FFh \
  -ABANK9=0900h-09FFh -ABANK10=0A00h-0AFFh -ABANK11=0B00h-0BFFh \
  -ABANK12=0C00h-0CFFh -ABANK13=0D00h-0DFFh -ABANK14=0E00h-0EBFh \
  -ASFR=0EC0h-0EFFh,0F00h-0F5Fh,0F60h-0FFFh \
  -preset_vec=00h,intcode=08h,intcodelo,powerup,init,end_init \
  -pramtop=0F00h -psmallconst=SMALLCONST -pmediumconst=MEDIUMCONST \
  -pconst=CONST -AFARRAM=00h-00h -ACONFIG=0FFF8h-0FFFFh -pconfig=CONFIG \
  -pjflash_buffer=0F800h \
  -prdata=COMRAM,nvrram=COMRAM,nvbit=COMRAM,rbss=COMRAM,rbit=COMRAM \
  -pfarbss=FARRAM,fardata=FARRAM,nvFARRAM=FARRAM \
  -pintsave_regs=BIGRAM,bigbss=BIGRAM,bigdata=BIGRAM -pbss=RAM \
  -pidata=CODE,irdata=CODE,ibigdata=CODE,ifardata=CODE -prparam=COMRAM \
  C:\Users\enric\AppData\Local\Temp\s4uc.obj \
  dist/8bitwdk_pic18f46j50_24j40/production\miwi_p2p_star_FFD.X.production.obj 

Object code version is 3.11

Machine type is 18F46J50

Call graph: (short form)




                Name                               Link     Load   Length Selector   Space Scale
C:\Users\enric\AppData\Local\Temp\s4uc.obj
                end_init                            18C      18C        4        4       0
                reset_vec                             0        0        4        0       0
                config                             FFF8     FFF8        8     FFF8       0
dist/8bitwdk_pic18f46j50_24j40/production\miwi_p2p_star_FFD.X.production.obj
                intcode                               8        8      184        4       0
                temp                                 43       43        1        1       1
                mediumconst                        FDA6     FDA6      252     7ED3       0
                text84                             2944     2944       CE        4       0
                text83                             3070     3070       84        4       0
                text82                             3BD6     3BD6       14        4       0
                text81                             3C0C     3C0C       10        4       0
                text80                             3408     3408       52        4       0
                text79                             39B8     39B8       2C        4       0
                text78                             3A0C     3A0C       28        4       0
                text76                             2874     2874       D0        4       0
                text75                             3B5A     3B5A       1C        4       0
                text74                             3BC0     3BC0       16        4       0
                text73                             3BAA     3BAA       16        4       0
                text72                             35DE     35DE       4A        4       0
                text71                             37EC     37EC       3E        4       0
                text70                             3A80     3A80       26        4       0
                text69                             3B3E     3B3E       1C        4       0
                text68                              92A      92A      728        4       0
                text67                             3628     3628       44        4       0
                text66                             3AE6     3AE6       20        4       0
                text65                             37AE     37AE       3E        4       0
                text64                             3C4C     3C4C        2        4       0
                text63                             3C46     3C46        4        4       0
                text62                             3BFC     3BFC       10        4       0
                text61                             2B66     2B66       9A        4       0
                text60                             3864     3864       3A        4       0
                text59                             3B90     3B90       1A        4       0
                text58                             3C36     3C36        8        4       0
                text57                             3546     3546       4E        4       0
                text56                             398C     398C       2C        4       0
                text55                             23A6     23A6      15E        4       0
                text54                             345A     345A       50        4       0
                text53                             39E4     39E4       28        4       0
                text52                             3730     3730       40        4       0
                text51                             33B6     33B6       52        4       0
                text50                             3960     3960       2C        4       0
                text49                             21BA     21BA      1EC        4       0
                text48                             330E     330E       56        4       0
                text47                             34F8     34F8       4E        4       0
                text46                             1A6E     1A6E      330        4       0
                text45                             2A12     2A12       BA        4       0
                text44                             2652     2652      146        4       0
                text43                             32B6     32B6       58        4       0
                text42                             2D2C     2D2C       94        4       0
                text41                             3BEA     3BEA       12        4       0
                text40                             3B22     3B22       1C        4       0
                text39                             389E     389E       34        4       0
                text38                             2C00     2C00       98        4       0
                text37                             30F4     30F4       78        4       0
                text36                             324E     324E       68        4       0
                text35                             1D9E     1D9E      216        4       0
                text34                             1052     1052      52E        4       0
                text33                             3902     3902       30        4       0
                text32                             3770     3770       3E        4       0
                text31                             316C     316C       72        4       0
                text30                             2798     2798       DC        4       0
                text29                              190      190      79A        4       0
                text28                             3C2A     3C2A        C        4       0
                text27                             2504     2504      14E        4       0
                text26                             38D2     38D2       30        4       0
                text25                             382A     382A       3A        4       0
                text24                             3932     3932       2E        4       0
                text23                             2E4E     2E4E       8E        4       0
                text22                             34AA     34AA       4E        4       0
                text21                             1FB4     1FB4      206        4       0
                text20                             3364     3364       52        4       0
                text19                             36AE     36AE       42        4       0
                text18                             2FEA     2FEA       86        4       0
                text17                             3AC6     3AC6       20        4       0
                text16                             2ACC     2ACC       9A        4       0
                text15                             2C98     2C98       94        4       0
                text14                             3B06     3B06       1C        4       0
                text13                             2DC0     2DC0       8E        4       0
                text12                             36F0     36F0       40        4       0
                text11                             3C1C     3C1C        E        4       0
                text10                             31DE     31DE       70        4       0
                text9                              3594     3594       4A        4       0
                text8                              3A5A     3A5A       26        4       0
                text7                              1580     1580      4EE        4       0
                text6                              3C42     3C42        4        4       0
                text5                              366C     366C       42        4       0
                text4                              2F64     2F64       86        4       0
                text3                              3C3E     3C3E        4        4       0
                text2                              3B76     3B76       1A        4       0
                text1                              3A34     3A34       26        4       0
                text0                              3AA6     3AA6       20        4       0
                cstackCOMRAM                          1        1       24        1       1
                cstackBANK0                          60       60       67       60       1
                cstackBANK1                         169      169       1D      100       1
                bssBIGRAM                           350      350      118      350       1
                bssBANK3                            300      300       50      300       1
                bssBANK2                            200      200       B2      200       1
                bssBANK1                            100      100       69      100       1
                dataBANK0                            FE       FE        2       60       1
                bssBANK0                             C7       C7       37       60       1
                dataCOMRAM                           42       42        1        1       1
                bssCOMRAM                            25       25       1D        1       1
                cinit                              2EDC     2EDC       88        4       0
                idataBANK0                         3C4A     3C4A        2        4       0
                idataCOMRAM                        3C4E     3C4E        1        4       0

TOTAL           Name                               Link     Load   Length     Space
        CLASS   STACK          

        CLASS   CODE           
                end_init                            18C      18C        4         0
                intcode                               8        8      184         0
                reset_vec                             0        0        4         0
                text84                             2944     2944       CE         0
                text83                             3070     3070       84         0
                text82                             3BD6     3BD6       14         0
                text81                             3C0C     3C0C       10         0
                text80                             3408     3408       52         0
                text79                             39B8     39B8       2C         0
                text78                             3A0C     3A0C       28         0
                text76                             2874     2874       D0         0
                text75                             3B5A     3B5A       1C         0
                text74                             3BC0     3BC0       16         0
                text73                             3BAA     3BAA       16         0
                text72                             35DE     35DE       4A         0
                text71                             37EC     37EC       3E         0
                text70                             3A80     3A80       26         0
                text69                             3B3E     3B3E       1C         0
                text68                              92A      92A      728         0
                text67                             3628     3628       44         0
                text66                             3AE6     3AE6       20         0
                text65                             37AE     37AE       3E         0
                text64                             3C4C     3C4C        2         0
                text63                             3C46     3C46        4         0
                text62                             3BFC     3BFC       10         0
                text61                             2B66     2B66       9A         0
                text60                             3864     3864       3A         0
                text59                             3B90     3B90       1A         0
                text58                             3C36     3C36        8         0
                text57                             3546     3546       4E         0
                text56                             398C     398C       2C         0
                text55                             23A6     23A6      15E         0
                text54                             345A     345A       50         0
                text53                             39E4     39E4       28         0
                text52                             3730     3730       40         0
                text51                             33B6     33B6       52         0
                text50                             3960     3960       2C         0
                text49                             21BA     21BA      1EC         0
                text48                             330E     330E       56         0
                text47                             34F8     34F8       4E         0
                text46                             1A6E     1A6E      330         0
                text45                             2A12     2A12       BA         0
                text44                             2652     2652      146         0
                text43                             32B6     32B6       58         0
                text42                             2D2C     2D2C       94         0
                text41                             3BEA     3BEA       12         0
                text40                             3B22     3B22       1C         0
                text39                             389E     389E       34         0
                text38                             2C00     2C00       98         0
                text37                             30F4     30F4       78         0
                text36                             324E     324E       68         0
                text35                             1D9E     1D9E      216         0
                text34                             1052     1052      52E         0
                text33                             3902     3902       30         0
                text32                             3770     3770       3E         0
                text31                             316C     316C       72         0
                text30                             2798     2798       DC         0
                text29                              190      190      79A         0
                text28                             3C2A     3C2A        C         0
                text27                             2504     2504      14E         0
                text26                             38D2     38D2       30         0
                text25                             382A     382A       3A         0
                text24                             3932     3932       2E         0
                text23                             2E4E     2E4E       8E         0
                text22                             34AA     34AA       4E         0
                text21                             1FB4     1FB4      206         0
                text20                             3364     3364       52         0
                text19                             36AE     36AE       42         0
                text18                             2FEA     2FEA       86         0
                text17                             3AC6     3AC6       20         0
                text16                             2ACC     2ACC       9A         0
                text15                             2C98     2C98       94         0
                text14                             3B06     3B06       1C         0
                text13                             2DC0     2DC0       8E         0
                text12                             36F0     36F0       40         0
                text11                             3C1C     3C1C        E         0
                text10                             31DE     31DE       70         0
                text9                              3594     3594       4A         0
                text8                              3A5A     3A5A       26         0
                text7                              1580     1580      4EE         0
                text6                              3C42     3C42        4         0
                text5                              366C     366C       42         0
                text4                              2F64     2F64       86         0
                text3                              3C3E     3C3E        4         0
                text2                              3B76     3B76       1A         0
                text1                              3A34     3A34       26         0
                text0                              3AA6     3AA6       20         0
                cinit                              2EDC     2EDC       88         0
                idataBANK0                         3C4A     3C4A        2         0
                idataCOMRAM                        3C4E     3C4E        1         0

        CLASS   CONST          

        CLASS   SMALLCONST     

        CLASS   MEDIUMCONST    
                mediumconst                        FDA6     FDA6      252         0

        CLASS   COMRAM         
                temp                                 43       43        1         1
                cstackCOMRAM                          1        1       24         1
                dataCOMRAM                           42       42        1         1
                bssCOMRAM                            25       25       1D         1

        CLASS   ABS1           

        CLASS   BIGRAM         
                bssBIGRAM                           350      350      118         1

        CLASS   RAM            

        CLASS   BANK0          
                cstackBANK0                          60       60       67         1
                dataBANK0                            FE       FE        2         1
                bssBANK0                             C7       C7       37         1

        CLASS   BANK1          
                cstackBANK1                         169      169       1D         1
                bssBANK1                            100      100       69         1

        CLASS   BANK2          
                bssBANK2                            200      200       B2         1

        CLASS   BANK3          
                bssBANK3                            300      300       50         1

        CLASS   BANK4          

        CLASS   BANK5          

        CLASS   BANK6          

        CLASS   BANK7          

        CLASS   BANK8          

        CLASS   BANK9          

        CLASS   BANK10         

        CLASS   BANK11         

        CLASS   BANK12         

        CLASS   BANK13         

        CLASS   BANK14         

        CLASS   SFR            

        CLASS   FARRAM         

        CLASS   CONFIG         
                config                             FFF8     FFF8        8         0

        CLASS   IDLOC          



SEGMENTS        Name                           Load    Length   Top    Selector   Space  Class

                reset_vec                      000000  000004  000004         0       0  CODE    
                cstackCOMRAM                   000001  000043  000044         1       1  COMRAM  
                intcode                        000008  003C47  003C4F         4       0  CODE    
                cstackBANK0                    000060  0000A0  000100        60       1  BANK0   
                bssBANK1                       000100  000086  000186       100       1  BANK1   
                bssBANK2                       000200  0000B2  0002B2       200       1  BANK2   
                bssBANK3                       000300  000050  000350       300       1  BANK3   
                bssBIGRAM                      000350  000118  000468       350       1  BIGRAM  
                mediumconst                    00FDA6  000252  00FFF8      7ED3       0  MEDIUMCO
                config                         00FFF8  000008  010000      FFF8       0  CONFIG  


UNUSED ADDRESS RANGES

        Name                Unused          Largest block    Delta
        BANK1            00186-001FF              7A
        BANK10           00A00-00AFF             100
        BANK11           00B00-00BFF             100
        BANK12           00C00-00CFF             100
        BANK13           00D00-00DFF             100
        BANK14           00E00-00EBF              C0
        BANK2            002B2-002FF              4E
        BANK4            00468-004FF              98
        BANK5            00500-005FF             100
        BANK6            00600-006FF             100
        BANK7            00700-007FF             100
        BANK8            00800-008FF             100
        BANK9            00900-009FF             100
        BIGRAM           00044-0005F              1C
                         00186-001FF              7A
                         002B2-002FF              4E
                         00468-00EBF             A58
        CODE             00004-00007               4
                         03C4F-0FDA5            C157
        COMRAM           00044-0005F              1C
        CONST            00004-00007               4
                         03C4F-0FDA5            C157
        MEDIUMCONST      03C4F-0FDA5            C157
        RAM              00186-001FF              7A
                         002B2-002FF              4E
                         00468-00EBF             100
        SFR              00EC0-00FFF              60
        SMALLCONST       03C4F-0FDA5             100
        STACK            00468-00EBF             A58

                                  Symbol Table

?_MiWi_TickGet                                 cstackCOMRAM  0001D
?___awdiv                                      cstackCOMRAM  0001D
?___awmod                                      cstackCOMRAM  0001D
?___lwdiv                                      cstackCOMRAM  0001D
?___lwmod                                      cstackBANK0   00060
?___wmul                                       cstackCOMRAM  0001D
?_sprintf                                      cstackBANK0   00064
AddConnection@connectionSlot                   cstackBANK0   00067
AddConnection@i                                cstackBANK0   00068
AddConnection@status                           cstackBANK0   00066
ButtonPressed@t                                cstackBANK0   00069
ButtonPressed@tickDifference                   cstackBANK0   00065
DELAY_ms@cyclesRequiredForEntireDelay          cstackCOMRAM  0001F
DELAY_ms@ms                                    cstackCOMRAM  0001D
DemoOutput_Channel@Step                        cstackBANK0   0008C
DemoOutput_Channel@channel                     cstackBANK0   0008D
DemoOutput_UpdateTxRx@RxNum                    cstackBANK0   00089
DemoOutput_UpdateTxRx@TxNum                    cstackBANK0   0008A
EEPROM_Read@addr                               cstackCOMRAM  00020
EEPROM_Read@count                              cstackCOMRAM  00021
EEPROM_Read@dest                               cstackCOMRAM  0001E
EEPROM_Read@oldGIEH                            cstackCOMRAM  00022
Find_InActiveDevices@i                         cstackBANK0   000A7
Find_Index@DestAddr                            cstackCOMRAM  0001D
Find_Index@i                                   cstackCOMRAM  00021
Forward_Packet_PANCr_to_EDy@EDxAddress         cstackBANK0   000A9
Forward_Packet_PANCr_to_EDy@fw_payload         cstackBANK0   000A6
Forward_Packet_PANCr_to_EDy@i                  cstackBANK0   000AC
Forward_Packet_PANCr_to_EDy@index              cstackBANK0   000A8
Forward_Packet_PANCr_to_EDy@status             cstackBANK0   000AB
I2CWrite@BufferLen                             cstackCOMRAM  0001D
I2CWrite@Commandlen                            cstackCOMRAM  0001E
InitMRF24J40@_dcnt                             cstackBANK0   00062
InitMRF24J40@_dcnt_635                         cstackBANK0   00066
InitMRF24J40@_ms                               cstackBANK0   0006A
InitMRF24J40@_ms_636                           cstackBANK0   0006E
InitMRF24J40@i                                 cstackBANK0   00074
InitMRF24J40@j                                 cstackBANK0   00072
Initialize_Demo@freezer_enable                 cstackBANK0   000C6
LCDDisplay@delay                               cstackBANK0   0008A
LCDDisplay@i                                   cstackBANK0   0008B
LCDDisplay@text                                cstackBANK0   00087
LCDDisplay@value                               cstackBANK0   00089
LCDTRXCount@rxCount                            cstackBANK0   00087
LCDTRXCount@txCount                            cstackBANK0   00088
LCD_Erase@i                                    cstackCOMRAM  0001D
MiApp_BroadcastConnectionTable@broadcast_count cstackBANK0   000A8
MiApp_BroadcastConnectionTable@count           cstackBANK0   000A7
MiApp_BroadcastConnectionTable@i               cstackBANK0   000AA
MiApp_BroadcastConnectionTable@j               cstackBANK0   000AB
MiApp_BroadcastConnectionTable@k               cstackBANK0   000A9
MiApp_BroadcastPacket@SecEn                    cstackBANK0   000A0
MiApp_ConnectionMode@Mode                      cstackBANK0   00063
MiApp_EstablishConnection@Mode                 cstackBANK0   000C5
MiApp_EstablishConnection@connectionInterval   cstackBANK1   0016F
MiApp_EstablishConnection@i                    cstackBANK1   00178
MiApp_EstablishConnection@retry                cstackBANK1   0016E
MiApp_EstablishConnection@t1                   cstackBANK1   00170
MiApp_EstablishConnection@t2                   cstackBANK1   00174
MiApp_EstablishConnection@tmpConnectionMode    cstackBANK1   0016D
MiApp_ProtocolInit@bNetworkFreezer             cstackBANK0   0007B
MiApp_ProtocolInit@i                           cstackBANK0   0007F
MiApp_ProtocolInit@initValue                   cstackBANK0   0007C
MiApp_ProtocolInit@tmp                         cstackBANK0   00079
MiApp_RemoveConnection@ConnectionIndex         cstackBANK0   000A4
MiApp_RemoveConnection@i                       cstackBANK0   000A5
MiApp_RemoveConnection@j                       cstackBANK0   000A0
MiApp_RemoveConnection@j_1504                  cstackBANK0   000A2
MiApp_SetChannel@channel                       cstackBANK0   00062
MiApp_StartConnection@ChannelMap               cstackBANK0   00066
MiApp_StartConnection@Mode                     cstackBANK0   0006A
MiApp_StartConnection@ScanDuration             cstackBANK0   00065
MiApp_StartConnection@tmp                      cstackBANK0   0006B
MiApp_UnicastAddress@DestinationAddress        cstackBANK0   000A0
MiApp_UnicastAddress@PermanentAddr             cstackBANK0   000A2
MiApp_UnicastAddress@SecEn                     cstackBANK0   000A3
MiApp_UnicastConnection@ConnectionIndex        cstackBANK0   000A5
MiApp_UnicastConnection@SecEn                  cstackBANK0   000A4
MiApp_UnicastStar@SecEn                        cstackBANK1   0016D
MiApp_UnicastStar@t1                           cstackBANK1   0016E
MiApp_UnicastStar@t2                           cstackBANK1   00172
MiMAC_Init@i                                   cstackBANK0   00078
MiMAC_Init@initValue                           cstackBANK0   00075
MiMAC_ReceivedPacket@addrMode                  cstackCOMRAM  00022
MiMAC_ReceivedPacket@bIntraPAN                 cstackCOMRAM  00024
MiMAC_ReceivedPacket@i                         cstackCOMRAM  00023
MiMAC_SendPacket@IntraPAN                      cstackBANK0   0008B
MiMAC_SendPacket@MACPayload                    cstackBANK0   0007C
MiMAC_SendPacket@MACPayloadLen                 cstackBANK0   0007E
MiMAC_SendPacket@frameControl                  cstackBANK0   0008C
MiMAC_SendPacket@headerLength                  cstackBANK0   0008D
MiMAC_SendPacket@i                             cstackBANK0   0008E
MiMAC_SendPacket@loc                           cstackBANK0   0008F
MiMAC_SendPacket@t1                            cstackBANK0   00083
MiMAC_SendPacket@t2                            cstackBANK0   00087
MiMAC_SendPacket@transParam                    cstackBANK0   00075
MiMAC_SetAltAddress@Address                    cstackCOMRAM  00022
MiMAC_SetAltAddress@PANID                      cstackCOMRAM  00021
MiMAC_SetChannel@channel                       cstackBANK0   00060
MiMAC_SetChannel@offsetFreq                    cstackCOMRAM  00024
MiWi_TickGet@currentTime                       cstackBANK0   00061
MiWi_TickGet@failureCounter                    cstackBANK0   00060
NVMInit@result                                 cstackCOMRAM  00022
NVMRead@addr                                   cstackCOMRAM  00020
NVMRead@count                                  cstackCOMRAM  00022
NVMRead@dest                                   cstackCOMRAM  0001E
NVMRead@oldRFIE                                cstackCOMRAM  00024
NVMWrite@PageCounter                           cstackBANK0   00061
NVMWrite@addr                                  cstackCOMRAM  00020
NVMWrite@count                                 cstackCOMRAM  00022
NVMWrite@oldRFIE                               cstackBANK0   00060
NVMWrite@source                                cstackCOMRAM  0001E
NVMalloc@location                              cstackCOMRAM  0001F
NVMalloc@size                                  cstackCOMRAM  0001D
P2PTasks@FW_Stat                               cstackBANK0   000B5
P2PTasks@final_index                           cstackBANK0   000BC
P2PTasks@i                                     cstackBANK0   000C4
P2PTasks@p                                     cstackBANK0   000C1
P2PTasks@p_1345                                cstackBANK0   000C2
P2PTasks@status                                cstackBANK0   000C3
P2PTasks@tick2                                 cstackBANK0   000B8
P2PTasks@tick3                                 cstackBANK0   000BD
P2PTasks@tmp                                   cstackBANK0   000B6
P2PTasks@tmpTick                               cstackBANK0   000B1
PHYGetLongRAMAddr@address                      cstackCOMRAM  0001E
PHYGetLongRAMAddr@tmpRFIE                      cstackCOMRAM  00023
PHYGetLongRAMAddr@toReturn                     cstackCOMRAM  00022
PHYGetShortRAMAddr@address                     cstackCOMRAM  0001E
PHYGetShortRAMAddr@tmpRFIE                     cstackCOMRAM  00020
PHYGetShortRAMAddr@toReturn                    cstackCOMRAM  0001F
PHYSetLongRAMAddr@address                      cstackCOMRAM  0001E
PHYSetLongRAMAddr@tmpRFIE                      cstackCOMRAM  00023
PHYSetLongRAMAddr@value                        cstackCOMRAM  00020
PHYSetShortRAMAddr@address                     cstackCOMRAM  0001F
PHYSetShortRAMAddr@tmpRFIE                     cstackCOMRAM  00020
PHYSetShortRAMAddr@value                       cstackCOMRAM  0001E
Process_RxMessage@User_data_status             cstackBANK0   000C5
Read_MAC_Address@i                             cstackBANK0   00062
Read_MAC_Address@myAddress                     cstackCOMRAM  00023
SPI1_Exchange8bit@data                         cstackCOMRAM  0001D
STAR_DEMO_OPTIONS_MESSAGE@NetworkRole          cstackBANK0   0008C
SW_Ack_SrED@Dest_Addr                          cstackBANK0   000A0
SendPacket@Broadcast                           cstackBANK0   00098
SendPacket@DestinationAddress                  cstackBANK0   00092
SendPacket@DestinationPANID                    cstackBANK0   00090
SendPacket@SecurityEnabled                     cstackBANK0   00095
SendPacket@isCommand                           cstackBANK0   00094
SendPacket@status                              cstackBANK0   00097
SendPacket@tParam                              cstackBANK0   00099
Source_END_DEVICE_INFO@SrAddr                  cstackBANK0   00087
Total_Connections@count                        cstackCOMRAM  0001D
Total_Connections@i                            cstackCOMRAM  0001E
_ANCON0                                        (abs)         00F48
_ANCON1                                        (abs)         00F49
_AddConnection                                 text55        023A6
_AdditionalNodeID                              dataBANK0     000FE
_BankIndex                                     dataCOMRAM    00042
_ButtonPressed                                 text15        02C98
_CommandLen                                    bssCOMRAM     00030
_CommandPtr                                    bssCOMRAM     00031
_ConnMode                                      dataBANK0     000FF
_ConnectionTable                               bssBIGRAM     00350
_DELAY_ms                                      text76        02874
_DemoOutput_Channel                            text65        037AE
_DemoOutput_ChannelError                       text64        03C4C
_DemoOutput_Greeting                           text66        03AE6
_DemoOutput_UnicastFail                        text41        03BEA
_DemoOutput_UpdateTxRx                         text11        03C1C
_EECON2                                        (abs)         00FA7
_EEPROM_Read                                   text19        036AE
_END_DEVICES_Short_Address                     bssBANK3      00300
_Find_InActiveDevices                          text43        032B6
_Find_Index                                    text42        02D2C
_Forward_Packet_PANCr_to_EDy                   text38        02C00
_I2CTask                                       text83        03070
_I2CWrite                                      text74        03BC0
_IEEESeqNum                                    bssCOMRAM     00032
_INTCON                                        (abs)         00FF2
_INTCON2bits                                   (abs)         00FF1
_INTCON3bits                                   (abs)         00FF0
_INTCONbits                                    (abs)         00FF2
_InitMRF24J40                                  text49        021BA
_Initialize_Demo                               text16        02ACC
_LATA                                          (abs)         00F89
_LATAbits                                      (abs)         00F89
_LATB                                          (abs)         00F8A
_LATBbits                                      (abs)         00F8A
_LATCbits                                      (abs)         00F8B
_LATD                                          (abs)         00F8C
_LATDbits                                      (abs)         00F8C
_LATE                                          (abs)         00F8D
_LCDCommand                                    bssBANK0      000D1
_LCDDisplay                                    text67        03628
_LCDTRXCount                                   text12        036F0
_LCDText                                       bssBANK1      00140
_LCD_Erase                                     text75        03B5A
_LCD_Initialize                                text5         0366C
_LCD_Update                                    text73        03BAA
_LatestConnection                              bssBANK0      000DE
_MACCurrentChannel                             bssBANK0      000DF
_MACInitParams                                 bssBANK0      000D5
_MACRxPacket                                   bssCOMRAM     00025
_MAC_PANID                                     bssCOMRAM     0003A
_MRF24J40Status                                bssCOMRAM     00033
_MacroNop                                      text63        03C46
_MiApp_BroadcastConnectionTable                text35        01D9E
_MiApp_BroadcastPacket                         text14        03B06
_MiApp_ConnectionMode                          text60        03864
_MiApp_DiscardMessage                          text58        03C36
_MiApp_EstablishConnection                     text27        02504
_MiApp_MessageAvailable                        text28        03C2A
_MiApp_ProtocolInit                            text21        01FB4
_MiApp_RemoveConnection                        text44        02652
_MiApp_SetChannel                              text26        038D2
_MiApp_StartConnection                         text20        03364
_MiApp_UnicastAddress                          text40        03B22
_MiApp_UnicastConnection                       text39        0389E
_MiApp_UnicastStar                             text13        02DC0
_MiMAC_DiscardPacket                           text59        03B90
_MiMAC_Init                                    text25        0382A
_MiMAC_ReceivedPacket                          text34        01052
_MiMAC_SendPacket                              text46        01A6E
_MiMAC_SetAltAddress                           text48        0330E
_MiMAC_SetChannel                              text52        03730
_MiWi                                          mediumconst   0FDA7
_MiWi_TickGet                                  text47        034F8
_MyindexinPC                                   bssBANK0      000E0
_NVMInit                                       text23        02E4E
_NVMRead                                       text22        034AA
_NVMWrite                                      text61        02B66
_NVMalloc                                      text24        03932
_OSCCON                                        (abs)         00FD3
_P2PCapacityInfo                               bssBANK0      000E1
_P2PStatus                                     bssBANK0      000E2
_P2PTasks                                      text29        00190
_PHYGetLongRAMAddr                             text51        033B6
_PHYGetShortRAMAddr                            text50        03960
_PHYSetLongRAMAddr                             text54        0345A
_PHYSetShortRAMAddr                            text53        039E4
_PIE1bits                                      (abs)         00F9D
_PIE3bits                                      (abs)         00FA3
_PIR1bits                                      (abs)         00F9E
_PIR3bits                                      (abs)         00FA4
_PORTBbits                                     (abs)         00F81
_PPSCONbits                                    (abs)         00EFF
_PUSH_BUTTON_press_time                        bssBANK1      00100
_PUSH_BUTTON_pressed                           bssBANK0      000E3
_Process_RxMessage                             text9         03594
_RPINR1                                        (abs)         00EE7
_RPINR16                                       (abs)         00EF6
_RPOR17                                        (abs)         00ED7
_Read_MAC_Address                              text18        02FEA
_Run_Demo                                      text6         03C42
_RxBuffer                                      bssBANK2      00228
_RxNum                                         bssBANK0      000E4
_SPI1_Exchange8bit                             text62        03BFC
_SSP1BUF                                       (abs)         00FC9
_SSP1CON1                                      (abs)         00FC6
_SSP1CON1bits                                  (abs)         00FC6
_SSP1STAT                                      (abs)         00FC7
_SSP1STATbits                                  (abs)         00FC7
_SSP2ADD                                       (abs)         00F74
_SSP2BUF                                       (abs)         00F75
_SSP2CON1                                      (abs)         00F72
_SSP2CON2                                      (abs)         00F71
_SSP2CON2bits                                  (abs)         00F71
_SSP2STAT                                      (abs)         00F73
_STAR_DEMO_OPTIONS_MESSAGE                     text17        03AC6
_SW_Ack_SrED                                   text33        03902
_SYSTEM_Initialize                             text4         02F64
_SendPacket                                    text45        02A12
_Source_END_DEVICE_INFO                        text10        031DE
_T1CON                                         (abs)         00FCD
_T1CONbits                                     (abs)         00FCD
_T1GCON                                        (abs)         00F9A
_TMR0L                                         (abs)         00FD6
_TMR1                                          (abs)         00FCE
_TMR1H                                         (abs)         00FCF
_TMR1L                                         (abs)         00FCE
_TMR1_Initialize                               text2         03B76
_TMR1_StartTimer                               text3         03C3E
_TRISA                                         (abs)         00F92
_TRISAbits                                     (abs)         00F92
_TRISB                                         (abs)         00F93
_TRISBbits                                     (abs)         00F93
_TRISC                                         (abs)         00F94
_TRISCbits                                     (abs)         00F94
_TRISD                                         (abs)         00F95
_TRISDbits                                     (abs)         00F95
_TRISE                                         (abs)         00F96
_TextLen                                       bssCOMRAM     00034
_TextPtr                                       bssCOMRAM     00035
_Total_Connections                             text57        03546
_TxBuffer                                      bssBANK1      00118
_TxData                                        bssBANK0      000E5
_TxNum                                         bssBANK0      000E6
_TxSynCount                                    bssBANK0      000E7
_UserInterruptHandler                          text82        03BD6
_WDTCONbits                                    (abs)         00FC0
__CFG_CPUDIV$OSC2_PLL2                         (abs)         00000
__CFG_OSC$INTOSC                               (abs)         00000
__CFG_PLLDIV$2                                 (abs)         00000
__CFG_WDTEN$OFF                                (abs)         00000
__CFG_XINST$OFF                                (abs)         00000
__HRAM                                         (abs)         00000
__Habs1                                        abs1          00000
__Hbank0                                       bank0         00000
__Hbank1                                       bank1         00000
__Hbank10                                      bank10        00000
__Hbank11                                      bank11        00000
__Hbank12                                      bank12        00000
__Hbank13                                      bank13        00000
__Hbank14                                      bank14        00000
__Hbank2                                       bank2         00000
__Hbank3                                       bank3         00000
__Hbank4                                       bank4         00000
__Hbank5                                       bank5         00000
__Hbank6                                       bank6         00000
__Hbank7                                       bank7         00000
__Hbank8                                       bank8         00000
__Hbank9                                       bank9         00000
__Hbigbss                                      bigbss        00000
__Hbigdata                                     bigdata       00000
__Hbigram                                      bigram        00000
__Hbss                                         bss           00000
__HbssBANK0                                    bssBANK0      00000
__HbssBANK1                                    bssBANK1      00000
__HbssBANK2                                    bssBANK2      00000
__HbssBANK3                                    bssBANK3      00000
__HbssBIGRAM                                   bssBIGRAM     00000
__HbssCOMRAM                                   bssCOMRAM     00000
__Hcinit                                       cinit         00000
__Hclrtext                                     clrtext       00000
__Hcomram                                      comram        00000
__Hconfig                                      config        10000
__Hconst                                       const         00000
__HcstackBANK0                                 cstackBANK0   00000
__HcstackBANK1                                 cstackBANK1   00000
__HcstackCOMRAM                                cstackCOMRAM  00000
__Hdata                                        data          00000
__HdataBANK0                                   dataBANK0     00000
__HdataCOMRAM                                  dataCOMRAM    00000
__Hend_init                                    end_init      00190
__Hfarbss                                      farbss        00000
__Hfardata                                     fardata       00000
__Hibigdata                                    ibigdata      00000
__Hidata                                       idata         00000
__HidataBANK0                                  idataBANK0    00000
__HidataCOMRAM                                 idataCOMRAM   00000
__Hidloc                                       idloc         00000
__Hifardata                                    ifardata      00000
__Hinit                                        init          0018C
__Hintcode                                     intcode       0018C
__Hintcode_body                                intcode_body  00000
__Hintcodelo                                   intcodelo     0018C
__Hintentry                                    intentry      00000
__Hintret                                      intret        00000
__Hintsave_regs                                intsave_regs  00000
__Hirdata                                      irdata        00000
__Hjflash_buffer                               jflash_buffer 0F800
__Hmediumconst                                 mediumconst   0FFF8
__HnvFARRAM                                    nvFARRAM      00000
__Hnvbit                                       nvbit         00000
__Hnvrram                                      nvrram        00000
__Hparam                                       rparam        00000
__Hpowerup                                     powerup       0018C
__Hram                                         ram           00000
__Hramtop                                      ramtop        00F00
__Hrbit                                        rbit          00000
__Hrbss                                        rbss          00000
__Hrdata                                       rdata         00000
__Hreset_vec                                   reset_vec     00004
__Hrparam                                      rparam        00000
__Hsfr                                         sfr           00000
__Hsmallconst                                  smallconst    00000
__Hspace_0                                     (abs)         10000
__Hspace_1                                     (abs)         00468
__Hspace_2                                     (abs)         00000
__Hstack                                       stack         00000
__Hstruct                                      struct        00000
__Htemp                                        temp          00044
__Htext                                        text          00000
__Htext0                                       text0         00000
__Htext1                                       text1         00000
__Htext10                                      text10        00000
__Htext11                                      text11        00000
__Htext12                                      text12        00000
__Htext13                                      text13        00000
__Htext14                                      text14        00000
__Htext15                                      text15        00000
__Htext16                                      text16        00000
__Htext17                                      text17        00000
__Htext18                                      text18        00000
__Htext19                                      text19        00000
__Htext2                                       text2         00000
__Htext20                                      text20        00000
__Htext21                                      text21        00000
__Htext22                                      text22        00000
__Htext23                                      text23        00000
__Htext24                                      text24        00000
__Htext25                                      text25        00000
__Htext26                                      text26        00000
__Htext27                                      text27        00000
__Htext28                                      text28        00000
__Htext29                                      text29        00000
__Htext3                                       text3         00000
__Htext30                                      text30        00000
__Htext31                                      text31        00000
__Htext32                                      text32        00000
__Htext33                                      text33        00000
__Htext34                                      text34        00000
__Htext35                                      text35        00000
__Htext36                                      text36        00000
__Htext37                                      text37        00000
__Htext38                                      text38        00000
__Htext39                                      text39        00000
__Htext4                                       text4         00000
__Htext40                                      text40        00000
__Htext41                                      text41        00000
__Htext42                                      text42        00000
__Htext43                                      text43        00000
__Htext44                                      text44        00000
__Htext45                                      text45        00000
__Htext46                                      text46        00000
__Htext47                                      text47        00000
__Htext48                                      text48        00000
__Htext49                                      text49        00000
__Htext5                                       text5         00000
__Htext50                                      text50        00000
__Htext51                                      text51        00000
__Htext52                                      text52        00000
__Htext53                                      text53        00000
__Htext54                                      text54        00000
__Htext55                                      text55        00000
__Htext56                                      text56        00000
__Htext57                                      text57        00000
__Htext58                                      text58        00000
__Htext59                                      text59        00000
__Htext6                                       text6         00000
__Htext60                                      text60        00000
__Htext61                                      text61        00000
__Htext62                                      text62        00000
__Htext63                                      text63        00000
__Htext64                                      text64        00000
__Htext65                                      text65        00000
__Htext66                                      text66        00000
__Htext67                                      text67        00000
__Htext68                                      text68        00000
__Htext69                                      text69        00000
__Htext7                                       text7         00000
__Htext70                                      text70        00000
__Htext71                                      text71        00000
__Htext72                                      text72        00000
__Htext73                                      text73        00000
__Htext74                                      text74        00000
__Htext75                                      text75        00000
__Htext76                                      text76        00000
__Htext78                                      text78        00000
__Htext79                                      text79        00000
__Htext8                                       text8         00000
__Htext80                                      text80        00000
__Htext81                                      text81        00000
__Htext82                                      text82        00000
__Htext83                                      text83        00000
__Htext84                                      text84        00000
__Htext9                                       text9         00000
__LRAM                                         (abs)         00001
__Labs1                                        abs1          00000
__Lbank0                                       bank0         00000
__Lbank1                                       bank1         00000
__Lbank10                                      bank10        00000
__Lbank11                                      bank11        00000
__Lbank12                                      bank12        00000
__Lbank13                                      bank13        00000
__Lbank14                                      bank14        00000
__Lbank2                                       bank2         00000
__Lbank3                                       bank3         00000
__Lbank4                                       bank4         00000
__Lbank5                                       bank5         00000
__Lbank6                                       bank6         00000
__Lbank7                                       bank7         00000
__Lbank8                                       bank8         00000
__Lbank9                                       bank9         00000
__Lbigbss                                      bigbss        00000
__Lbigdata                                     bigdata       00000
__Lbigram                                      bigram        00000
__Lbss                                         bss           00000
__LbssBANK0                                    bssBANK0      00000
__LbssBANK1                                    bssBANK1      00000
__LbssBANK2                                    bssBANK2      00000
__LbssBANK3                                    bssBANK3      00000
__LbssBIGRAM                                   bssBIGRAM     00000
__LbssCOMRAM                                   bssCOMRAM     00000
__Lcinit                                       cinit         00000
__Lclrtext                                     clrtext       00000
__Lcomram                                      comram        00000
__Lconfig                                      config        0FFF8
__Lconst                                       const         00000
__LcstackBANK0                                 cstackBANK0   00000
__LcstackBANK1                                 cstackBANK1   00000
__LcstackCOMRAM                                cstackCOMRAM  00000
__Ldata                                        data          00000
__LdataBANK0                                   dataBANK0     00000
__LdataCOMRAM                                  dataCOMRAM    00000
__Lend_init                                    end_init      0018C
__Lfarbss                                      farbss        00000
__Lfardata                                     fardata       00000
__Libigdata                                    ibigdata      00000
__Lidata                                       idata         00000
__LidataBANK0                                  idataBANK0    00000
__LidataCOMRAM                                 idataCOMRAM   00000
__Lidloc                                       idloc         00000
__Lifardata                                    ifardata      00000
__Linit                                        init          0018C
__Lintcode                                     intcode       00008
__Lintcode_body                                intcode_body  00000
__Lintcodelo                                   intcodelo     0018C
__Lintentry                                    intentry      00000
__Lintret                                      intret        00000
__Lintsave_regs                                intsave_regs  00000
__Lirdata                                      irdata        00000
__Ljflash_buffer                               jflash_buffer 0F800
__Lmediumconst                                 mediumconst   0FDA6
__LnvFARRAM                                    nvFARRAM      00000
__Lnvbit                                       nvbit         00000
__Lnvrram                                      nvrram        00000
__Lparam                                       rparam        00000
__Lpowerup                                     powerup       0018C
__Lram                                         ram           00000
__Lramtop                                      ramtop        00F00
__Lrbit                                        rbit          00000
__Lrbss                                        rbss          00000
__Lrdata                                       rdata         00000
__Lreset_vec                                   reset_vec     00000
__Lrparam                                      rparam        00000
__Lsfr                                         sfr           00000
__Lsmallconst                                  smallconst    00000
__Lspace_0                                     (abs)         00000
__Lspace_1                                     (abs)         00000
__Lspace_2                                     (abs)         00000
__Lstack                                       stack         00000
__Lstruct                                      struct        00000
__Ltemp                                        temp          00043
__Ltext                                        text          00000
__Ltext0                                       text0         00000
__Ltext1                                       text1         00000
__Ltext10                                      text10        00000
__Ltext11                                      text11        00000
__Ltext12                                      text12        00000
__Ltext13                                      text13        00000
__Ltext14                                      text14        00000
__Ltext15                                      text15        00000
__Ltext16                                      text16        00000
__Ltext17                                      text17        00000
__Ltext18                                      text18        00000
__Ltext19                                      text19        00000
__Ltext2                                       text2         00000
__Ltext20                                      text20        00000
__Ltext21                                      text21        00000
__Ltext22                                      text22        00000
__Ltext23                                      text23        00000
__Ltext24                                      text24        00000
__Ltext25                                      text25        00000
__Ltext26                                      text26        00000
__Ltext27                                      text27        00000
__Ltext28                                      text28        00000
__Ltext29                                      text29        00000
__Ltext3                                       text3         00000
__Ltext30                                      text30        00000
__Ltext31                                      text31        00000
__Ltext32                                      text32        00000
__Ltext33                                      text33        00000
__Ltext34                                      text34        00000
__Ltext35                                      text35        00000
__Ltext36                                      text36        00000
__Ltext37                                      text37        00000
__Ltext38                                      text38        00000
__Ltext39                                      text39        00000
__Ltext4                                       text4         00000
__Ltext40                                      text40        00000
__Ltext41                                      text41        00000
__Ltext42                                      text42        00000
__Ltext43                                      text43        00000
__Ltext44                                      text44        00000
__Ltext45                                      text45        00000
__Ltext46                                      text46        00000
__Ltext47                                      text47        00000
__Ltext48                                      text48        00000
__Ltext49                                      text49        00000
__Ltext5                                       text5         00000
__Ltext50                                      text50        00000
__Ltext51                                      text51        00000
__Ltext52                                      text52        00000
__Ltext53                                      text53        00000
__Ltext54                                      text54        00000
__Ltext55                                      text55        00000
__Ltext56                                      text56        00000
__Ltext57                                      text57        00000
__Ltext58                                      text58        00000
__Ltext59                                      text59        00000
__Ltext6                                       text6         00000
__Ltext60                                      text60        00000
__Ltext61                                      text61        00000
__Ltext62                                      text62        00000
__Ltext63                                      text63        00000
__Ltext64                                      text64        00000
__Ltext65                                      text65        00000
__Ltext66                                      text66        00000
__Ltext67                                      text67        00000
__Ltext68                                      text68        00000
__Ltext69                                      text69        00000
__Ltext7                                       text7         00000
__Ltext70                                      text70        00000
__Ltext71                                      text71        00000
__Ltext72                                      text72        00000
__Ltext73                                      text73        00000
__Ltext74                                      text74        00000
__Ltext75                                      text75        00000
__Ltext76                                      text76        00000
__Ltext78                                      text78        00000
__Ltext79                                      text79        00000
__Ltext8                                       text8         00000
__Ltext80                                      text80        00000
__Ltext81                                      text81        00000
__Ltext82                                      text82        00000
__Ltext83                                      text83        00000
__Ltext84                                      text84        00000
__Ltext9                                       text9         00000
__S0                                           (abs)         10000
__S1                                           (abs)         00468
__S2                                           (abs)         00000
___awdiv                                       text37        030F4
___awdiv@counter                               cstackCOMRAM  00021
___awdiv@dividend                              cstackCOMRAM  0001D
___awdiv@divisor                               cstackCOMRAM  0001F
___awdiv@quotient                              cstackCOMRAM  00023
___awdiv@sign                                  cstackCOMRAM  00022
___awmod                                       text36        0324E
___awmod@counter                               cstackCOMRAM  00021
___awmod@dividend                              cstackCOMRAM  0001D
___awmod@divisor                               cstackCOMRAM  0001F
___awmod@sign                                  cstackCOMRAM  00022
___inthi_sp                                    stack         00000
___intlo_sp                                    stack         00000
___lbmod                                       text8         03A5A
___lbmod@counter                               cstackCOMRAM  0001F
___lbmod@dividend                              cstackCOMRAM  0001E
___lbmod@divisor                               cstackCOMRAM  0001D
___lbmod@rem                                   cstackCOMRAM  00020
___lwdiv                                       text72        035DE
___lwdiv@counter                               cstackCOMRAM  00021
___lwdiv@dividend                              cstackCOMRAM  0001D
___lwdiv@divisor                               cstackCOMRAM  0001F
___lwdiv@quotient                              cstackCOMRAM  00022
___lwmod                                       text71        037EC
___lwmod@counter                               cstackCOMRAM  00024
___lwmod@dividend                              cstackBANK0   00060
___lwmod@divisor                               cstackBANK0   00062
___param_bank                                  (abs)         00010
___rparam_used                                 (abs)         00001
___sp                                          stack         00000
___wmul                                        text70        03A80
___wmul@multiplicand                           cstackCOMRAM  0001F
___wmul@multiplier                             cstackCOMRAM  0001D
___wmul@product                                cstackCOMRAM  00021
__accesstop                                    (abs)         00060
__activetblptr                                 (abs)         00002
__end_of_AddConnection                         text55        02504
__end_of_ButtonPressed                         text15        02D2C
__end_of_DELAY_ms                              text76        02944
__end_of_DemoOutput_Channel                    text65        037EC
__end_of_DemoOutput_ChannelError               text64        03C4E
__end_of_DemoOutput_Greeting                   text66        03B06
__end_of_DemoOutput_UnicastFail                text41        03BFC
__end_of_DemoOutput_UpdateTxRx                 text11        03C2A
__end_of_EEPROM_Read                           text19        036F0
__end_of_Find_InActiveDevices                  text43        0330E
__end_of_Find_Index                            text42        02DC0
__end_of_Forward_Packet_PANCr_to_EDy           text38        02C98
__end_of_I2CTask                               text83        030F4
__end_of_I2CWrite                              text74        03BD6
__end_of_InitMRF24J40                          text49        023A6
__end_of_Initialize_Demo                       text16        02B66
__end_of_LCDDisplay                            text67        0366C
__end_of_LCDTRXCount                           text12        03730
__end_of_LCD_Erase                             text75        03B76
__end_of_LCD_Initialize                        text5         036AE
__end_of_LCD_Update                            text73        03BC0
__end_of_MacroNop                              text63        03C4A
__end_of_MiApp_BroadcastConnectionTable        text35        01FB4
__end_of_MiApp_BroadcastPacket                 text14        03B22
__end_of_MiApp_ConnectionMode                  text60        0389E
__end_of_MiApp_DiscardMessage                  text58        03C3E
__end_of_MiApp_EstablishConnection             text27        02652
__end_of_MiApp_MessageAvailable                text28        03C36
__end_of_MiApp_ProtocolInit                    text21        021BA
__end_of_MiApp_RemoveConnection                text44        02798
__end_of_MiApp_SetChannel                      text26        03902
__end_of_MiApp_StartConnection                 text20        033B6
__end_of_MiApp_UnicastAddress                  text40        03B3E
__end_of_MiApp_UnicastConnection               text39        038D2
__end_of_MiApp_UnicastStar                     text13        02E4E
__end_of_MiMAC_DiscardPacket                   text59        03BAA
__end_of_MiMAC_Init                            text25        03864
__end_of_MiMAC_ReceivedPacket                  text34        01580
__end_of_MiMAC_SendPacket                      text46        01D9E
__end_of_MiMAC_SetAltAddress                   text48        03364
__end_of_MiMAC_SetChannel                      text52        03770
__end_of_MiWi                                  mediumconst   0FE25
__end_of_MiWi_TickGet                          text47        03546
__end_of_NVMInit                               text23        02EDC
__end_of_NVMRead                               text22        034F8
__end_of_NVMWrite                              text61        02C00
__end_of_NVMalloc                              text24        03960
__end_of_P2PTasks                              text29        0092A
__end_of_PHYGetLongRAMAddr                     text51        03408
__end_of_PHYGetShortRAMAddr                    text50        0398C
__end_of_PHYSetLongRAMAddr                     text54        034AA
__end_of_PHYSetShortRAMAddr                    text53        03A0C
__end_of_Process_RxMessage                     text9         035DE
__end_of_Read_MAC_Address                      text18        03070
__end_of_Run_Demo                              text6         03C46
__end_of_SPI1_Exchange8bit                     text62        03C0C
__end_of_STAR_DEMO_OPTIONS_MESSAGE             text17        03AE6
__end_of_SW_Ack_SrED                           text33        03932
__end_of_SYSTEM_Initialize                     text4         02FEA
__end_of_SendPacket                            text45        02ACC
__end_of_Source_END_DEVICE_INFO                text10        0324E
__end_of_TMR1_Initialize                       text2         03B90
__end_of_TMR1_StartTimer                       text3         03C42
__end_of_Total_Connections                     text57        03594
__end_of_UserInterruptHandler                  text82        03BEA
__end_of___awdiv                               text37        0316C
__end_of___awmod                               text36        032B6
__end_of___lbmod                               text8         03A80
__end_of___lwdiv                               text72        03628
__end_of___lwmod                               text71        0382A
__end_of___wmul                                text70        03AA6
__end_of__initialization                       cinit         02F56
__end_of_dpowers                               mediumconst   0FE3B
__end_of_freezer_feature                       text1         03A5A
__end_of_handle_lost_connection                text31        031DE
__end_of_hexpowers                             mediumconst   0FE43
__end_of_high_isr                              intcode       0018C
__end_of_isSameAddress                         text56        039B8
__end_of_isdigit                               text69        03B5A
__end_of_main                                  text0         03AC6
__end_of_octpowers                             mediumconst   0FE31
__end_of_run_star_demo                         text7         01A6E
__end_of_send_link_status                      text32        037AE
__end_of_sprintf                               text68        01052
__end_of_store_connection_tb                   text30        02874
__end_ofi2_DELAY_ms                            text84        02A12
__end_ofi2_PHYGetLongRAMAddr                   text80        0345A
__end_ofi2_PHYGetShortRAMAddr                  text79        039E4
__end_ofi2_PHYSetShortRAMAddr                  text78        03A34
__end_ofi2_SPI1_Exchange8bit                   text81        03C1C
__initialization                               cinit         02EDC
__mediumconst                                  mediumconst   0FDA6
__pbssBANK0                                    bssBANK0      000C7
__pbssBANK1                                    bssBANK1      00100
__pbssBANK2                                    bssBANK2      00200
__pbssBANK3                                    bssBANK3      00300
__pbssBIGRAM                                   bssBIGRAM     00350
__pbssCOMRAM                                   bssCOMRAM     00025
__pcinit                                       cinit         02EDC
__pcstackBANK0                                 cstackBANK0   00060
__pcstackBANK1                                 cstackBANK1   00169
__pcstackCOMRAM                                cstackCOMRAM  00001
__pdataBANK0                                   dataBANK0     000FE
__pdataCOMRAM                                  dataCOMRAM    00042
__pidataBANK0                                  idataBANK0    03C4A
__pidataCOMRAM                                 idataCOMRAM   03C4E
__pintcode                                     intcode       00008
__pmediumconst                                 mediumconst   0FDA6
__ptext0                                       text0         03AA6
__ptext1                                       text1         03A34
__ptext10                                      text10        031DE
__ptext11                                      text11        03C1C
__ptext12                                      text12        036F0
__ptext13                                      text13        02DC0
__ptext14                                      text14        03B06
__ptext15                                      text15        02C98
__ptext16                                      text16        02ACC
__ptext17                                      text17        03AC6
__ptext18                                      text18        02FEA
__ptext19                                      text19        036AE
__ptext2                                       text2         03B76
__ptext20                                      text20        03364
__ptext21                                      text21        01FB4
__ptext22                                      text22        034AA
__ptext23                                      text23        02E4E
__ptext24                                      text24        03932
__ptext25                                      text25        0382A
__ptext26                                      text26        038D2
__ptext27                                      text27        02504
__ptext28                                      text28        03C2A
__ptext29                                      text29        00190
__ptext3                                       text3         03C3E
__ptext30                                      text30        02798
__ptext31                                      text31        0316C
__ptext32                                      text32        03770
__ptext33                                      text33        03902
__ptext34                                      text34        01052
__ptext35                                      text35        01D9E
__ptext36                                      text36        0324E
__ptext37                                      text37        030F4
__ptext38                                      text38        02C00
__ptext39                                      text39        0389E
__ptext4                                       text4         02F64
__ptext40                                      text40        03B22
__ptext41                                      text41        03BEA
__ptext42                                      text42        02D2C
__ptext43                                      text43        032B6
__ptext44                                      text44        02652
__ptext45                                      text45        02A12
__ptext46                                      text46        01A6E
__ptext47                                      text47        034F8
__ptext48                                      text48        0330E
__ptext49                                      text49        021BA
__ptext5                                       text5         0366C
__ptext50                                      text50        03960
__ptext51                                      text51        033B6
__ptext52                                      text52        03730
__ptext53                                      text53        039E4
__ptext54                                      text54        0345A
__ptext55                                      text55        023A6
__ptext56                                      text56        0398C
__ptext57                                      text57        03546
__ptext58                                      text58        03C36
__ptext59                                      text59        03B90
__ptext6                                       text6         03C42
__ptext60                                      text60        03864
__ptext61                                      text61        02B66
__ptext62                                      text62        03BFC
__ptext63                                      text63        03C46
[...]
Total ram usage:       14 bytes
 Hardware stack levels used:    1
 Hardware stack levels required when called:    4
 This function calls:
		Nothing
 This function is called by:
		_LCD_Initialize
		_LCDDisplay
		_DemoOutput_Greeting
		_DemoOutput_Channel
		_Source_END_DEVICE_INFO
		_Process_RxMessage
		_run_star_demo
 This function uses a non-reentrant model


 *************** function _high_isr *****************
 Defined at:
		line 1852 in file "../../../../../framework/driver/mrf_miwi/src/drv_mrf_miwi_24j40.c"
 Parameters:    Size  Location     Type
		None
 Auto vars:     Size  Location     Type
  results         1   23[COMRAM] struct _DRIVER_UINT8_UNI
  RxBank          1   26[COMRAM] unsigned char 
  flags           2   24[COMRAM] struct .
  i               1   27[COMRAM] unsigned char 
 Return value:  Size  Location     Type
                  1    wreg      void 
 Registers used:
		wreg, fsr2l, fsr2h, status,2, status,0, prodl, prodh, cstack
 Tracked objects:
		On entry : 
		On exit  : 
		Unchanged: 
 Data sizes:     COMRAM   BANK0   BANK1   BANK2   BANK3   BANK4   BANK5   BANK6   BANK7   BANK8   BANK9  BANK10  BANK11  BANK12  BANK13  BANK14
      Params:         0       0       0       0       0       0       0       0       0       0       0       0       0       0       0       0
      Locals:         5       0       0       0       0       0       0       0       0       0       0       0       0       0       0       0
      Temps:          9       0       0       0       0       0       0       0       0       0       0       0       0       0       0       0
      Totals:        14       0       0       0       0       0       0       0       0       0       0       0       0       0       0       0
Total ram usage:       14 bytes
 Hardware stack levels used:    1
 Hardware stack levels required when called:    3
 This function calls:
		_UserInterruptHandler
		i2_PHYGetLongRAMAddr
		i2_PHYGetShortRAMAddr
		i2_PHYSetShortRAMAddr
 This function is called by:
		Interrupt level 2
 This function uses a non-reentrant model


 *************** function i2_PHYSetShortRAMAddr *****************
 Defined at:
		line 124 in file "../../../../../framework/driver/mrf_miwi/src/drv_mrf_miwi_24j40.c"
 Parameters:    Size  Location     Type
  address         1    wreg     unsigned char 
  value           1    1[COMRAM] unsigned char 
 Auto vars:     Size  Location     Type
  address         1    2[COMRAM] unsigned char 
  PHYSetShortR    1    3[COMRAM] volatile unsigned char 
 Return value:  Size  Location     Type
                  1    wreg      void 
 Registers used:
		wreg, status,2, cstack
 Tracked objects:
		On entry : 
		On exit  : 
		Unchanged: 
 Data sizes:     COMRAM   BANK0   BANK1   BANK2   BANK3   BANK4   BANK5   BANK6   BANK7   BANK8   BANK9  BANK10  BANK11  BANK12  BANK13  BANK14
      Params:         1       0       0       0       0       0       0       0       0       0       0       0       0       0       0       0
      Locals:         2       0       0       0       0       0       0       0       0       0       0       0       0       0       0       0
      Temps:          0       0       0       0       0       0       0       0       0       0       0       0       0       0       0       0
      Totals:         3       0       0       0       0       0       0       0       0       0       0       0       0       0       0       0
Total ram usage:        3 bytes
 Hardware stack levels used:    1
 Hardware stack levels required when called:    1
 This function calls:
		i2_SPI1_Exchange8bit
 This function is called by:
		_high_isr
 This function uses a non-reentrant model


 *************** function i2_PHYGetShortRAMAddr *****************
 Defined at:
		line 154 in file "../../../../../framework/driver/mrf_miwi/src/drv_mrf_miwi_24j40.c"
 Parameters:    Size  Location     Type
  address         1    wreg     unsigned char 
 Auto vars:     Size  Location     Type
  address         1    1[COMRAM] unsigned char 
  PHYGetShortR    1    3[COMRAM] volatile unsigned char 
  PHYGetShortR    1    2[COMRAM] unsigned char 
 Return value:  Size  Location     Type
                  1    wreg      unsigned char 
 Registers used:
		wreg, status,2, cstack
 Tracked objects:
		On entry : 
		On exit  : 
		Unchanged: 
 Data sizes:     COMRAM   BANK0   BANK1   BANK2   BANK3   BANK4   BANK5   BANK6   BANK7   BANK8   BANK9  BANK10  BANK11  BANK12  BANK13  BANK14
      Params:         0       0       0       0       0       0       0       0       0       0       0       0       0       0       0       0
      Locals:         3       0       0       0       0       0       0       0       0       0       0       0       0       0       0       0
      Temps:          0       0       0       0       0       0       0       0       0       0       0       0       0       0       0       0
      Totals:         3       0       0       0       0       0       0       0       0       0       0       0       0       0       0       0
Total ram usage:        3 bytes
 Hardware stack levels used:    1
 Hardware stack levels required when called:    1
 This function calls:
		i2_SPI1_Exchange8bit
 This function is called by:
		_high_isr
 This function uses a non-reentrant model


 *************** function i2_PHYGetLongRAMAddr *****************
 Defined at:
		line 185 in file "../../../../../framework/driver/mrf_miwi/src/drv_mrf_miwi_24j40.c"
 Parameters:    Size  Location     Type
  address         2    1[COMRAM] unsigned int 
 Auto vars:     Size  Location     Type
  PHYGetLongRA    1    6[COMRAM] volatile unsigned char 
  PHYGetLongRA    1    5[COMRAM] unsigned char 
 Return value:  Size  Location     Type
                  1    wreg      unsigned char 
 Registers used:
		wreg, status,2, status,0, cstack
 Tracked objects:
		On entry : 
		On exit  : 
		Unchanged: 
 Data sizes:     COMRAM   BANK0   BANK1   BANK2   BANK3   BANK4   BANK5   BANK6   BANK7   BANK8   BANK9  BANK10  BANK11  BANK12  BANK13  BANK14
      Params:         2       0       0       0       0       0       0       0       0       0       0       0       0       0       0       0
      Locals:         2       0       0       0       0       0       0       0       0       0       0       0       0       0       0       0
      Temps:          2       0       0       0       0       0       0       0       0       0       0       0       0       0       0       0
      Totals:         6       0       0       0       0       0       0       0       0       0       0       0       0       0       0       0
Total ram usage:        6 bytes
 Hardware stack levels used:    1
 Hardware stack levels required when called:    1
 This function calls:
		i2_SPI1_Exchange8bit
 This function is called by:
		_high_isr
 This function uses a non-reentrant model


 *************** function i2_SPI1_Exchange8bit *****************
 Defined at:
		line 52 in file "../src/system_config/8bitwdk_pic18f46j50_24j40/spi.c"
 Parameters:    Size  Location     Type
  data            1    wreg     unsigned char 
 Auto vars:     Size  Location     Type
  data            1    0[COMRAM] unsigned char 
 Return value:  Size  Location     Type
                  1    wreg      unsigned char 
 Registers used:
		wreg, status,2
 Tracked objects:
		On entry : 
		On exit  : 
		Unchanged: 
 Data sizes:     COMRAM   BANK0   BANK1   BANK2   BANK3   BANK4   BANK5   BANK6   BANK7   BANK8   BANK9  BANK10  BANK11  BANK12  BANK13  BANK14
      Params:         0       0       0       0       0       0       0       0       0       0       0       0       0       0       0       0
      Locals:         1       0       0       0       0       0       0       0       0       0       0       0       0       0       0       0
      Temps:          0       0       0       0       0       0       0       0       0       0       0       0       0       0       0       0
      Totals:         1       0       0       0       0       0       0       0       0       0       0       0       0       0       0       0
Total ram usage:        1 bytes
 Hardware stack levels used:    1
 This function calls:
		Nothing
 This function is called by:
		i2_PHYSetShortRAMAddr
		i2_PHYGetShortRAMAddr
		i2_PHYGetLongRAMAddr
 This function uses a non-reentrant model


 *************** function _UserInterruptHandler *****************
 Defined at:
		line 346 in file "../src/system_config/8bitwdk_pic18f46j50_24j40/lcd.c"
 Parameters:    Size  Location     Type
		None
 Auto vars:     Size  Location     Type
		None
 Return value:  Size  Location     Type
                  1    wreg      void 
 Registers used:
		wreg, fsr2l, fsr2h, status,2, status,0, prodl, prodh, cstack
 Tracked objects:
		On entry : 
		On exit  : 
		Unchanged: 
 Data sizes:     COMRAM   BANK0   BANK1   BANK2   BANK3   BANK4   BANK5   BANK6   BANK7   BANK8   BANK9  BANK10  BANK11  BANK12  BANK13  BANK14
      Params:         0       0       0       0       0       0       0       0       0       0       0       0       0       0       0       0
      Locals:         0       0       0       0       0       0       0       0       0       0       0       0       0       0       0       0
      Temps:          0       0       0       0       0       0       0       0       0       0       0       0       0       0       0       0
      Totals:         0       0       0       0       0       0       0       0       0       0       0       0       0       0       0       0
Total ram usage:        0 bytes
 Hardware stack levels used:    1
 Hardware stack levels required when called:    2
 This function calls:
		_I2CTask
		i2_DELAY_ms
 This function is called by:
		_high_isr
 This function uses a non-reentrant model


 *************** function _I2CTask *****************
 Defined at:
		line 66 in file "../src/system_config/8bitwdk_pic18f46j50_24j40/lcd.c"
 Parameters:    Size  Location     Type
		None
 Auto vars:     Size  Location     Type
		None
 Return value:  Size  Location     Type
                  1    wreg      void 
 Registers used:
		wreg, fsr2l, fsr2h, status,2, status,0, prodl, prodh, cstack
 Tracked objects:
		On entry : 
		On exit  : 
		Unchanged: 
 Data sizes:     COMRAM   BANK0   BANK1   BANK2   BANK3   BANK4   BANK5   BANK6   BANK7   BANK8   BANK9  BANK10  BANK11  BANK12  BANK13  BANK14
      Params:         0       0       0       0       0       0       0       0       0       0       0       0       0       0       0       0
      Locals:         0       0       0       0       0       0       0       0       0       0       0       0       0       0       0       0
      Temps:          0       0       0       0       0       0       0       0       0       0       0       0       0       0       0       0
      Totals:         0       0       0       0       0       0       0       0       0       0       0       0       0       0       0       0
Total ram usage:        0 bytes
 Hardware stack levels used:    1
 Hardware stack levels required when called:    1
 This function calls:
		i2_DELAY_ms
 This function is called by:
		_UserInterruptHandler
 This function uses a non-reentrant model


 *************** function i2_DELAY_ms *****************
 Defined at:
		line 108 in file "../src/system_config/8bitwdk_pic18f46j50_24j40/delay.c"
 Parameters:    Size  Location     Type
  ms              2    0[COMRAM] unsigned int 
 Auto vars:     Size  Location     Type
  DELAY_ms        4   10[COMRAM] long 
 Return value:  Size  Location     Type
                  1    wreg      void 
 Registers used:
		wreg, status,2, status,0, prodl, prodh
 Tracked objects:
		On entry : 
		On exit  : 
		Unchanged: 
 Data sizes:     COMRAM   BANK0   BANK1   BANK2   BANK3   BANK4   BANK5   BANK6   BANK7   BANK8   BANK9  BANK10  BANK11  BANK12  BANK13  BANK14
      Params:         2       0       0       0       0       0       0       0       0       0       0       0       0       0       0       0
      Locals:         4       0       0       0       0       0       0       0       0       0       0       0       0       0       0       0
      Temps:          8       0       0       0       0       0       0       0       0       0       0       0       0       0       0       0
      Totals:        14       0       0       0       0       0       0       0       0       0       0       0       0       0       0       0
Total ram usage:       14 bytes
 Hardware stack levels used:    1
 This function calls:
		Nothing
 This function is called by:
		_I2CTask
		_UserInterruptHandler
 This function uses a non-reentrant model



MODULE INFORMATION

Module		Function		Class		Link	Load	Size
../src/star_demo.c
		_run_star_demo 		CODE           	1580	0000	1263
		_Process_RxMessage		CODE           	3594	0000	75

../src/star_demo.c estimated size: 1338

C:\Program Files (x86)\Microchip\xc8\v1.37\sources\common\doprnt.c
		_sprintf       		CODE           	092A	0000	1833

C:\Program Files (x86)\Microchip\xc8\v1.37\sources\common\doprnt.c estimated size: 1833

../src/task.c
		_Initialize_Demo		CODE           	2ACC	0000	155
		_freezer_feature		CODE           	3A34	0000	39
		_Run_Demo      		CODE           	3C42	0000	5

../src/task.c estimated size: 199

../../../../../framework/miwi/src/miwi_nvm.c
		_NVMWrite      		CODE           	2B66	0000	155
		_NVMInit       		CODE           	2E4E	0000	143
		_NVMalloc      		CODE           	3932	0000	47
		_NVMRead       		CODE           	34AA	0000	79

../../../../../framework/miwi/src/miwi_nvm.c estimated size: 424

C:\Program Files (x86)\Microchip\xc8\v1.37\sources\common\Umul16.c
		___wmul        		CODE           	3A80	0000	39

C:\Program Files (x86)\Microchip\xc8\v1.37\sources\common\Umul16.c estimated size: 39

../../../../../framework/driver/mrf_miwi/src/drv_mrf_miwi_24j40.c
		_PHYGetLongRAMAddr		CODE           	33B6	0000	83
		_PHYSetLongRAMAddr		CODE           	345A	0000	81
		_PHYGetShortRAMAddr		CODE           	3960	0000	45
		_PHYSetShortRAMAddr		CODE           	39E4	0000	41
		_InitMRF24J40  		CODE           	21BA	0000	493
		_MiMAC_ReceivedPacket		CODE           	1052	0000	1327
		_MiMAC_DiscardPacket		CODE           	3B90	0000	27
		_high_isr      		CODE           	0008	0000	389
		_MiMAC_SetChannel		CODE           	3730	0000	65
		_MiMAC_Init    		CODE           	382A	0000	59
		_MiMAC_SendPacket		CODE           	1A6E	0000	817
		_MiMAC_SetAltAddress		CODE           	330E	0000	87

../../../../../framework/driver/mrf_miwi/src/drv_mrf_miwi_24j40.c estimated size: 3514

C:\Program Files (x86)\Microchip\xc8\v1.37\sources\common\lwdiv.c
		___lwdiv       		CODE           	35DE	0000	75

C:\Program Files (x86)\Microchip\xc8\v1.37\sources\common\lwdiv.c estimated size: 75

C:\Program Files (x86)\Microchip\xc8\v1.37\sources\common\awdiv.c
		___awdiv       		CODE           	30F4	0000	121

C:\Program Files (x86)\Microchip\xc8\v1.37\sources\common\awdiv.c estimated size: 121

../src/system_config/8bitwdk_pic18f46j50_24j40/spi.c
		_SPI1_Exchange8bit		CODE           	3BFC	0000	17

../src/system_config/8bitwdk_pic18f46j50_24j40/spi.c estimated size: 17

C:\Program Files (x86)\Microchip\xc8\v1.37\sources\common\isdigit.c
		_isdigit       		CODE           	3B3E	0000	29

C:\Program Files (x86)\Microchip\xc8\v1.37\sources\common\isdigit.c estimated size: 29

C:\Program Files (x86)\Microchip\xc8\v1.37\sources\common\lbmod.c
		___lbmod       		CODE           	3A5A	0000	39

C:\Program Files (x86)\Microchip\xc8\v1.37\sources\common\lbmod.c estimated size: 39

../src/system_config/8bitwdk_pic18f46j50_24j40/system.c
		_SYSTEM_Initialize		CODE           	2F64	0000	135

../src/system_config/8bitwdk_pic18f46j50_24j40/system.c estimated size: 135

../../../../../framework/miwi/src/miwi_p2p.c
		_MiApp_EstablishConnection		CODE           	2504	0000	335
		_Find_InActiveDevices		CODE           	32B6	0000	89
		_MiApp_RemoveConnection		CODE           	2652	0000	327
		_MiApp_ProtocolInit		CODE           	1FB4	0000	519
		_MiApp_UnicastAddress		CODE           	3B22	0000	29
		_MiApp_StartConnection		CODE           	3364	0000	83
		_MiApp_BroadcastConnectionTable		CODE           	1D9E	0000	535
		_MiApp_UnicastStar		CODE           	2DC0	0000	143
		_MacroNop      		CODE           	3C46	0000	5
		_MiApp_BroadcastPacket		CODE           	3B06	0000	29
		_store_connection_tb		CODE           	2798	0000	221
		_Total_Connections		CODE           	3546	0000	79
		_P2PTasks      		CODE           	0190	0000	1947
		_Find_Index    		CODE           	2D2C	0000	149
		_handle_lost_connection		CODE           	316C	0000	115
		_MiApp_UnicastConnection		CODE           	389E	0000	53
		_SendPacket    		CODE           	2A12	0000	187
		_Forward_Packet_PANCr_to_EDy		CODE           	2C00	0000	153
		_SW_Ack_SrED   		CODE           	3902	0000	49
		_AddConnection 		CODE           	23A6	0000	351
		_send_link_status		CODE           	3770	0000	63
		_MiApp_SetChannel		CODE           	38D2	0000	49
		_MiApp_DiscardMessage		CODE           	3C36	0000	9
		_MiApp_MessageAvailable		CODE           	3C2A	0000	13
		_isSameAddress 		CODE           	398C	0000	45
		_MiApp_ConnectionMode		CODE           	3864	0000	59

../../../../../framework/miwi/src/miwi_p2p.c estimated size: 5636

../src/system_config/8bitwdk_pic18f46j50_24j40/lcd.c
		_LCD_Erase     		CODE           	3B5A	0000	29
		_LCD_Initialize		CODE           	366C	0000	67
		_LCD_Update    		CODE           	3BAA	0000	23
		_UserInterruptHandler		CODE           	3BD6	0000	21
		_LCDDisplay    		CODE           	3628	0000	69
		_I2CWrite      		CODE           	3BC0	0000	23
		_I2CTask       		CODE           	3070	0000	133
		_LCDTRXCount   		CODE           	36F0	0000	65

../src/system_config/8bitwdk_pic18f46j50_24j40/lcd.c estimated size: 430

shared
		i2_SPI1_Exchange8bit		CODE           	3C0C	0000	17
		i2_DELAY_ms    		CODE           	2944	0000	207
		_dpowers       		MEDIUMCONST    	FE31	0000	11
		i2_PHYGetShortRAMAddr		CODE           	39B8	0000	45
		i2_PHYGetLongRAMAddr		CODE           	3408	0000	83
		i2_PHYSetShortRAMAddr		CODE           	3A0C	0000	41
		__initialization		CODE           	2EDC	0000	123
		_octpowers     		MEDIUMCONST    	FE25	0000	13
		_hexpowers     		MEDIUMCONST    	FE3B	0000	9
		_MiWi          		MEDIUMCONST    	FDA7	0000	127

shared estimated size: 676

../src/system_config/8bitwdk_pic18f46j50_24j40/delay.c
		_DELAY_ms      		CODE           	2874	0000	209

../src/system_config/8bitwdk_pic18f46j50_24j40/delay.c estimated size: 209

../src/demo_ouput.c
		_DemoOutput_UnicastFail		CODE           	3BEA	0000	19
		_ButtonPressed 		CODE           	2C98	0000	149
		_STAR_DEMO_OPTIONS_MESSAGE		CODE           	3AC6	0000	33
		_DemoOutput_ChannelError		CODE           	3C4C	0000	3
		_DemoOutput_Channel		CODE           	37AE	0000	63
		_DemoOutput_UpdateTxRx		CODE           	3C1C	0000	15
		_Source_END_DEVICE_INFO		CODE           	31DE	0000	113
		_DemoOutput_Greeting		CODE           	3AE6	0000	33

../src/demo_ouput.c estimated size: 428

../src/main.c
		_main          		CODE           	3AA6	0000	33

../src/main.c estimated size: 33

../src/system_config/8bitwdk_pic18f46j50_24j40/eeprom.c
		_EEPROM_Read   		CODE           	36AE	0000	67
		_Read_MAC_Address		CODE           	2FEA	0000	135

../src/system_config/8bitwdk_pic18f46j50_24j40/eeprom.c estimated size: 202

C:\Program Files (x86)\Microchip\xc8\v1.37\sources\common\lwmod.c
		___lwmod       		CODE           	37EC	0000	63

C:\Program Files (x86)\Microchip\xc8\v1.37\sources\common\lwmod.c estimated size: 63

../src/system_config/8bitwdk_pic18f46j50_24j40/symbol.c
		_TMR1_Initialize		CODE           	3B76	0000	27
		_MiWi_TickGet  		CODE           	34F8	0000	79
		_TMR1_StartTimer		CODE           	3C3E	0000	5

../src/system_config/8bitwdk_pic18f46j50_24j40/symbol.c estimated size: 111

C:\Program Files (x86)\Microchip\xc8\v1.37\sources\common\awmod.c
		___awmod       		CODE           	324E	0000	105

C:\Program Files (x86)\Microchip\xc8\v1.37\sources\common\awmod.c estimated size: 105

